
Map of Release\firmware_v01.sm8 from link file Release\firmware_v01.lkf - Tue May 21 16:20:19 2024


                               --------
                               Segments
                               --------

start 00008080 end 00008095 length    21 segment .const
start 000080b3 end 00009d22 length  7279 segment .text
start 00001000 end 00001000 length     0 segment .eeprom
start 00000000 end 00000016 length    22 segment .bsct, initialized
start 0000809d end 000080b3 length    22 segment .bsct, from
start 00000016 end 00000020 length    10 segment .ubsct
start 00000020 end 00000020 length     0 segment .bit
start 00000020 end 00000020 length     0 segment .share
start 00000100 end 00000100 length     0 segment .data
start 00000100 end 00000100 length     0 segment .bss
start 00000000 end 00000b38 length  2872 segment .info.
start 00008000 end 00008080 length   128 segment .const
start 00008095 end 0000809d length     8 segment .init


                               -------
                               Modules
                               -------

C:\Program Files (x86)\COSMIC\FSE_Compilers\CXSTM8\Lib\crtsi0.sm8:
start 000080b3 end 00008103 length    80 section .text
start 00000100 end 00000100 length     0 section .bss
start 00000016 end 00000016 length     0 section .ubsct
start 00000000 end 00000033 length    51 section .info.

Release\main.o:
start 00008103 end 00008351 length   590 section .text
start 00000000 end 00000012 length    18 section .bsct
start 00000033 end 000000bb length   136 section .info.
start 00008080 end 00008084 length     4 section .const

Release\stm8l15x_it.o:
start 00008351 end 00008514 length   451 section .text
start 00000012 end 00000016 length     4 section .bsct
start 000000bb end 0000014a length   143 section .info.

Release\stm8l15x_clk.o:
start 00008514 end 00008766 length   594 section .text
start 0000014a end 000001da length   144 section .info.
start 00008084 end 00008089 length     5 section .const

Release\stm8l15x_comp.o:
start ******** end ******** length     0 section .text *** removed ***
start 000001da end 0000026b length   145 section .info.

Release\stm8l15x_exti.o:
start 00008766 end 000089f3 length   653 section .text
start 0000026b end 000002fc length   145 section .info.

Release\stm8l15x_flash.o:
start 000089f3 end 00008ba4 length   433 section .text
start 000002fc end 0000038e length   146 section .info.

Release\stm8l15x_gpio.o:
start 00008ba4 end 00008c40 length   156 section .text
start 0000038e end 0000041f length   145 section .info.

Release\stm8l15x_i2c.o:
start 00008c40 end 00009011 length   977 section .text
start 0000041f end 000004af length   144 section .info.
start 00008089 end 00008095 length    12 section .const

Release\stm8l15x_iwdg.o:
start ******** end ******** length     0 section .text *** removed ***
start 000004af end 00000540 length   145 section .info.

Release\stm8l15x_tim2.o:
start 00009011 end 0000950e length  1277 section .text
start 00000540 end 000005d1 length   145 section .info.

Release\stm8l15x_tim3.o:
start 0000950e end 0000999a length  1164 section .text
start 000005d1 end 00000662 length   145 section .info.

Release\stm8l15x_tim4.o:
start 0000999a end 00009a5a length   192 section .text
start 00000662 end 000006f3 length   145 section .info.

(C:\Program Files (x86)\COSMIC\FSE_Compilers\CXSTM8\Lib\libm0.sm8)cmulx.o:
start 00009a5a end 00009a6e length    20 section .text
start 000006f3 end 00000722 length    47 section .info.

(C:\Program Files (x86)\COSMIC\FSE_Compilers\CXSTM8\Lib\libm0.sm8)ladd.o:
start 00009a6e end 00009a86 length    24 section .text
start 00000722 end 00000750 length    46 section .info.

(C:\Program Files (x86)\COSMIC\FSE_Compilers\CXSTM8\Lib\libm0.sm8)lcmp.o:
start 00009a86 end 00009aa6 length    32 section .text
start 00000750 end 0000077e length    46 section .info.

(C:\Program Files (x86)\COSMIC\FSE_Compilers\CXSTM8\Lib\libm0.sm8)lgadd.o:
start 00009aa6 end 00009abd length    23 section .text
start 0000077e end 000007ad length    47 section .info.

(C:\Program Files (x86)\COSMIC\FSE_Compilers\CXSTM8\Lib\libm0.sm8)lmul.o:
start 00009abd end 00009b48 length   139 section .text
start 000007ad end 000007db length    46 section .info.

(C:\Program Files (x86)\COSMIC\FSE_Compilers\CXSTM8\Lib\libm0.sm8)lreg.o:
start 00000016 end 0000001a length     4 section .ubsct
start 000007db end 00000809 length    46 section .info.

(C:\Program Files (x86)\COSMIC\FSE_Compilers\CXSTM8\Lib\libm0.sm8)ltor.o:
start 00009b48 end 00009b5a length    18 section .text
start 00000809 end 00000837 length    46 section .info.

(C:\Program Files (x86)\COSMIC\FSE_Compilers\CXSTM8\Lib\libm0.sm8)ludiv.o:
start 00009b5a end 00009b6e length    20 section .text
start 00000837 end 00000866 length    47 section .info.

(C:\Program Files (x86)\COSMIC\FSE_Compilers\CXSTM8\Lib\libm0.sm8)ldiv.o:
start 00009b6e end 00009c59 length   235 section .text
start 00000866 end 00000894 length    46 section .info.

(C:\Program Files (x86)\COSMIC\FSE_Compilers\CXSTM8\Lib\libm0.sm8)lgneg.o:
start 00009c59 end 00009c6c length    19 section .text
start 00000894 end 000008c3 length    47 section .info.

(C:\Program Files (x86)\COSMIC\FSE_Compilers\CXSTM8\Lib\libm0.sm8)lneg.o:
start 00009c6c end 00009c81 length    21 section .text
start 000008c3 end 000008f1 length    46 section .info.

(C:\Program Files (x86)\COSMIC\FSE_Compilers\CXSTM8\Lib\libm0.sm8)lzmp.o:
start 00009c81 end 00009c94 length    19 section .text
start 000008f1 end 0000091f length    46 section .info.

(C:\Program Files (x86)\COSMIC\FSE_Compilers\CXSTM8\Lib\libm0.sm8)rtol.o:
start 00009c94 end 00009ca6 length    18 section .text
start 0000091f end 0000094d length    46 section .info.

(C:\Program Files (x86)\COSMIC\FSE_Compilers\CXSTM8\Lib\libm0.sm8)sdivx.o:
start 00009ca6 end 00009cd1 length    43 section .text
start 0000094d end 0000097c length    47 section .info.

(C:\Program Files (x86)\COSMIC\FSE_Compilers\CXSTM8\Lib\libm0.sm8)smul.o:
start 00009cd1 end 00009d10 length    63 section .text
start 0000097c end 000009aa length    46 section .info.

(C:\Program Files (x86)\COSMIC\FSE_Compilers\CXSTM8\Lib\libm0.sm8)utol.o:
start 00009d10 end 00009d1b length    11 section .text
start 000009aa end 000009d8 length    46 section .info.

(C:\Program Files (x86)\COSMIC\FSE_Compilers\CXSTM8\Lib\libm0.sm8)utolx.o:
start 00009d1b end 00009d22 length     7 section .text
start 000009d8 end 00000a07 length    47 section .info.

(C:\Program Files (x86)\COSMIC\FSE_Compilers\CXSTM8\Lib\libm0.sm8)xreg.o:
start 0000001a end 0000001d length     3 section .ubsct
start 00000a07 end 00000a35 length    46 section .info.

(C:\Program Files (x86)\COSMIC\FSE_Compilers\CXSTM8\Lib\libm0.sm8)yreg.o:
start 0000001d end 00000020 length     3 section .ubsct
start 00000a35 end 00000a63 length    46 section .info.

Release\stm8_interrupt_vector.o:
start 00000a63 end 00000afc length   153 section .info.
start 00008000 end 00008080 length   128 section .const


                             -----------
                             Stack usage
                             -----------

Release\main.o:
_EEPROM_ReadByte                             >    6   (4)
_EEPROM_WriteByte                            >   10   (7)
_changeAddress                               >   54   (3)
_delay                                            4   (4)
_initializeCLK                                    7   (2)
_initializeGPIO                                   8   (2)
_initializeI2C                                   53   (2)
_initializeTimers                                 8   (2)
_main                                        >   55   (2)
_pulseTransmitter                                 8   (3)
_setOpAmp                                         8   (2)

Release\stm8l15x_clk.o:
_CLK_ClearFlag                               >    2   (2)
_CLK_ClearITPendingBit                       >    2   (2)
_CLK_DeInit                                  >    2   (2)
_CLK_GetClockFreq                                25   (11)
_CLK_GetFlagStatus                                5   (5)
_CLK_GetITStatus                             >    4   (4)
_CLK_GetSYSCLKSource                         >    2   (2)
_CLK_HSICmd                                       2   (2)
_CLK_ITConfig                                >    4   (4)
_CLK_MainRegulatorCmd                        >    2   (2)
_CLK_PeripheralClockConfig                        5   (5)
_CLK_RTCClockConfig                          >    4   (4)
_CLK_SYSCLKDivConfig                              2   (2)
_CLK_SYSCLKSourceConfig                           2   (2)
_CLK_SYSCLKSourceSwitchCmd                   >    2   (2)

Release\stm8l15x_exti.o:
_EXTI_ClearITPendingBit                           6   (6)
_EXTI_DeInit                                      2   (2)
_EXTI_GetITStatus                            >    5   (5)
_EXTI_GetPinSensitivity                      >    3   (3)
_EXTI_GetPortSensitivity                     >    4   (4)
_EXTI_SelectPort                             >    3   (3)
_EXTI_SetHalfPortSelection                   >    4   (4)
_EXTI_SetPinSensitivity                           4   (4)
_EXTI_SetPortSensitivity                     >    4   (4)

Release\stm8l15x_flash.o:
_FLASH_DeInit                                >    2   (2)
_FLASH_EraseBlock                            >   13   (11)
_FLASH_EraseByte                             >    6   (6)
_FLASH_EraseOptionByte                       >    7   (2)
_FLASH_GetBootSize                           >    4   (4)
_FLASH_GetCodeSize                           >    4   (4)
_FLASH_GetFlagStatus                         >    3   (3)
_FLASH_GetPowerStatus                        >    2   (2)
_FLASH_GetProgrammingTime                    >    2   (2)
_FLASH_GetReadOutProtectionStatus            >    3   (3)
_FLASH_ITConfig                              >    2   (2)
_FLASH_Lock                                       2   (2)
_FLASH_PowerRunModeConfig                    >    2   (2)
_FLASH_PowerWaitModeConfig                   >    2   (2)
_FLASH_ProgramBlock                          >   16   (14)
_FLASH_ProgramByte                           >    7   (7)
_FLASH_ProgramOptionByte                     >   10   (5)
_FLASH_ProgramWord                           >   10   (10)
_FLASH_ReadByte                              >    6   (6)
_FLASH_SetProgrammingTime                    >    2   (2)
_FLASH_Unlock                                     3   (3)
_FLASH_WaitForLastOperation                       5   (5)

Release\stm8l15x_gpio.o:
_GPIO_DeInit                                 >    2   (2)
_GPIO_ExternalPullUpConfig                   >    6   (6)
_GPIO_Init                                        6   (6)
_GPIO_ReadInputData                          >    2   (2)
_GPIO_ReadInputDataBit                       >    5   (5)
_GPIO_ReadOutputData                         >    2   (2)
_GPIO_ReadOutputDataBit                      >    5   (5)
_GPIO_ResetBits                                   5   (5)
_GPIO_SetBits                                     5   (5)
_GPIO_ToggleBits                             >    5   (5)
_GPIO_Write                                  >    5   (5)
_GPIO_WriteBit                               >    6   (6)

Release\stm8l15x_i2c.o:
_I2C_ARPCmd                                  >    5   (5)
_I2C_AckPositionConfig                       >    5   (5)
_I2C_AcknowledgeConfig                       >    5   (5)
_I2C_CalculatePEC                            >    5   (5)
_I2C_CheckEvent                              >   12   (12)
_I2C_ClearFlag                               >    8   (8)
_I2C_ClearITPendingBit                       >    8   (8)
_I2C_Cmd                                          5   (5)
_I2C_DMACmd                                  >    5   (5)
_I2C_DMALastTransferCmd                      >    5   (5)
_I2C_DeInit                                       2   (2)
_I2C_DualAddressCmd                          >    5   (5)
_I2C_FastModeDutyCycleConfig                 >    5   (5)
_I2C_GeneralCallCmd                          >    5   (5)
_I2C_GenerateSTART                           >    5   (5)
_I2C_GenerateSTOP                            >    5   (5)
_I2C_GetFlagStatus                           >    8   (8)
_I2C_GetITStatus                             >   10   (10)
_I2C_GetLastEvent                                10   (10)
_I2C_GetPEC                                  >    2   (2)
_I2C_ITConfig                                     7   (7)
_I2C_Init                                        51   (26)
_I2C_OwnAddress2Config                       >    6   (6)
_I2C_PECPositionConfig                       >    5   (5)
_I2C_ReadRegister                                 9   (9)
_I2C_ReceiveData                                  2   (2)
_I2C_SMBusAlertConfig                        >    5   (5)
_I2C_Send7bitAddress                         >    6   (6)
_I2C_SendData                                     5   (5)
_I2C_SoftwareResetCmd                        >    5   (5)
_I2C_StretchClockCmd                         >    5   (5)
_I2C_TransmitPEC                             >    5   (5)

Release\stm8l15x_it.o:
f_EXTI3_IRQHandler                           >   18   (12)
f_EXTI5_IRQHandler                           >   22   (16)
f_EXTI6_IRQHandler                           >   20   (12)
f_FLASH_IRQHandler                           >    6   (6)
f_I2C1_SPI2_IRQHandler                       >   26   (16)
f_NonHandledInterrupt                        >    6   (6)
f_TIM2_UPD_OVF_TRG_BRK_USART2_TX_IRQHandler  >   20   (12)
f_TIM3_UPD_OVF_TRG_BRK_USART3_TX_IRQHandler  >   14   (12)
f_TIM4_UPD_OVF_TRG_IRQHandler                >   22   (16)
f_TRAP_IRQHandler                            >    6   (6)

Release\stm8l15x_tim2.o:
_TIM2_ARRPreloadConfig                       >    2   (2)
_TIM2_ClearFlag                                   4   (4)
_TIM2_ClearITPendingBit                           2   (2)
_TIM2_Cmd                                         2   (2)
_TIM2_CtrlPWMOutputs                         >    2   (2)
_TIM2_DMACmd                                 >    4   (4)
_TIM2_DeInit                                      2   (2)
_TIM2_ETRClockMode1Config                    >   10   (5)
_TIM2_ETRClockMode2Config                    >   10   (5)
_TIM2_ETRConfig                                   5   (5)
_TIM2_EncoderInterfaceConfig                 >    8   (8)
_TIM2_ForcedOC1Config                        >    4   (4)
_TIM2_ForcedOC2Config                        >    4   (4)
_TIM2_GenerateEvent                          >    2   (2)
_TIM2_GetCapture1                            >    6   (6)
_TIM2_GetCapture2                            >    6   (6)
_TIM2_GetCounter                                  6   (6)
_TIM2_GetFlagStatus                          >    6   (6)
_TIM2_GetITStatus                            >    5   (5)
_TIM2_GetPrescaler                           >    2   (2)
_TIM2_ICInit                                 >   14   (7)
_TIM2_ITConfig                                    4   (4)
_TIM2_InternalClockConfig                    >    2   (2)
_TIM2_OC1Init                                >    9   (9)
_TIM2_OC2Init                                >    9   (9)
_TIM2_PWMIConfig                             >   16   (9)
_TIM2_PrescalerConfig                        >    2   (2)
_TIM2_SelectCCDMA                            >    2   (2)
_TIM2_SelectHallSensor                       >    2   (2)
_TIM2_SelectInputTrigger                          4   (4)
_TIM2_SelectMasterSlaveMode                  >    2   (2)
_TIM2_SelectOCxM                             >    4   (4)
_TIM2_SelectOutputTrigger                    >    4   (4)
_TIM2_SelectSlaveMode                        >    4   (4)
_TIM2_SetAutoreload                          >    2   (2)
_TIM2_SetCompare1                            >    2   (2)
_TIM2_SetCompare2                            >    2   (2)
_TIM2_SetCounter                                  2   (2)
_TIM2_SetIC1Prescaler                             4   (4)
_TIM2_SetIC2Prescaler                             4   (4)
_TIM2_TIxExternalClockConfig                 >   12   (5)
_TIM2_TimeBaseInit                                6   (6)

Release\stm8l15x_tim3.o:
L3_TI1_Config                                     7   (7)
L5_TI2_Config                                     7   (7)
_TIM3_ARRPreloadConfig                       >    2   (2)
_TIM3_ClearFlag                                   4   (4)
_TIM3_ClearITPendingBit                           2   (2)
_TIM3_Cmd                                    >    2   (2)
_TIM3_CtrlPWMOutputs                         >    2   (2)
_TIM3_DMACmd                                 >    4   (4)
_TIM3_DeInit                                      2   (2)
_TIM3_ETRClockMode1Config                    >   10   (5)
_TIM3_ETRClockMode2Config                    >   10   (5)
_TIM3_ETRConfig                                   5   (5)
_TIM3_ForcedOC1Config                        >    4   (4)
_TIM3_ForcedOC2Config                        >    4   (4)
_TIM3_GenerateEvent                          >    2   (2)
_TIM3_GetCapture1                            >    6   (6)
_TIM3_GetCapture2                            >    6   (6)
_TIM3_GetCounter                             >    6   (6)
_TIM3_GetFlagStatus                          >    6   (6)
_TIM3_GetITStatus                            >    5   (5)
_TIM3_GetPrescaler                           >    2   (2)
_TIM3_ICInit                                 >   14   (7)
_TIM3_ITConfig                                    4   (4)
_TIM3_InternalClockConfig                    >    2   (2)
_TIM3_OC1Init                                >    9   (9)
_TIM3_OC2Init                                >    9   (9)
_TIM3_PWMIConfig                             >   16   (9)
_TIM3_PrescalerConfig                        >    2   (2)
_TIM3_SelectCCDMA                            >    2   (2)
_TIM3_SelectInputTrigger                          4   (4)
_TIM3_SelectMasterSlaveMode                  >    2   (2)
_TIM3_SelectOCxM                             >    4   (4)
_TIM3_SelectOutputTrigger                    >    4   (4)
_TIM3_SelectSlaveMode                        >    4   (4)
_TIM3_SetAutoreload                          >    2   (2)
_TIM3_SetCompare1                            >    2   (2)
_TIM3_SetCompare2                            >    2   (2)
_TIM3_SetCounter                             >    2   (2)
_TIM3_SetIC1Prescaler                             4   (4)
_TIM3_SetIC2Prescaler                             4   (4)
_TIM3_TIxExternalClockConfig                 >   12   (5)
_TIM3_TimeBaseInit                                6   (6)

Release\stm8l15x_tim4.o:
_TIM4_ARRPreloadConfig                       >    2   (2)
_TIM4_ClearFlag                                   2   (2)
_TIM4_ClearITPendingBit                           2   (2)
_TIM4_Cmd                                         2   (2)
_TIM4_DeInit                                      2   (2)
_TIM4_GenerateEvent                          >    2   (2)
_TIM4_GetCounter                             >    3   (3)
_TIM4_GetFlagStatus                          >    3   (3)
_TIM4_GetITStatus                            >    5   (5)
_TIM4_GetPrescaler                           >    2   (2)
_TIM4_ITConfig                                    4   (4)
_TIM4_InternalClockConfig                    >    2   (2)
_TIM4_PrescalerConfig                        >    2   (2)
_TIM4_SetAutoreload                          >    2   (2)
_TIM4_SetCounter                                  2   (2)
_TIM4_TimeBaseInit                                2   (2)

Stack size: 81


                              ---------
                              Call tree
                              ---------
   1 > _CLK_ClearFlag: (2)

   2 > _CLK_ClearITPendingBit: (2)

   3 > _CLK_DeInit: (2)

   4 > _CLK_GetITStatus: (4)

   5 > _CLK_GetSYSCLKSource: (2)

   6 > _CLK_ITConfig: (4)

   7 > _CLK_MainRegulatorCmd: (2)

   8 > _CLK_RTCClockConfig: (4)

   9 > _CLK_SYSCLKSourceSwitchCmd: (2)

  10 > _EEPROM_ReadByte: (4)

  11 > _EEPROM_WriteByte: (7)
  12      + _FLASH_Lock: (2)
  13      + _FLASH_Unlock: (3)
       
  14 > _EXTI_GetITStatus: (5)

  15 > _EXTI_GetPinSensitivity: (3)

  16 > _EXTI_GetPortSensitivity: (4)

  17 > _EXTI_SelectPort: (3)

  18 > _EXTI_SetHalfPortSelection: (4)

  19 > _EXTI_SetPortSensitivity: (4)

  20 > _FLASH_DeInit: (2)

  21 > _FLASH_EraseBlock: (11)

  22 > _FLASH_EraseByte: (6)

  23 > _FLASH_EraseOptionByte: (2)
  24      + _FLASH_WaitForLastOperation: (5)
       
  25 > _FLASH_GetBootSize: (4)

  26 > _FLASH_GetCodeSize: (4)

  27 > _FLASH_GetFlagStatus: (3)

  28 > _FLASH_GetPowerStatus: (2)

  29 > _FLASH_GetProgrammingTime: (2)

  30 > _FLASH_GetReadOutProtectionStatus: (3)

  31 > _FLASH_ITConfig: (2)

  32 > _FLASH_PowerRunModeConfig: (2)

  33 > _FLASH_PowerWaitModeConfig: (2)

  34 > _FLASH_ProgramBlock: (14)

  35 > _FLASH_ProgramByte: (7)

  36 > _FLASH_ProgramOptionByte: (5)
  37      + _FLASH_WaitForLastOperation --> 24
       
  38 > _FLASH_ProgramWord: (10)

  39 > _FLASH_ReadByte: (6)

  40 > _FLASH_SetProgrammingTime: (2)

  41 > _GPIO_DeInit: (2)

  42 > _GPIO_ExternalPullUpConfig: (6)

  43 > _GPIO_ReadInputData: (2)

  44 > _GPIO_ReadInputDataBit: (5)

  45 > _GPIO_ReadOutputData: (2)

  46 > _GPIO_ReadOutputDataBit: (5)

  47 > _GPIO_ToggleBits: (5)

  48 > _GPIO_Write: (5)

  49 > _GPIO_WriteBit: (6)

  50 > _I2C_ARPCmd: (5)

  51 > _I2C_AckPositionConfig: (5)

  52 > _I2C_AcknowledgeConfig: (5)

  53 > _I2C_CalculatePEC: (5)

  54 > _I2C_CheckEvent: (12)

  55 > _I2C_ClearFlag: (8)

  56 > _I2C_ClearITPendingBit: (8)

  57 > _I2C_DMACmd: (5)

  58 > _I2C_DMALastTransferCmd: (5)

  59 > _I2C_DualAddressCmd: (5)

  60 > _I2C_FastModeDutyCycleConfig: (5)

  61 > _I2C_GeneralCallCmd: (5)

  62 > _I2C_GenerateSTART: (5)

  63 > _I2C_GenerateSTOP: (5)

  64 > _I2C_GetFlagStatus: (8)

  65 > _I2C_GetITStatus: (10)

  66 > _I2C_GetPEC: (2)

  67 > _I2C_OwnAddress2Config: (6)

  68 > _I2C_PECPositionConfig: (5)

  69 > _I2C_SMBusAlertConfig: (5)

  70 > _I2C_Send7bitAddress: (6)

  71 > _I2C_SoftwareResetCmd: (5)

  72 > _I2C_StretchClockCmd: (5)

  73 > _I2C_TransmitPEC: (5)

  74 > _TIM2_ARRPreloadConfig: (2)

  75 > _TIM2_CtrlPWMOutputs: (2)

  76 > _TIM2_DMACmd: (4)

  77 > _TIM2_ETRClockMode1Config: (5)
  78      + _TIM2_ETRConfig: (5)
       
  79 > _TIM2_ETRClockMode2Config: (5)
  80      + _TIM2_ETRConfig --> 78
       
  81 > _TIM2_EncoderInterfaceConfig: (8)

  82 > _TIM2_ForcedOC1Config: (4)

  83 > _TIM2_ForcedOC2Config: (4)

  84 > _TIM2_GenerateEvent: (2)

  85 > _TIM2_GetCapture1: (6)

  86 > _TIM2_GetCapture2: (6)

  87 > _TIM2_GetFlagStatus: (6)

  88 > _TIM2_GetITStatus: (5)

  89 > _TIM2_GetPrescaler: (2)

  90 > _TIM2_ICInit: (7)
  91      + L3_TI1_Config: (7)
  92      + L5_TI2_Config: (7)
  93      + _TIM2_SetIC1Prescaler: (4)
  94      + _TIM2_SetIC2Prescaler: (4)
       
  95 > _TIM2_InternalClockConfig: (2)

  96 > _TIM2_OC1Init: (9)

  97 > _TIM2_OC2Init: (9)

  98 > _TIM2_PWMIConfig: (9)
  99      + L3_TI1_Config --> 91
 100      + L5_TI2_Config --> 92
 101      + _TIM2_SetIC1Prescaler --> 93
 102      + _TIM2_SetIC2Prescaler --> 94
       
 103 > _TIM2_PrescalerConfig: (2)

 104 > _TIM2_SelectCCDMA: (2)

 105 > _TIM2_SelectHallSensor: (2)

 106 > _TIM2_SelectMasterSlaveMode: (2)

 107 > _TIM2_SelectOCxM: (4)

 108 > _TIM2_SelectOutputTrigger: (4)

 109 > _TIM2_SelectSlaveMode: (4)

 110 > _TIM2_SetAutoreload: (2)

 111 > _TIM2_SetCompare1: (2)

 112 > _TIM2_SetCompare2: (2)

 113 > _TIM2_TIxExternalClockConfig: (5)
 114      + L3_TI1_Config --> 91
 115      + L5_TI2_Config --> 92
 116      + _TIM2_SelectInputTrigger: (4)
       
 117 > _TIM3_ARRPreloadConfig: (2)

 118 > _TIM3_Cmd: (2)

 119 > _TIM3_CtrlPWMOutputs: (2)

 120 > _TIM3_DMACmd: (4)

 121 > _TIM3_ETRClockMode1Config: (5)
 122      + _TIM3_ETRConfig: (5)
       
 123 > _TIM3_ETRClockMode2Config: (5)
 124      + _TIM3_ETRConfig --> 122
       
 125 > _TIM3_ForcedOC1Config: (4)

 126 > _TIM3_ForcedOC2Config: (4)

 127 > _TIM3_GenerateEvent: (2)

 128 > _TIM3_GetCapture1: (6)

 129 > _TIM3_GetCapture2: (6)

 130 > _TIM3_GetCounter: (6)

 131 > _TIM3_GetFlagStatus: (6)

 132 > _TIM3_GetITStatus: (5)

 133 > _TIM3_GetPrescaler: (2)

 134 > _TIM3_ICInit: (7)
 135      + L3_TI1_Config --> 91
 136      + L5_TI2_Config --> 92
 137      + _TIM3_SetIC1Prescaler: (4)
 138      + _TIM3_SetIC2Prescaler: (4)
       
 139 > _TIM3_InternalClockConfig: (2)

 140 > _TIM3_OC1Init: (9)

 141 > _TIM3_OC2Init: (9)

 142 > _TIM3_PWMIConfig: (9)
 143      + L3_TI1_Config --> 91
 144      + L5_TI2_Config --> 92
 145      + _TIM3_SetIC1Prescaler --> 137
 146      + _TIM3_SetIC2Prescaler --> 138
       
 147 > _TIM3_PrescalerConfig: (2)

 148 > _TIM3_SelectCCDMA: (2)

 149 > _TIM3_SelectMasterSlaveMode: (2)

 150 > _TIM3_SelectOCxM: (4)

 151 > _TIM3_SelectOutputTrigger: (4)

 152 > _TIM3_SelectSlaveMode: (4)

 153 > _TIM3_SetAutoreload: (2)

 154 > _TIM3_SetCompare1: (2)

 155 > _TIM3_SetCompare2: (2)

 156 > _TIM3_SetCounter: (2)

 157 > _TIM3_TIxExternalClockConfig: (5)
 158      + L3_TI1_Config --> 91
 159      + L5_TI2_Config --> 92
 160      + _TIM3_SelectInputTrigger: (4)
       
 161 > _TIM4_ARRPreloadConfig: (2)

 162 > _TIM4_GenerateEvent: (2)

 163 > _TIM4_GetCounter: (3)

 164 > _TIM4_GetFlagStatus: (3)

 165 > _TIM4_GetITStatus: (5)

 166 > _TIM4_GetPrescaler: (2)

 167 > _TIM4_InternalClockConfig: (2)

 168 > _TIM4_PrescalerConfig: (2)

 169 > _TIM4_SetAutoreload: (2)

 170 > __stext: (0)

 171 > _changeAddress: (3)
 172      + _I2C_Cmd: (5)
 173      + _I2C_DeInit: (2)
 174      + _I2C_ITConfig: (7)
 175      + _I2C_Init: (26)
 176      |    + _CLK_GetClockFreq: (11)
          | 
       
 177 > _main: (2)
 178      + _TIM2_Cmd: (2)
 179      + _TIM2_GetCounter: (6)
 180      + _TIM4_Cmd: (2)
 181      + _initializeCLK: (2)
 182      |    + _CLK_GetFlagStatus: (5)
 183      |    + _CLK_HSICmd: (2)
 184      |    + _CLK_SYSCLKDivConfig: (2)
 185      |    + _CLK_SYSCLKSourceConfig: (2)
          | 
 186      + _initializeGPIO: (2)
 187      |    + _EXTI_DeInit: (2)
 188      |    + _EXTI_SetPinSensitivity: (4)
 189      |    + _GPIO_Init: (6)
          | 
 190      + _initializeI2C: (2)
 191      |    + _CLK_PeripheralClockConfig: (5)
 192      |    + _I2C_Cmd --> 172
 193      |    + _I2C_DeInit --> 173
 194      |    + _I2C_ITConfig --> 174
 195      |    + _I2C_Init --> 175
          | 
 196      + _initializeTimers: (2)
 197      |    + _CLK_PeripheralClockConfig --> 191
 198      |    + _TIM2_ClearFlag: (4)
 199      |    + _TIM2_DeInit: (2)
 200      |    + _TIM2_ITConfig: (4)
 201      |    + _TIM2_TimeBaseInit: (6)
 202      |    + _TIM3_ClearFlag: (4)
 203      |    + _TIM3_DeInit: (2)
 204      |    + _TIM3_ITConfig: (4)
 205      |    + _TIM3_TimeBaseInit: (6)
 206      |    + _TIM4_ClearFlag: (2)
 207      |    + _TIM4_DeInit: (2)
 208      |    + _TIM4_ITConfig: (4)
 209      |    + _TIM4_TimeBaseInit: (2)
          | 
 210      + _pulseTransmitter: (3)
 211      |    + _GPIO_ResetBits: (5)
 212      |    + _GPIO_SetBits: (5)
 213      |    + _TIM2_Cmd --> 178
 214      |    + _TIM2_SetCounter: (2)
 215      |    + _TIM4_Cmd --> 180
 216      |    + _TIM4_SetCounter: (2)
 217      |    + _delay: (4)
          | 
 218      + _setOpAmp: (2)
 219      |    + _GPIO_Init --> 189
 220      |    + _GPIO_ResetBits --> 211
 221      |    + _GPIO_SetBits --> 212
          | 
       
 222 > f_EXTI3_IRQHandler: (12)
 223      + _EXTI_ClearITPendingBit: (6)
 224      + _TIM4_Cmd --> 180
 225      + _TIM4_SetCounter --> 216
       
 226 > f_EXTI5_IRQHandler: (16)
 227      + _EXTI_ClearITPendingBit --> 223
       
 228 > f_EXTI6_IRQHandler: (12)
 229      + _EXTI_ClearITPendingBit --> 223
 230      + _setOpAmp --> 218
       
 231 > f_FLASH_IRQHandler: (6)

 232 > f_I2C1_SPI2_IRQHandler: (16)
 233      + _I2C_GetLastEvent: (10)
 234      + _I2C_ReadRegister: (9)
 235      + _I2C_ReceiveData: (2)
 236      + _I2C_SendData: (5)
       
 237 > f_NonHandledInterrupt: (6)

 238 > f_TIM2_UPD_OVF_TRG_BRK_USART2_TX_IRQHandler: (12)
 239      + _TIM2_ClearITPendingBit: (2)
 240      + _TIM2_Cmd --> 178
 241      + _setOpAmp --> 218
       
 242 > f_TIM3_UPD_OVF_TRG_BRK_USART3_TX_IRQHandler: (12)
 243      + _TIM3_ClearITPendingBit: (2)
       
 244 > f_TIM4_UPD_OVF_TRG_IRQHandler: (16)
 245      + _GPIO_Init --> 189
 246      + _TIM4_ClearITPendingBit: (2)
 247      + _TIM4_Cmd --> 180
       
 248 > f_TRAP_IRQHandler: (6)

 249   L3_TI1_Config --> 91

 250   L5_TI2_Config --> 92

 251   _CLK_GetClockFreq --> 176

 252   _CLK_GetFlagStatus --> 182

 253   _CLK_HSICmd --> 183

 254   _CLK_PeripheralClockConfig --> 191

 255   _CLK_SYSCLKDivConfig --> 184

 256   _CLK_SYSCLKSourceConfig --> 185

 257   _EXTI_ClearITPendingBit --> 223

 258   _EXTI_DeInit --> 187

 259   _EXTI_SetPinSensitivity --> 188

 260   _FLASH_Lock --> 12

 261   _FLASH_Unlock --> 13

 262   _FLASH_WaitForLastOperation --> 24

 263   _GPIO_Init --> 189

 264   _GPIO_ResetBits --> 211

 265   _GPIO_SetBits --> 212

 266   _I2C_Cmd --> 172

 267   _I2C_DeInit --> 173

 268   _I2C_GetLastEvent --> 233

 269   _I2C_ITConfig --> 174

 270   _I2C_Init --> 175

 271   _I2C_ReadRegister --> 234

 272   _I2C_ReceiveData --> 235

 273   _I2C_SendData --> 236

 274   _TIM2_ClearFlag --> 198

 275   _TIM2_ClearITPendingBit --> 239

 276   _TIM2_Cmd --> 178

 277   _TIM2_DeInit --> 199

 278   _TIM2_ETRConfig --> 78

 279   _TIM2_GetCounter --> 179

 280   _TIM2_ITConfig --> 200

 281   _TIM2_SelectInputTrigger --> 116

 282   _TIM2_SetCounter --> 214

 283   _TIM2_SetIC1Prescaler --> 93

 284   _TIM2_SetIC2Prescaler --> 94

 285   _TIM2_TimeBaseInit --> 201

 286   _TIM3_ClearFlag --> 202

 287   _TIM3_ClearITPendingBit --> 243

 288   _TIM3_DeInit --> 203

 289   _TIM3_ETRConfig --> 122

 290   _TIM3_ITConfig --> 204

 291   _TIM3_SelectInputTrigger --> 160

 292   _TIM3_SetIC1Prescaler --> 137

 293   _TIM3_SetIC2Prescaler --> 138

 294   _TIM3_TimeBaseInit --> 205

 295   _TIM4_ClearFlag --> 206

 296   _TIM4_ClearITPendingBit --> 246

 297   _TIM4_Cmd --> 180

 298   _TIM4_DeInit --> 207

 299   _TIM4_ITConfig --> 208

 300   _TIM4_SetCounter --> 216

 301   _TIM4_TimeBaseInit --> 209

 302   _delay --> 217

 303   _initializeCLK --> 181

 304   _initializeGPIO --> 186

 305   _initializeI2C --> 190

 306   _initializeTimers --> 196

 307   _pulseTransmitter --> 210

 308   _setOpAmp --> 218



                               -------
                               Symbols
                               -------

_CLK_ClearFlag                                00008729   defined in Release\stm8l15x_clk.o section .text
_CLK_ClearITPendingBit                        00008756   defined in Release\stm8l15x_clk.o section .text
_CLK_DeInit                                   00008514   defined in Release\stm8l15x_clk.o section .text
_CLK_GetClockFreq                             0000856a   defined in Release\stm8l15x_clk.o section .text
                                                         used in Release\stm8l15x_i2c.o
_CLK_GetFlagStatus                            000086ba   defined in Release\stm8l15x_clk.o section .text
                                                         used in Release\main.o
_CLK_GetITStatus                              0000872e   defined in Release\stm8l15x_clk.o section .text
_CLK_GetSYSCLKSource                          00008566   defined in Release\stm8l15x_clk.o section .text
_CLK_HSICmd                                   00008555   defined in Release\stm8l15x_clk.o section .text
                                                         used in Release\main.o
_CLK_ITConfig                                 0000867c   defined in Release\stm8l15x_clk.o section .text
_CLK_MainRegulatorCmd                         0000866f   defined in Release\stm8l15x_clk.o section .text
_CLK_PeripheralClockConfig                    000085e4   defined in Release\stm8l15x_clk.o section .text
                                                         used in Release\main.o
_CLK_RTCClockConfig                           000085db   defined in Release\stm8l15x_clk.o section .text
_CLK_SYSCLKDivConfig                          000085ca   defined in Release\stm8l15x_clk.o section .text
                                                         used in Release\main.o
_CLK_SYSCLKSourceConfig                       00008562   defined in Release\stm8l15x_clk.o section .text
                                                         used in Release\main.o
_CLK_SYSCLKSourceSwitchCmd                    000085ce   defined in Release\stm8l15x_clk.o section .text
_COMP_ClearFlag                               ********   *** removed from Release\stm8l15x_comp.o ***
_COMP_ClearITPendingBit                       ********   *** removed from Release\stm8l15x_comp.o ***
_COMP_DeInit                                  ********   *** removed from Release\stm8l15x_comp.o ***
_COMP_EdgeConfig                              ********   *** removed from Release\stm8l15x_comp.o ***
_COMP_GetFlagStatus                           ********   *** removed from Release\stm8l15x_comp.o ***
_COMP_GetITStatus                             ********   *** removed from Release\stm8l15x_comp.o ***
_COMP_GetOutputLevel                          ********   *** removed from Release\stm8l15x_comp.o ***
_COMP_ITConfig                                ********   *** removed from Release\stm8l15x_comp.o ***
_COMP_Init                                    ********   *** removed from Release\stm8l15x_comp.o ***
_COMP_SchmittTriggerCmd                       ********   *** removed from Release\stm8l15x_comp.o ***
_COMP_TriggerConfig                           ********   *** removed from Release\stm8l15x_comp.o ***
_COMP_VrefintOutputCmd                        ********   *** removed from Release\stm8l15x_comp.o ***
_COMP_VrefintToCOMP1Connect                   ********   *** removed from Release\stm8l15x_comp.o ***
_COMP_WindowCmd                               ********   *** removed from Release\stm8l15x_comp.o ***
_EEPROM_ReadByte                              0000833c   defined in Release\main.o section .text
_EEPROM_WriteByte                             00008319   defined in Release\main.o section .text
_EXTI_ClearITPendingBit                       000089d8   defined in Release\stm8l15x_exti.o section .text
                                                         used in Release\stm8l15x_it.o
_EXTI_DeInit                                  00008766   defined in Release\stm8l15x_exti.o section .text
                                                         used in Release\main.o
_EXTI_GetITStatus                             000089bf   defined in Release\stm8l15x_exti.o section .text
_EXTI_GetPinSensitivity                       00008940   defined in Release\stm8l15x_exti.o section .text
_EXTI_GetPortSensitivity                      0000899c   defined in Release\stm8l15x_exti.o section .text
_EXTI_SelectPort                              0000887d   defined in Release\stm8l15x_exti.o section .text
_EXTI_SetHalfPortSelection                    000088ae   defined in Release\stm8l15x_exti.o section .text
_EXTI_SetPinSensitivity                       00008787   defined in Release\stm8l15x_exti.o section .text
                                                         used in Release\main.o
_EXTI_SetPortSensitivity                      000088e4   defined in Release\stm8l15x_exti.o section .text
_FLASH_DeInit                                 00008a11   defined in Release\stm8l15x_flash.o section .text
_FLASH_EraseBlock                             00008b2f   defined in Release\stm8l15x_flash.o section .text
_FLASH_EraseByte                              00008a47   defined in Release\stm8l15x_flash.o section .text
_FLASH_EraseOptionByte                        00008a78   defined in Release\stm8l15x_flash.o section .text
_FLASH_GetBootSize                            00008a93   defined in Release\stm8l15x_flash.o section .text
_FLASH_GetCodeSize                            00008aa7   defined in Release\stm8l15x_flash.o section .text
_FLASH_GetFlagStatus                          00008ac8   defined in Release\stm8l15x_flash.o section .text
_FLASH_GetPowerStatus                         00008add   defined in Release\stm8l15x_flash.o section .text
_FLASH_GetProgrammingTime                     000089fe   defined in Release\stm8l15x_flash.o section .text
_FLASH_GetReadOutProtectionStatus             00008a87   defined in Release\stm8l15x_flash.o section .text
_FLASH_ITConfig                               00008abb   defined in Release\stm8l15x_flash.o section .text
_FLASH_Lock                                   00008a3a   defined in Release\stm8l15x_flash.o section .text
                                                         used in Release\main.o
_FLASH_PowerRunModeConfig                     00008ad0   defined in Release\stm8l15x_flash.o section .text
_FLASH_PowerWaitModeConfig                    00008a04   defined in Release\stm8l15x_flash.o section .text
_FLASH_ProgramBlock                           00008ae3   defined in Release\stm8l15x_flash.o section .text
_FLASH_ProgramByte                            00008a41   defined in Release\stm8l15x_flash.o section .text
_FLASH_ProgramOptionByte                      00008a65   defined in Release\stm8l15x_flash.o section .text
_FLASH_ProgramWord                            00008a4b   defined in Release\stm8l15x_flash.o section .text
_FLASH_ReadByte                               00008a61   defined in Release\stm8l15x_flash.o section .text
_FLASH_SetProgrammingTime                     000089f3   defined in Release\stm8l15x_flash.o section .text
_FLASH_Unlock                                 00008a21   defined in Release\stm8l15x_flash.o section .text
                                                         used in Release\main.o
_FLASH_WaitForLastOperation                   00008b66   defined in Release\stm8l15x_flash.o section .text
_GPIO_DeInit                                  00008ba4   defined in Release\stm8l15x_gpio.o section .text
_GPIO_ExternalPullUpConfig                    00008bfd   defined in Release\stm8l15x_gpio.o section .text
_GPIO_Init                                    00008bac   defined in Release\stm8l15x_gpio.o section .text
                                                         used in Release\main.o
                                                                 Release\stm8l15x_it.o
_GPIO_ReadInputData                           00008c32   defined in Release\stm8l15x_gpio.o section .text
_GPIO_ReadInputDataBit                        00008c37   defined in Release\stm8l15x_gpio.o section .text
_GPIO_ReadOutputData                          00008c35   defined in Release\stm8l15x_gpio.o section .text
_GPIO_ReadOutputDataBit                       00008c3c   defined in Release\stm8l15x_gpio.o section .text
_GPIO_ResetBits                               00008c27   defined in Release\stm8l15x_gpio.o section .text
                                                         used in Release\main.o
_GPIO_SetBits                                 00008c22   defined in Release\stm8l15x_gpio.o section .text
                                                         used in Release\main.o
_GPIO_ToggleBits                              00008c2d   defined in Release\stm8l15x_gpio.o section .text
_GPIO_Write                                   00008c0f   defined in Release\stm8l15x_gpio.o section .text
_GPIO_WriteBit                                00008c13   defined in Release\stm8l15x_gpio.o section .text
_I2C_ARPCmd                                   00008dec   defined in Release\stm8l15x_i2c.o section .text
_I2C_AckPositionConfig                        00008e33   defined in Release\stm8l15x_i2c.o section .text
_I2C_AcknowledgeConfig                        00008dfa   defined in Release\stm8l15x_i2c.o section .text
_I2C_CalculatePEC                             00008e94   defined in Release\stm8l15x_i2c.o section .text
_I2C_CheckEvent                               00008f01   defined in Release\stm8l15x_i2c.o section .text
_I2C_ClearFlag                                00008faa   defined in Release\stm8l15x_i2c.o section .text
_I2C_ClearITPendingBit                        00008fff   defined in Release\stm8l15x_i2c.o section .text
_I2C_Cmd                                      00008d8f   defined in Release\stm8l15x_i2c.o section .text
                                                         used in Release\main.o
_I2C_DMACmd                                   00008eb2   defined in Release\stm8l15x_i2c.o section .text
_I2C_DMALastTransferCmd                       00008ec3   defined in Release\stm8l15x_i2c.o section .text
_I2C_DeInit                                   00008c40   defined in Release\stm8l15x_i2c.o section .text
                                                         used in Release\main.o
_I2C_DualAddressCmd                           00008e22   defined in Release\stm8l15x_i2c.o section .text
_I2C_FastModeDutyCycleConfig                  00008e51   defined in Release\stm8l15x_i2c.o section .text
_I2C_GeneralCallCmd                           00008d9d   defined in Release\stm8l15x_i2c.o section .text
_I2C_GenerateSTART                            00008dab   defined in Release\stm8l15x_i2c.o section .text
_I2C_GenerateSTOP                             00008dbc   defined in Release\stm8l15x_i2c.o section .text
_I2C_GetFlagStatus                            00008f77   defined in Release\stm8l15x_i2c.o section .text
_I2C_GetITStatus                              00008fbc   defined in Release\stm8l15x_i2c.o section .text
_I2C_GetLastEvent                             00008f49   defined in Release\stm8l15x_i2c.o section .text
                                                         used in Release\stm8l15x_it.o
_I2C_GetPEC                                   00008eaf   defined in Release\stm8l15x_i2c.o section .text
_I2C_ITConfig                                 00008ed4   defined in Release\stm8l15x_i2c.o section .text
                                                         used in Release\main.o
_I2C_Init                                     00008c56   defined in Release\stm8l15x_i2c.o section .text
                                                         used in Release\main.o
_I2C_OwnAddress2Config                        00008e0b   defined in Release\stm8l15x_i2c.o section .text
_I2C_PECPositionConfig                        00008ea2   defined in Release\stm8l15x_i2c.o section .text
_I2C_ReadRegister                             00008ee6   defined in Release\stm8l15x_i2c.o section .text
                                                         used in Release\stm8l15x_it.o
_I2C_ReceiveData                              00008e80   defined in Release\stm8l15x_i2c.o section .text
                                                         used in Release\stm8l15x_it.o
_I2C_SMBusAlertConfig                         00008e40   defined in Release\stm8l15x_i2c.o section .text
_I2C_Send7bitAddress                          00008e64   defined in Release\stm8l15x_i2c.o section .text
_I2C_SendData                                 00008e7b   defined in Release\stm8l15x_i2c.o section .text
                                                         used in Release\stm8l15x_it.o
_I2C_SoftwareResetCmd                         00008dcd   defined in Release\stm8l15x_i2c.o section .text
_I2C_StretchClockCmd                          00008dde   defined in Release\stm8l15x_i2c.o section .text
_I2C_TransmitPEC                              00008e83   defined in Release\stm8l15x_i2c.o section .text
_IWDG_Enable                                  ********   *** removed from Release\stm8l15x_iwdg.o ***
_IWDG_ReloadCounter                           ********   *** removed from Release\stm8l15x_iwdg.o ***
_IWDG_SetPrescaler                            ********   *** removed from Release\stm8l15x_iwdg.o ***
_IWDG_SetReload                               ********   *** removed from Release\stm8l15x_iwdg.o ***
_IWDG_WriteAccessCmd                          ********   *** removed from Release\stm8l15x_iwdg.o ***
_SYSDivFactor                                 00008084   defined in Release\stm8l15x_clk.o section .const
_TIM2_ARRPreloadConfig                        000090dd   defined in Release\stm8l15x_tim2.o section .text
_TIM2_ClearFlag                               00009321   defined in Release\stm8l15x_tim2.o section .text
                                                         used in Release\main.o
_TIM2_ClearITPendingBit                       0000934d   defined in Release\stm8l15x_tim2.o section .text
                                                         used in Release\stm8l15x_it.o
_TIM2_Cmd                                     000090ea   defined in Release\stm8l15x_tim2.o section .text
                                                         used in Release\main.o
                                                                 Release\stm8l15x_it.o
_TIM2_CtrlPWMOutputs                          00009197   defined in Release\stm8l15x_tim2.o section .text
_TIM2_DMACmd                                  00009352   defined in Release\stm8l15x_tim2.o section .text
_TIM2_DeInit                                  00009011   defined in Release\stm8l15x_tim2.o section .text
                                                         used in Release\main.o
_TIM2_ETRClockMode1Config                     000093ac   defined in Release\stm8l15x_tim2.o section .text
_TIM2_ETRClockMode2Config                     000093d8   defined in Release\stm8l15x_tim2.o section .text
_TIM2_ETRConfig                               0000941f   defined in Release\stm8l15x_tim2.o section .text
_TIM2_EncoderInterfaceConfig                  0000942d   defined in Release\stm8l15x_tim2.o section .text
_TIM2_ForcedOC1Config                         000091e6   defined in Release\stm8l15x_tim2.o section .text
_TIM2_ForcedOC2Config                         000091f4   defined in Release\stm8l15x_tim2.o section .text
_TIM2_GenerateEvent                           00009302   defined in Release\stm8l15x_tim2.o section .text
_TIM2_GetCapture1                             00009296   defined in Release\stm8l15x_tim2.o section .text
_TIM2_GetCapture2                             000092b3   defined in Release\stm8l15x_tim2.o section .text
_TIM2_GetCounter                              000090bc   defined in Release\stm8l15x_tim2.o section .text
                                                         used in Release\main.o
_TIM2_GetFlagStatus                           00009309   defined in Release\stm8l15x_tim2.o section .text
_TIM2_GetITStatus                             0000932f   defined in Release\stm8l15x_tim2.o section .text
_TIM2_GetPrescaler                            000090d9   defined in Release\stm8l15x_tim2.o section .text
_TIM2_ICInit                                  00009202   defined in Release\stm8l15x_tim2.o section .text
_TIM2_ITConfig                                000092ec   defined in Release\stm8l15x_tim2.o section .text
                                                         used in Release\main.o
_TIM2_InternalClockConfig                     00009375   defined in Release\stm8l15x_tim2.o section .text
_TIM2_OC1Init                                 000090f7   defined in Release\stm8l15x_tim2.o section .text
_TIM2_OC2Init                                 00009147   defined in Release\stm8l15x_tim2.o section .text
_TIM2_PWMIConfig                              0000922f   defined in Release\stm8l15x_tim2.o section .text
_TIM2_PrescalerConfig                         00009098   defined in Release\stm8l15x_tim2.o section .text
_TIM2_SelectCCDMA                             00009368   defined in Release\stm8l15x_tim2.o section .text
_TIM2_SelectHallSensor                        00009491   defined in Release\stm8l15x_tim2.o section .text
_TIM2_SelectInputTrigger                      000093e8   defined in Release\stm8l15x_tim2.o section .text
_TIM2_SelectMasterSlaveMode                   00009412   defined in Release\stm8l15x_tim2.o section .text
_TIM2_SelectOCxM                              000091a4   defined in Release\stm8l15x_tim2.o section .text
_TIM2_SelectOutputTrigger                     000093f6   defined in Release\stm8l15x_tim2.o section .text
_TIM2_SelectSlaveMode                         00009404   defined in Release\stm8l15x_tim2.o section .text
_TIM2_SetAutoreload                           000090b3   defined in Release\stm8l15x_tim2.o section .text
_TIM2_SetCompare1                             000091d4   defined in Release\stm8l15x_tim2.o section .text
_TIM2_SetCompare2                             000091dd   defined in Release\stm8l15x_tim2.o section .text
_TIM2_SetCounter                              000090aa   defined in Release\stm8l15x_tim2.o section .text
                                                         used in Release\main.o
_TIM2_SetIC1Prescaler                         000092d0   defined in Release\stm8l15x_tim2.o section .text
_TIM2_SetIC2Prescaler                         000092de   defined in Release\stm8l15x_tim2.o section .text
_TIM2_TIxExternalClockConfig                  0000937e   defined in Release\stm8l15x_tim2.o section .text
_TIM2_TimeBaseInit                            00009076   defined in Release\stm8l15x_tim2.o section .text
                                                         used in Release\main.o
_TIM3_ARRPreloadConfig                        000095da   defined in Release\stm8l15x_tim3.o section .text
_TIM3_ClearFlag                               0000981e   defined in Release\stm8l15x_tim3.o section .text
                                                         used in Release\main.o
_TIM3_ClearITPendingBit                       0000984a   defined in Release\stm8l15x_tim3.o section .text
                                                         used in Release\stm8l15x_it.o
_TIM3_Cmd                                     000095e7   defined in Release\stm8l15x_tim3.o section .text
_TIM3_CtrlPWMOutputs                          00009694   defined in Release\stm8l15x_tim3.o section .text
_TIM3_DMACmd                                  0000984f   defined in Release\stm8l15x_tim3.o section .text
_TIM3_DeInit                                  0000950e   defined in Release\stm8l15x_tim3.o section .text
                                                         used in Release\main.o
_TIM3_ETRClockMode1Config                     000098a9   defined in Release\stm8l15x_tim3.o section .text
_TIM3_ETRClockMode2Config                     000098d5   defined in Release\stm8l15x_tim3.o section .text
_TIM3_ETRConfig                               0000991c   defined in Release\stm8l15x_tim3.o section .text
_TIM3_ForcedOC1Config                         000096e3   defined in Release\stm8l15x_tim3.o section .text
_TIM3_ForcedOC2Config                         000096f1   defined in Release\stm8l15x_tim3.o section .text
_TIM3_GenerateEvent                           000097ff   defined in Release\stm8l15x_tim3.o section .text
_TIM3_GetCapture1                             00009793   defined in Release\stm8l15x_tim3.o section .text
_TIM3_GetCapture2                             000097b0   defined in Release\stm8l15x_tim3.o section .text
_TIM3_GetCounter                              000095b9   defined in Release\stm8l15x_tim3.o section .text
_TIM3_GetFlagStatus                           00009806   defined in Release\stm8l15x_tim3.o section .text
_TIM3_GetITStatus                             0000982c   defined in Release\stm8l15x_tim3.o section .text
_TIM3_GetPrescaler                            000095d6   defined in Release\stm8l15x_tim3.o section .text
_TIM3_ICInit                                  000096ff   defined in Release\stm8l15x_tim3.o section .text
_TIM3_ITConfig                                000097e9   defined in Release\stm8l15x_tim3.o section .text
                                                         used in Release\main.o
_TIM3_InternalClockConfig                     00009872   defined in Release\stm8l15x_tim3.o section .text
_TIM3_OC1Init                                 000095f4   defined in Release\stm8l15x_tim3.o section .text
_TIM3_OC2Init                                 00009644   defined in Release\stm8l15x_tim3.o section .text
_TIM3_PWMIConfig                              0000972c   defined in Release\stm8l15x_tim3.o section .text
_TIM3_PrescalerConfig                         00009595   defined in Release\stm8l15x_tim3.o section .text
_TIM3_SelectCCDMA                             00009865   defined in Release\stm8l15x_tim3.o section .text
_TIM3_SelectInputTrigger                      000098e5   defined in Release\stm8l15x_tim3.o section .text
_TIM3_SelectMasterSlaveMode                   0000990f   defined in Release\stm8l15x_tim3.o section .text
_TIM3_SelectOCxM                              000096a1   defined in Release\stm8l15x_tim3.o section .text
_TIM3_SelectOutputTrigger                     000098f3   defined in Release\stm8l15x_tim3.o section .text
_TIM3_SelectSlaveMode                         00009901   defined in Release\stm8l15x_tim3.o section .text
_TIM3_SetAutoreload                           000095b0   defined in Release\stm8l15x_tim3.o section .text
_TIM3_SetCompare1                             000096d1   defined in Release\stm8l15x_tim3.o section .text
_TIM3_SetCompare2                             000096da   defined in Release\stm8l15x_tim3.o section .text
_TIM3_SetCounter                              000095a7   defined in Release\stm8l15x_tim3.o section .text
_TIM3_SetIC1Prescaler                         000097cd   defined in Release\stm8l15x_tim3.o section .text
_TIM3_SetIC2Prescaler                         000097db   defined in Release\stm8l15x_tim3.o section .text
_TIM3_TIxExternalClockConfig                  0000987b   defined in Release\stm8l15x_tim3.o section .text
_TIM3_TimeBaseInit                            00009573   defined in Release\stm8l15x_tim3.o section .text
                                                         used in Release\main.o
_TIM4_ARRPreloadConfig                        000099ea   defined in Release\stm8l15x_tim4.o section .text
_TIM4_ClearFlag                               00009a29   defined in Release\stm8l15x_tim4.o section .text
                                                         used in Release\main.o
_TIM4_ClearITPendingBit                       00009a4c   defined in Release\stm8l15x_tim4.o section .text
                                                         used in Release\stm8l15x_it.o
_TIM4_Cmd                                     000099f7   defined in Release\stm8l15x_tim4.o section .text
                                                         used in Release\main.o
                                                                 Release\stm8l15x_it.o
_TIM4_DeInit                                  0000999a   defined in Release\stm8l15x_tim4.o section .text
                                                         used in Release\main.o
_TIM4_GenerateEvent                           00009a1a   defined in Release\stm8l15x_tim4.o section .text
_TIM4_GetCounter                              000099e2   defined in Release\stm8l15x_tim4.o section .text
_TIM4_GetFlagStatus                           00009a21   defined in Release\stm8l15x_tim4.o section .text
_TIM4_GetITStatus                             00009a2e   defined in Release\stm8l15x_tim4.o section .text
_TIM4_GetPrescaler                            000099e6   defined in Release\stm8l15x_tim4.o section .text
_TIM4_ITConfig                                00009a04   defined in Release\stm8l15x_tim4.o section .text
                                                         used in Release\main.o
_TIM4_InternalClockConfig                     00009a51   defined in Release\stm8l15x_tim4.o section .text
_TIM4_PrescalerConfig                         000099c8   defined in Release\stm8l15x_tim4.o section .text
_TIM4_SetAutoreload                           000099de   defined in Release\stm8l15x_tim4.o section .text
_TIM4_SetCounter                              000099da   defined in Release\stm8l15x_tim4.o section .text
                                                         used in Release\main.o
                                                                 Release\stm8l15x_it.o
_TIM4_TimeBaseInit                            000099bb   defined in Release\stm8l15x_tim4.o section .text
                                                         used in Release\main.o
__endmem                                      000001ff   defined in command file
                                                         *** not used ***
__endzp                                       00000020   defined in command file section .ubsct
                                                         used in C:\Program Files (x86)\COSMIC\FSE_Compilers\CXSTM8\Lib\crtsi0.sm8
__idesc__                                     00008095   defined in linker section .init
                                                         used in C:\Program Files (x86)\COSMIC\FSE_Compilers\CXSTM8\Lib\crtsi0.sm8
__memory                                      00000100   defined in command file section .bss
                                                         used in C:\Program Files (x86)\COSMIC\FSE_Compilers\CXSTM8\Lib\crtsi0.sm8
__stack                                       000003ff   defined in command file
                                                         used in C:\Program Files (x86)\COSMIC\FSE_Compilers\CXSTM8\Lib\crtsi0.sm8
__startmem                                    00000100   defined in command file section .bss
                                                         *** not used ***
__stext                                       000080b3   defined in C:\Program Files (x86)\COSMIC\FSE_Compilers\CXSTM8\Lib\crtsi0.sm8 section .text
                                                         used in Release\stm8_interrupt_vector.o
__vectab                                      00008000   defined in Release\stm8_interrupt_vector.o section .const
                                                         *** not used ***
_addressInterrupt                             00000002   defined in Release\main.o section .bsct, initialized
                                                         used in Release\stm8l15x_it.o
_changeAddress                                00008246   defined in Release\main.o section .text
_counts                                       0000000a   defined in Release\main.o section .bsct, initialized
_delay                                        0000814a   defined in Release\main.o section .text
_distance                                     00000008   defined in Release\main.o section .bsct, initialized
                                                         *** not used ***
_distanceH                                    00000006   defined in Release\main.o section .bsct, initialized
                                                         used in Release\stm8l15x_it.o
_distanceL                                    00000007   defined in Release\main.o section .bsct, initialized
                                                         used in Release\stm8l15x_it.o
_event                                        00000012   defined in Release\stm8l15x_it.o section .bsct, initialized
_exit                                         00008101   defined in C:\Program Files (x86)\COSMIC\FSE_Compilers\CXSTM8\Lib\crtsi0.sm8 section .text
_i2cInterrupt                                 00000004   defined in Release\main.o section .bsct, initialized
                                                         used in Release\stm8l15x_it.o
_initializeCLK                                000081d5   defined in Release\main.o section .text
_initializeGPIO                               00008155   defined in Release\main.o section .text
_initializeI2C                                00008195   defined in Release\main.o section .text
_initializeTimers                             000081ec   defined in Release\main.o section .text
_main                                         00008103   defined in Release\main.o section .text
                                                         used in C:\Program Files (x86)\COSMIC\FSE_Compilers\CXSTM8\Lib\crtsi0.sm8
_opAmpInterrupt                               00000001   defined in Release\main.o section .bsct, initialized
                                                         used in Release\stm8l15x_it.o
_outRange                                     00000000   defined in Release\main.o section .bsct, initialized
_peripheralBuffer                             0000000e   defined in Release\main.o section .bsct, initialized
                                                         used in Release\stm8l15x_it.o
_pulseTransmitter                             00008283   defined in Release\main.o section .text
_rxIndex                                      00000014   defined in Release\stm8l15x_it.o section .bsct, initialized
_setOpAmp                                     000082f7   defined in Release\main.o section .text
                                                         used in Release\stm8l15x_it.o
_timer                                        0000000c   defined in Release\main.o section .bsct, initialized
                                                         *** not used ***
_triggerInterrupt                             00000003   defined in Release\main.o section .bsct, initialized
                                                         used in Release\stm8l15x_it.o
_txIndex                                      00000015   defined in Release\stm8l15x_it.o section .bsct, initialized
_userAddress                                  00000005   defined in Release\main.o section .bsct, initialized
                                                         *** not used ***
c_cmulx                                       00009a5a   defined in (C:\Program Files (x86)\COSMIC\FSE_Compilers\CXSTM8\Lib\libm0.sm8)cmulx.o section .text
                                                         used in Release\stm8l15x_flash.o
c_divsl                                       00009b6e   defined in (C:\Program Files (x86)\COSMIC\FSE_Compilers\CXSTM8\Lib\libm0.sm8)ldiv.o section .text
                                                         *** not used ***
c_divul                                       00009b85   defined in (C:\Program Files (x86)\COSMIC\FSE_Compilers\CXSTM8\Lib\libm0.sm8)ldiv.o section .text
                                                         used in (C:\Program Files (x86)\COSMIC\FSE_Compilers\CXSTM8\Lib\libm0.sm8)ludiv.o
c_ladd                                        00009a6e   defined in (C:\Program Files (x86)\COSMIC\FSE_Compilers\CXSTM8\Lib\libm0.sm8)ladd.o section .text
                                                         used in Release\main.o
                                                                 Release\stm8l15x_flash.o
c_lcmp                                        00009a86   defined in (C:\Program Files (x86)\COSMIC\FSE_Compilers\CXSTM8\Lib\libm0.sm8)lcmp.o section .text
                                                         used in Release\stm8l15x_i2c.o
c_lgadd                                       00009aa6   defined in (C:\Program Files (x86)\COSMIC\FSE_Compilers\CXSTM8\Lib\libm0.sm8)lgadd.o section .text
                                                         used in Release\stm8l15x_flash.o
c_lgneg                                       00009c59   defined in (C:\Program Files (x86)\COSMIC\FSE_Compilers\CXSTM8\Lib\libm0.sm8)lgneg.o section .text
                                                         used in (C:\Program Files (x86)\COSMIC\FSE_Compilers\CXSTM8\Lib\libm0.sm8)ldiv.o
c_lmul                                        00009abd   defined in (C:\Program Files (x86)\COSMIC\FSE_Compilers\CXSTM8\Lib\libm0.sm8)lmul.o section .text
                                                         used in Release\stm8l15x_i2c.o
c_lmulc                                       00009ac5   defined in (C:\Program Files (x86)\COSMIC\FSE_Compilers\CXSTM8\Lib\libm0.sm8)lmul.o section .text
                                                         *** not used ***
c_lneg                                        00009c6c   defined in (C:\Program Files (x86)\COSMIC\FSE_Compilers\CXSTM8\Lib\libm0.sm8)lneg.o section .text
                                                         used in (C:\Program Files (x86)\COSMIC\FSE_Compilers\CXSTM8\Lib\libm0.sm8)ldiv.o
c_lreg                                        00000016   defined in (C:\Program Files (x86)\COSMIC\FSE_Compilers\CXSTM8\Lib\libm0.sm8)lreg.o section .ubsct
                                                         used in Release\main.o
                                                                 Release\stm8l15x_it.o
                                                                 Release\stm8l15x_clk.o
                                                                 Release\stm8l15x_flash.o
                                                                 Release\stm8l15x_i2c.o
                                                                 (C:\Program Files (x86)\COSMIC\FSE_Compilers\CXSTM8\Lib\libm0.sm8)cmulx.o
                                                                 (C:\Program Files (x86)\COSMIC\FSE_Compilers\CXSTM8\Lib\libm0.sm8)ladd.o
                                                                 (C:\Program Files (x86)\COSMIC\FSE_Compilers\CXSTM8\Lib\libm0.sm8)lcmp.o
                                                                 (C:\Program Files (x86)\COSMIC\FSE_Compilers\CXSTM8\Lib\libm0.sm8)lgadd.o
                                                                 (C:\Program Files (x86)\COSMIC\FSE_Compilers\CXSTM8\Lib\libm0.sm8)lmul.o
                                                                 (C:\Program Files (x86)\COSMIC\FSE_Compilers\CXSTM8\Lib\libm0.sm8)ltor.o
                                                                 (C:\Program Files (x86)\COSMIC\FSE_Compilers\CXSTM8\Lib\libm0.sm8)ldiv.o
                                                                 (C:\Program Files (x86)\COSMIC\FSE_Compilers\CXSTM8\Lib\libm0.sm8)lneg.o
                                                                 (C:\Program Files (x86)\COSMIC\FSE_Compilers\CXSTM8\Lib\libm0.sm8)rtol.o
                                                                 (C:\Program Files (x86)\COSMIC\FSE_Compilers\CXSTM8\Lib\libm0.sm8)smul.o
                                                                 (C:\Program Files (x86)\COSMIC\FSE_Compilers\CXSTM8\Lib\libm0.sm8)utol.o
                                                                 (C:\Program Files (x86)\COSMIC\FSE_Compilers\CXSTM8\Lib\libm0.sm8)utolx.o
c_ltor                                        00009b48   defined in (C:\Program Files (x86)\COSMIC\FSE_Compilers\CXSTM8\Lib\libm0.sm8)ltor.o section .text
                                                         used in Release\stm8l15x_clk.o
                                                                 Release\stm8l15x_i2c.o
c_ludv                                        00009b5a   defined in (C:\Program Files (x86)\COSMIC\FSE_Compilers\CXSTM8\Lib\libm0.sm8)ludiv.o section .text
                                                         used in Release\stm8l15x_clk.o
                                                                 Release\stm8l15x_i2c.o
c_lzmp                                        00009c81   defined in (C:\Program Files (x86)\COSMIC\FSE_Compilers\CXSTM8\Lib\libm0.sm8)lzmp.o section .text
                                                         used in Release\stm8l15x_i2c.o
c_rtol                                        00009c94   defined in (C:\Program Files (x86)\COSMIC\FSE_Compilers\CXSTM8\Lib\libm0.sm8)rtol.o section .text
                                                         used in Release\stm8l15x_clk.o
                                                                 Release\stm8l15x_i2c.o
c_sdivx                                       00009cac   defined in (C:\Program Files (x86)\COSMIC\FSE_Compilers\CXSTM8\Lib\libm0.sm8)sdivx.o section .text
                                                         used in Release\stm8l15x_i2c.o
c_smodx                                       00009ca6   defined in (C:\Program Files (x86)\COSMIC\FSE_Compilers\CXSTM8\Lib\libm0.sm8)sdivx.o section .text
                                                         *** not used ***
c_smul                                        00009cd1   defined in (C:\Program Files (x86)\COSMIC\FSE_Compilers\CXSTM8\Lib\libm0.sm8)smul.o section .text
                                                         used in Release\stm8l15x_i2c.o
c_uitol                                       00009d10   defined in (C:\Program Files (x86)\COSMIC\FSE_Compilers\CXSTM8\Lib\libm0.sm8)utol.o section .text
                                                         used in Release\stm8l15x_i2c.o
c_uitolx                                      00009d1b   defined in (C:\Program Files (x86)\COSMIC\FSE_Compilers\CXSTM8\Lib\libm0.sm8)utolx.o section .text
                                                         used in Release\main.o
c_x                                           0000001a   defined in (C:\Program Files (x86)\COSMIC\FSE_Compilers\CXSTM8\Lib\libm0.sm8)xreg.o section .ubsct
                                                         used in C:\Program Files (x86)\COSMIC\FSE_Compilers\CXSTM8\Lib\crtsi0.sm8
                                                                 Release\stm8l15x_it.o
                                                                 (C:\Program Files (x86)\COSMIC\FSE_Compilers\CXSTM8\Lib\libm0.sm8)lmul.o
                                                                 (C:\Program Files (x86)\COSMIC\FSE_Compilers\CXSTM8\Lib\libm0.sm8)ldiv.o
                                                                 (C:\Program Files (x86)\COSMIC\FSE_Compilers\CXSTM8\Lib\libm0.sm8)sdivx.o
c_y                                           0000001d   defined in (C:\Program Files (x86)\COSMIC\FSE_Compilers\CXSTM8\Lib\libm0.sm8)yreg.o section .ubsct
                                                         used in C:\Program Files (x86)\COSMIC\FSE_Compilers\CXSTM8\Lib\crtsi0.sm8
                                                                 Release\stm8l15x_it.o
f_EXTI3_IRQHandler                            00008354   defined in Release\stm8l15x_it.o section .text
                                                         used in Release\stm8_interrupt_vector.o
f_EXTI5_IRQHandler                            00008386   defined in Release\stm8l15x_it.o section .text
                                                         used in Release\stm8_interrupt_vector.o
f_EXTI6_IRQHandler                            000083bb   defined in Release\stm8l15x_it.o section .text
                                                         used in Release\stm8_interrupt_vector.o
f_FLASH_IRQHandler                            00008353   defined in Release\stm8l15x_it.o section .text
                                                         used in Release\stm8_interrupt_vector.o
f_I2C1_SPI2_IRQHandler                        00008477   defined in Release\stm8l15x_it.o section .text
                                                         used in Release\stm8_interrupt_vector.o
f_NonHandledInterrupt                         00008351   defined in Release\stm8l15x_it.o section .text
                                                         used in Release\stm8_interrupt_vector.o
f_TIM2_UPD_OVF_TRG_BRK_USART2_TX_IRQHandler   000083e8   defined in Release\stm8l15x_it.o section .text
                                                         used in Release\stm8_interrupt_vector.o
f_TIM3_UPD_OVF_TRG_BRK_USART3_TX_IRQHandler   00008414   defined in Release\stm8l15x_it.o section .text
                                                         used in Release\stm8_interrupt_vector.o
f_TIM4_UPD_OVF_TRG_IRQHandler                 00008438   defined in Release\stm8l15x_it.o section .text
                                                         used in Release\stm8_interrupt_vector.o
f_TRAP_IRQHandler                             00008352   defined in Release\stm8l15x_it.o section .text
                                                         used in Release\stm8_interrupt_vector.o
