
Map of Release\firmware_v01.sm8 from link file Release\firmware_v01.lkf - Thu Apr  4 14:08:48 2024


                               --------
                               Segments
                               --------

start 00008080 end 00008099 length    25 segment .const
start 000080b1 end 00009f43 length  7826 segment .text
start 00001000 end 00001000 length     0 segment .eeprom
start 00000000 end 00000010 length    16 segment .bsct, initialized
start 000080a1 end 000080b1 length    16 segment .bsct, from
start 00000010 end 0000001b length    11 segment .ubsct
start 0000001b end 0000001b length     0 segment .bit
start 0000001b end 0000001b length     0 segment .share
start 00000100 end 00000100 length     0 segment .data
start 00000100 end 00000100 length     0 segment .bss
start 00000000 end 00000c4a length  3146 segment .info.
start 00008000 end 00008080 length   128 segment .const
start 00008099 end 000080a1 length     8 segment .init


                               -------
                               Modules
                               -------

C:\Program Files (x86)\COSMIC\FSE_Compilers\CXSTM8\Lib\crtsi0.sm8:
start 000080b1 end 00008101 length    80 section .text
start 00000100 end 00000100 length     0 section .bss
start 00000010 end 00000010 length     0 section .ubsct
start 00000000 end 00000033 length    51 section .info.

Release\bsp.o:
start 00008101 end 000081b5 length   180 section .text
start 00000033 end 000000ba length   135 section .info.
start 00008080 end 00008084 length     4 section .const

Release\main.o:
start 000081b5 end 00008349 length   404 section .text
start 00000000 end 00000005 length     5 section .bsct
start 00000010 end 00000011 length     1 section .ubsct
start 000000ba end 00000142 length   136 section .info.

Release\stm8l15x_it.o:
start 00008349 end 000085da length   657 section .text
start 00000005 end 00000010 length    11 section .bsct
start 00000142 end 000001d1 length   143 section .info.
start 00008084 end 00008088 length     4 section .const

Release\stm8l15x_clk.o:
start 000085da end 0000882c length   594 section .text
start 000001d1 end 00000261 length   144 section .info.
start 00008088 end 0000808d length     5 section .const

Release\stm8l15x_comp.o:
start ******** end ******** length     0 section .text *** removed ***
start 00000261 end 000002f2 length   145 section .info.

Release\stm8l15x_exti.o:
start 0000882c end 00008ab9 length   653 section .text
start 000002f2 end 00000383 length   145 section .info.

Release\stm8l15x_flash.o:
start 00008ab9 end 00008c6a length   433 section .text
start 00000383 end 00000415 length   146 section .info.

Release\stm8l15x_gpio.o:
start 00008c6a end 00008d06 length   156 section .text
start 00000415 end 000004a6 length   145 section .info.

Release\stm8l15x_i2c.o:
start 00008d06 end 000090d7 length   977 section .text
start 000004a6 end 00000536 length   144 section .info.
start 0000808d end 00008099 length    12 section .const

Release\stm8l15x_iwdg.o:
start ******** end ******** length     0 section .text *** removed ***
start 00000536 end 000005c7 length   145 section .info.

Release\stm8l15x_tim2.o:
start 000090d7 end 000095d4 length  1277 section .text
start 000005c7 end 00000658 length   145 section .info.

Release\stm8l15x_tim3.o:
start 000095d4 end 00009a60 length  1164 section .text
start 00000658 end 000006e9 length   145 section .info.

Release\stm8l15x_tim4.o:
start 00009a60 end 00009b20 length   192 section .text
start 000006e9 end 0000077a length   145 section .info.

(C:\Program Files (x86)\COSMIC\FSE_Compilers\CXSTM8\Lib\libm0.sm8)cmulx.o:
start 00009b20 end 00009b34 length    20 section .text
start 0000077a end 000007a9 length    47 section .info.

(C:\Program Files (x86)\COSMIC\FSE_Compilers\CXSTM8\Lib\libm0.sm8)fmul.o:
start 00009b34 end 00009c09 length   213 section .text
start 000007a9 end 000007d7 length    46 section .info.

(C:\Program Files (x86)\COSMIC\FSE_Compilers\CXSTM8\Lib\libm0.sm8)ftol.o:
start 00009c09 end 00009c6b length    98 section .text
start 000007d7 end 00000805 length    46 section .info.

(C:\Program Files (x86)\COSMIC\FSE_Compilers\CXSTM8\Lib\libm0.sm8)ladd.o:
start 00009c6b end 00009c83 length    24 section .text
start 00000805 end 00000833 length    46 section .info.

(C:\Program Files (x86)\COSMIC\FSE_Compilers\CXSTM8\Lib\libm0.sm8)lcmp.o:
start 00009c83 end 00009ca3 length    32 section .text
start 00000833 end 00000861 length    46 section .info.

(C:\Program Files (x86)\COSMIC\FSE_Compilers\CXSTM8\Lib\libm0.sm8)lgadd.o:
start 00009ca3 end 00009cba length    23 section .text
start 00000861 end 00000890 length    47 section .info.

(C:\Program Files (x86)\COSMIC\FSE_Compilers\CXSTM8\Lib\libm0.sm8)lmul.o:
start 00009cba end 00009d45 length   139 section .text
start 00000890 end 000008be length    46 section .info.

(C:\Program Files (x86)\COSMIC\FSE_Compilers\CXSTM8\Lib\libm0.sm8)lreg.o:
start 00000011 end 00000015 length     4 section .ubsct
start 000008be end 000008ec length    46 section .info.

(C:\Program Files (x86)\COSMIC\FSE_Compilers\CXSTM8\Lib\libm0.sm8)ltor.o:
start 00009d45 end 00009d57 length    18 section .text
start 000008ec end 0000091a length    46 section .info.

(C:\Program Files (x86)\COSMIC\FSE_Compilers\CXSTM8\Lib\libm0.sm8)ludiv.o:
start 00009d57 end 00009d6b length    20 section .text
start 0000091a end 00000949 length    47 section .info.

(C:\Program Files (x86)\COSMIC\FSE_Compilers\CXSTM8\Lib\libm0.sm8)ldiv.o:
start 00009d6b end 00009e56 length   235 section .text
start 00000949 end 00000977 length    46 section .info.

(C:\Program Files (x86)\COSMIC\FSE_Compilers\CXSTM8\Lib\libm0.sm8)lgneg.o:
start 00009e56 end 00009e69 length    19 section .text
start 00000977 end 000009a6 length    47 section .info.

(C:\Program Files (x86)\COSMIC\FSE_Compilers\CXSTM8\Lib\libm0.sm8)lneg.o:
start 00009e69 end 00009e7e length    21 section .text
start 000009a6 end 000009d4 length    46 section .info.

(C:\Program Files (x86)\COSMIC\FSE_Compilers\CXSTM8\Lib\libm0.sm8)lzmp.o:
start 00009e7e end 00009e91 length    19 section .text
start 000009d4 end 00000a02 length    46 section .info.

(C:\Program Files (x86)\COSMIC\FSE_Compilers\CXSTM8\Lib\libm0.sm8)rtol.o:
start 00009e91 end 00009ea3 length    18 section .text
start 00000a02 end 00000a30 length    46 section .info.

(C:\Program Files (x86)\COSMIC\FSE_Compilers\CXSTM8\Lib\libm0.sm8)sdivx.o:
start 00009ea3 end 00009ece length    43 section .text
start 00000a30 end 00000a5f length    47 section .info.

(C:\Program Files (x86)\COSMIC\FSE_Compilers\CXSTM8\Lib\libm0.sm8)smul.o:
start 00009ece end 00009f0d length    63 section .text
start 00000a5f end 00000a8d length    46 section .info.

(C:\Program Files (x86)\COSMIC\FSE_Compilers\CXSTM8\Lib\libm0.sm8)uitof.o:
start 00009f0d end 00009f31 length    36 section .text
start 00000a8d end 00000abc length    47 section .info.

(C:\Program Files (x86)\COSMIC\FSE_Compilers\CXSTM8\Lib\libm0.sm8)utol.o:
start 00009f31 end 00009f3c length    11 section .text
start 00000abc end 00000aea length    46 section .info.

(C:\Program Files (x86)\COSMIC\FSE_Compilers\CXSTM8\Lib\libm0.sm8)utolx.o:
start 00009f3c end 00009f43 length     7 section .text
start 00000aea end 00000b19 length    47 section .info.

(C:\Program Files (x86)\COSMIC\FSE_Compilers\CXSTM8\Lib\libm0.sm8)xreg.o:
start 00000015 end 00000018 length     3 section .ubsct
start 00000b19 end 00000b47 length    46 section .info.

(C:\Program Files (x86)\COSMIC\FSE_Compilers\CXSTM8\Lib\libm0.sm8)yreg.o:
start 00000018 end 0000001b length     3 section .ubsct
start 00000b47 end 00000b75 length    46 section .info.

Release\stm8_interrupt_vector.o:
start 00000b75 end 00000c0e length   153 section .info.
start 00008000 end 00008080 length   128 section .const


                             -----------
                             Stack usage
                             -----------

Release\bsp.o:
_BSP_Initializes                             >   11   (2)
_Delay                                            4   (4)
_EEPROM_ReadByte                             >    6   (4)
_EEPROM_WriteByte                            >   10   (7)
_pulseTransmitter                                 9   (3)

Release\main.o:
_changeAddress                                   54   (3)
_main                                        >   56   (2)
_ultrasonicCLKSetup                               7   (2)
_ultrasonicGPIOSetup                              8   (2)
_ultrasonicI2CSetup                              53   (2)

Release\stm8l15x_clk.o:
_CLK_ClearFlag                               >    2   (2)
_CLK_ClearITPendingBit                       >    2   (2)
_CLK_DeInit                                  >    2   (2)
_CLK_GetClockFreq                                25   (11)
_CLK_GetFlagStatus                                5   (5)
_CLK_GetITStatus                             >    4   (4)
_CLK_GetSYSCLKSource                         >    2   (2)
_CLK_HSICmd                                       2   (2)
_CLK_ITConfig                                >    4   (4)
_CLK_MainRegulatorCmd                        >    2   (2)
_CLK_PeripheralClockConfig                        5   (5)
_CLK_RTCClockConfig                          >    4   (4)
_CLK_SYSCLKDivConfig                              2   (2)
_CLK_SYSCLKSourceConfig                           2   (2)
_CLK_SYSCLKSourceSwitchCmd                   >    2   (2)

Release\stm8l15x_exti.o:
_EXTI_ClearITPendingBit                           6   (6)
_EXTI_DeInit                                      2   (2)
_EXTI_GetITStatus                            >    5   (5)
_EXTI_GetPinSensitivity                      >    3   (3)
_EXTI_GetPortSensitivity                     >    4   (4)
_EXTI_SelectPort                             >    3   (3)
_EXTI_SetHalfPortSelection                   >    4   (4)
_EXTI_SetPinSensitivity                           4   (4)
_EXTI_SetPortSensitivity                     >    4   (4)

Release\stm8l15x_flash.o:
_FLASH_DeInit                                >    2   (2)
_FLASH_EraseBlock                            >   13   (11)
_FLASH_EraseByte                             >    6   (6)
_FLASH_EraseOptionByte                       >    7   (2)
_FLASH_GetBootSize                           >    4   (4)
_FLASH_GetCodeSize                           >    4   (4)
_FLASH_GetFlagStatus                         >    3   (3)
_FLASH_GetPowerStatus                        >    2   (2)
_FLASH_GetProgrammingTime                    >    2   (2)
_FLASH_GetReadOutProtectionStatus            >    3   (3)
_FLASH_ITConfig                              >    2   (2)
_FLASH_Lock                                       2   (2)
_FLASH_PowerRunModeConfig                    >    2   (2)
_FLASH_PowerWaitModeConfig                   >    2   (2)
_FLASH_ProgramBlock                          >   16   (14)
_FLASH_ProgramByte                           >    7   (7)
_FLASH_ProgramOptionByte                     >   10   (5)
_FLASH_ProgramWord                           >   10   (10)
_FLASH_ReadByte                              >    6   (6)
_FLASH_SetProgrammingTime                    >    2   (2)
_FLASH_Unlock                                     3   (3)
_FLASH_WaitForLastOperation                       5   (5)

Release\stm8l15x_gpio.o:
_GPIO_DeInit                                 >    2   (2)
_GPIO_ExternalPullUpConfig                   >    6   (6)
_GPIO_Init                                        6   (6)
_GPIO_ReadInputData                          >    2   (2)
_GPIO_ReadInputDataBit                            5   (5)
_GPIO_ReadOutputData                         >    2   (2)
_GPIO_ReadOutputDataBit                      >    5   (5)
_GPIO_ResetBits                                   5   (5)
_GPIO_SetBits                                     5   (5)
_GPIO_ToggleBits                             >    5   (5)
_GPIO_Write                                  >    5   (5)
_GPIO_WriteBit                               >    6   (6)

Release\stm8l15x_i2c.o:
_I2C_ARPCmd                                  >    5   (5)
_I2C_AckPositionConfig                       >    5   (5)
_I2C_AcknowledgeConfig                       >    5   (5)
_I2C_CalculatePEC                            >    5   (5)
_I2C_CheckEvent                              >   12   (12)
_I2C_ClearFlag                               >    8   (8)
_I2C_ClearITPendingBit                       >    8   (8)
_I2C_Cmd                                          5   (5)
_I2C_DMACmd                                  >    5   (5)
_I2C_DMALastTransferCmd                      >    5   (5)
_I2C_DeInit                                       2   (2)
_I2C_DualAddressCmd                          >    5   (5)
_I2C_FastModeDutyCycleConfig                 >    5   (5)
_I2C_GeneralCallCmd                          >    5   (5)
_I2C_GenerateSTART                           >    5   (5)
_I2C_GenerateSTOP                            >    5   (5)
_I2C_GetFlagStatus                           >    8   (8)
_I2C_GetITStatus                             >   10   (10)
_I2C_GetLastEvent                                10   (10)
_I2C_GetPEC                                  >    2   (2)
_I2C_ITConfig                                     7   (7)
_I2C_Init                                        51   (26)
_I2C_OwnAddress2Config                       >    6   (6)
_I2C_PECPositionConfig                       >    5   (5)
_I2C_ReadRegister                                 9   (9)
_I2C_ReceiveData                                  2   (2)
_I2C_SMBusAlertConfig                        >    5   (5)
_I2C_Send7bitAddress                         >    6   (6)
_I2C_SendData                                     5   (5)
_I2C_SoftwareResetCmd                        >    5   (5)
_I2C_StretchClockCmd                         >    5   (5)
_I2C_TransmitPEC                             >    5   (5)

Release\stm8l15x_it.o:
_delay                                            4   (4)
f_EXTI3_IRQHandler                           >   21   (12)
f_EXTI5_IRQHandler                           >   67   (16)
f_EXTI6_IRQHandler                           >   22   (16)
f_I2C1_SPI2_IRQHandler                       >   26   (16)
f_NonHandledInterrupt                        >    6   (6)
f_TIM2_UPD_OVF_TRG_BRK_USART2_TX_IRQHandler  >   14   (12)
f_TIM3_UPD_OVF_TRG_BRK_USART3_TX_IRQHandler  >   18   (12)
f_TIM4_UPD_OVF_TRG_IRQHandler                >   18   (12)

Release\stm8l15x_tim2.o:
_TIM2_ARRPreloadConfig                            2   (2)
_TIM2_ClearFlag                                   4   (4)
_TIM2_ClearITPendingBit                           2   (2)
_TIM2_Cmd                                         2   (2)
_TIM2_CtrlPWMOutputs                         >    2   (2)
_TIM2_DMACmd                                 >    4   (4)
_TIM2_DeInit                                      2   (2)
_TIM2_ETRClockMode1Config                    >   10   (5)
_TIM2_ETRClockMode2Config                    >   10   (5)
_TIM2_ETRConfig                                   5   (5)
_TIM2_EncoderInterfaceConfig                 >    8   (8)
_TIM2_ForcedOC1Config                        >    4   (4)
_TIM2_ForcedOC2Config                        >    4   (4)
_TIM2_GenerateEvent                          >    2   (2)
_TIM2_GetCapture1                            >    6   (6)
_TIM2_GetCapture2                            >    6   (6)
_TIM2_GetCounter                                  6   (6)
_TIM2_GetFlagStatus                          >    6   (6)
_TIM2_GetITStatus                            >    5   (5)
_TIM2_GetPrescaler                           >    2   (2)
_TIM2_ICInit                                 >   14   (7)
_TIM2_ITConfig                                    4   (4)
_TIM2_InternalClockConfig                    >    2   (2)
_TIM2_OC1Init                                >    9   (9)
_TIM2_OC2Init                                >    9   (9)
_TIM2_PWMIConfig                             >   16   (9)
_TIM2_PrescalerConfig                        >    2   (2)
_TIM2_SelectCCDMA                            >    2   (2)
_TIM2_SelectHallSensor                       >    2   (2)
_TIM2_SelectInputTrigger                          4   (4)
_TIM2_SelectMasterSlaveMode                  >    2   (2)
_TIM2_SelectOCxM                             >    4   (4)
_TIM2_SelectOutputTrigger                    >    4   (4)
_TIM2_SelectSlaveMode                        >    4   (4)
_TIM2_SetAutoreload                          >    2   (2)
_TIM2_SetCompare1                            >    2   (2)
_TIM2_SetCompare2                            >    2   (2)
_TIM2_SetCounter                                  2   (2)
_TIM2_SetIC1Prescaler                             4   (4)
_TIM2_SetIC2Prescaler                             4   (4)
_TIM2_TIxExternalClockConfig                 >   12   (5)
_TIM2_TimeBaseInit                                6   (6)

Release\stm8l15x_tim3.o:
L3_TI1_Config                                     7   (7)
L5_TI2_Config                                     7   (7)
_TIM3_ARRPreloadConfig                            2   (2)
_TIM3_ClearFlag                                   4   (4)
_TIM3_ClearITPendingBit                           2   (2)
_TIM3_Cmd                                         2   (2)
_TIM3_CtrlPWMOutputs                         >    2   (2)
_TIM3_DMACmd                                 >    4   (4)
_TIM3_DeInit                                      2   (2)
_TIM3_ETRClockMode1Config                    >   10   (5)
_TIM3_ETRClockMode2Config                    >   10   (5)
_TIM3_ETRConfig                                   5   (5)
_TIM3_ForcedOC1Config                        >    4   (4)
_TIM3_ForcedOC2Config                        >    4   (4)
_TIM3_GenerateEvent                          >    2   (2)
_TIM3_GetCapture1                            >    6   (6)
_TIM3_GetCapture2                            >    6   (6)
_TIM3_GetCounter                             >    6   (6)
_TIM3_GetFlagStatus                          >    6   (6)
_TIM3_GetITStatus                            >    5   (5)
_TIM3_GetPrescaler                           >    2   (2)
_TIM3_ICInit                                 >   14   (7)
_TIM3_ITConfig                                    4   (4)
_TIM3_InternalClockConfig                    >    2   (2)
_TIM3_OC1Init                                >    9   (9)
_TIM3_OC2Init                                >    9   (9)
_TIM3_PWMIConfig                             >   16   (9)
_TIM3_PrescalerConfig                        >    2   (2)
_TIM3_SelectCCDMA                            >    2   (2)
_TIM3_SelectInputTrigger                          4   (4)
_TIM3_SelectMasterSlaveMode                  >    2   (2)
_TIM3_SelectOCxM                             >    4   (4)
_TIM3_SelectOutputTrigger                    >    4   (4)
_TIM3_SelectSlaveMode                        >    4   (4)
_TIM3_SetAutoreload                          >    2   (2)
_TIM3_SetCompare1                            >    2   (2)
_TIM3_SetCompare2                            >    2   (2)
_TIM3_SetCounter                                  2   (2)
_TIM3_SetIC1Prescaler                             4   (4)
_TIM3_SetIC2Prescaler                             4   (4)
_TIM3_TIxExternalClockConfig                 >   12   (5)
_TIM3_TimeBaseInit                                6   (6)

Release\stm8l15x_tim4.o:
_TIM4_ARRPreloadConfig                            2   (2)
_TIM4_ClearFlag                                   2   (2)
_TIM4_ClearITPendingBit                           2   (2)
_TIM4_Cmd                                         2   (2)
_TIM4_DeInit                                      2   (2)
_TIM4_GenerateEvent                          >    2   (2)
_TIM4_GetCounter                             >    3   (3)
_TIM4_GetFlagStatus                          >    3   (3)
_TIM4_GetITStatus                            >    5   (5)
_TIM4_GetPrescaler                           >    2   (2)
_TIM4_ITConfig                                    4   (4)
_TIM4_InternalClockConfig                    >    2   (2)
_TIM4_PrescalerConfig                        >    2   (2)
_TIM4_SetAutoreload                          >    2   (2)
_TIM4_SetCounter                                  2   (2)
_TIM4_TimeBaseInit                                2   (2)

Stack size: 123


                              ---------
                              Call tree
                              ---------
   1 > _BSP_Initializes: (2)
   2      + _pulseTransmitter: (3)
   3      |    + _Delay: (4)
   4      |    + _GPIO_Init: (6)
   5      |    + _GPIO_ResetBits: (5)
   6      |    + _GPIO_SetBits: (5)
   7      |    + _TIM2_Cmd: (2)
   8      |    + _TIM2_SetCounter: (2)
          | 
       
   9 > _CLK_ClearFlag: (2)

  10 > _CLK_ClearITPendingBit: (2)

  11 > _CLK_DeInit: (2)

  12 > _CLK_GetITStatus: (4)

  13 > _CLK_GetSYSCLKSource: (2)

  14 > _CLK_ITConfig: (4)

  15 > _CLK_MainRegulatorCmd: (2)

  16 > _CLK_RTCClockConfig: (4)

  17 > _CLK_SYSCLKSourceSwitchCmd: (2)

  18 > _EEPROM_ReadByte: (4)

  19 > _EEPROM_WriteByte: (7)
  20      + _FLASH_Lock: (2)
  21      + _FLASH_Unlock: (3)
       
  22 > _EXTI_GetITStatus: (5)

  23 > _EXTI_GetPinSensitivity: (3)

  24 > _EXTI_GetPortSensitivity: (4)

  25 > _EXTI_SelectPort: (3)

  26 > _EXTI_SetHalfPortSelection: (4)

  27 > _EXTI_SetPortSensitivity: (4)

  28 > _FLASH_DeInit: (2)

  29 > _FLASH_EraseBlock: (11)

  30 > _FLASH_EraseByte: (6)

  31 > _FLASH_EraseOptionByte: (2)
  32      + _FLASH_WaitForLastOperation: (5)
       
  33 > _FLASH_GetBootSize: (4)

  34 > _FLASH_GetCodeSize: (4)

  35 > _FLASH_GetFlagStatus: (3)

  36 > _FLASH_GetPowerStatus: (2)

  37 > _FLASH_GetProgrammingTime: (2)

  38 > _FLASH_GetReadOutProtectionStatus: (3)

  39 > _FLASH_ITConfig: (2)

  40 > _FLASH_PowerRunModeConfig: (2)

  41 > _FLASH_PowerWaitModeConfig: (2)

  42 > _FLASH_ProgramBlock: (14)

  43 > _FLASH_ProgramByte: (7)

  44 > _FLASH_ProgramOptionByte: (5)
  45      + _FLASH_WaitForLastOperation --> 32
       
  46 > _FLASH_ProgramWord: (10)

  47 > _FLASH_ReadByte: (6)

  48 > _FLASH_SetProgrammingTime: (2)

  49 > _GPIO_DeInit: (2)

  50 > _GPIO_ExternalPullUpConfig: (6)

  51 > _GPIO_ReadInputData: (2)

  52 > _GPIO_ReadOutputData: (2)

  53 > _GPIO_ReadOutputDataBit: (5)

  54 > _GPIO_ToggleBits: (5)

  55 > _GPIO_Write: (5)

  56 > _GPIO_WriteBit: (6)

  57 > _I2C_ARPCmd: (5)

  58 > _I2C_AckPositionConfig: (5)

  59 > _I2C_AcknowledgeConfig: (5)

  60 > _I2C_CalculatePEC: (5)

  61 > _I2C_CheckEvent: (12)

  62 > _I2C_ClearFlag: (8)

  63 > _I2C_ClearITPendingBit: (8)

  64 > _I2C_DMACmd: (5)

  65 > _I2C_DMALastTransferCmd: (5)

  66 > _I2C_DualAddressCmd: (5)

  67 > _I2C_FastModeDutyCycleConfig: (5)

  68 > _I2C_GeneralCallCmd: (5)

  69 > _I2C_GenerateSTART: (5)

  70 > _I2C_GenerateSTOP: (5)

  71 > _I2C_GetFlagStatus: (8)

  72 > _I2C_GetITStatus: (10)

  73 > _I2C_GetPEC: (2)

  74 > _I2C_OwnAddress2Config: (6)

  75 > _I2C_PECPositionConfig: (5)

  76 > _I2C_SMBusAlertConfig: (5)

  77 > _I2C_Send7bitAddress: (6)

  78 > _I2C_SoftwareResetCmd: (5)

  79 > _I2C_StretchClockCmd: (5)

  80 > _I2C_TransmitPEC: (5)

  81 > _TIM2_CtrlPWMOutputs: (2)

  82 > _TIM2_DMACmd: (4)

  83 > _TIM2_ETRClockMode1Config: (5)
  84      + _TIM2_ETRConfig: (5)
       
  85 > _TIM2_ETRClockMode2Config: (5)
  86      + _TIM2_ETRConfig --> 84
       
  87 > _TIM2_EncoderInterfaceConfig: (8)

  88 > _TIM2_ForcedOC1Config: (4)

  89 > _TIM2_ForcedOC2Config: (4)

  90 > _TIM2_GenerateEvent: (2)

  91 > _TIM2_GetCapture1: (6)

  92 > _TIM2_GetCapture2: (6)

  93 > _TIM2_GetFlagStatus: (6)

  94 > _TIM2_GetITStatus: (5)

  95 > _TIM2_GetPrescaler: (2)

  96 > _TIM2_ICInit: (7)
  97      + L3_TI1_Config: (7)
  98      + L5_TI2_Config: (7)
  99      + _TIM2_SetIC1Prescaler: (4)
 100      + _TIM2_SetIC2Prescaler: (4)
       
 101 > _TIM2_InternalClockConfig: (2)

 102 > _TIM2_OC1Init: (9)

 103 > _TIM2_OC2Init: (9)

 104 > _TIM2_PWMIConfig: (9)
 105      + L3_TI1_Config --> 97
 106      + L5_TI2_Config --> 98
 107      + _TIM2_SetIC1Prescaler --> 99
 108      + _TIM2_SetIC2Prescaler --> 100
       
 109 > _TIM2_PrescalerConfig: (2)

 110 > _TIM2_SelectCCDMA: (2)

 111 > _TIM2_SelectHallSensor: (2)

 112 > _TIM2_SelectMasterSlaveMode: (2)

 113 > _TIM2_SelectOCxM: (4)

 114 > _TIM2_SelectOutputTrigger: (4)

 115 > _TIM2_SelectSlaveMode: (4)

 116 > _TIM2_SetAutoreload: (2)

 117 > _TIM2_SetCompare1: (2)

 118 > _TIM2_SetCompare2: (2)

 119 > _TIM2_TIxExternalClockConfig: (5)
 120      + L3_TI1_Config --> 97
 121      + L5_TI2_Config --> 98
 122      + _TIM2_SelectInputTrigger: (4)
       
 123 > _TIM3_CtrlPWMOutputs: (2)

 124 > _TIM3_DMACmd: (4)

 125 > _TIM3_ETRClockMode1Config: (5)
 126      + _TIM3_ETRConfig: (5)
       
 127 > _TIM3_ETRClockMode2Config: (5)
 128      + _TIM3_ETRConfig --> 126
       
 129 > _TIM3_ForcedOC1Config: (4)

 130 > _TIM3_ForcedOC2Config: (4)

 131 > _TIM3_GenerateEvent: (2)

 132 > _TIM3_GetCapture1: (6)

 133 > _TIM3_GetCapture2: (6)

 134 > _TIM3_GetCounter: (6)

 135 > _TIM3_GetFlagStatus: (6)

 136 > _TIM3_GetITStatus: (5)

 137 > _TIM3_GetPrescaler: (2)

 138 > _TIM3_ICInit: (7)
 139      + L3_TI1_Config --> 97
 140      + L5_TI2_Config --> 98
 141      + _TIM3_SetIC1Prescaler: (4)
 142      + _TIM3_SetIC2Prescaler: (4)
       
 143 > _TIM3_InternalClockConfig: (2)

 144 > _TIM3_OC1Init: (9)

 145 > _TIM3_OC2Init: (9)

 146 > _TIM3_PWMIConfig: (9)
 147      + L3_TI1_Config --> 97
 148      + L5_TI2_Config --> 98
 149      + _TIM3_SetIC1Prescaler --> 141
 150      + _TIM3_SetIC2Prescaler --> 142
       
 151 > _TIM3_PrescalerConfig: (2)

 152 > _TIM3_SelectCCDMA: (2)

 153 > _TIM3_SelectMasterSlaveMode: (2)

 154 > _TIM3_SelectOCxM: (4)

 155 > _TIM3_SelectOutputTrigger: (4)

 156 > _TIM3_SelectSlaveMode: (4)

 157 > _TIM3_SetAutoreload: (2)

 158 > _TIM3_SetCompare1: (2)

 159 > _TIM3_SetCompare2: (2)

 160 > _TIM3_TIxExternalClockConfig: (5)
 161      + L3_TI1_Config --> 97
 162      + L5_TI2_Config --> 98
 163      + _TIM3_SelectInputTrigger: (4)
       
 164 > _TIM4_GenerateEvent: (2)

 165 > _TIM4_GetCounter: (3)

 166 > _TIM4_GetFlagStatus: (3)

 167 > _TIM4_GetITStatus: (5)

 168 > _TIM4_GetPrescaler: (2)

 169 > _TIM4_InternalClockConfig: (2)

 170 > _TIM4_PrescalerConfig: (2)

 171 > _TIM4_SetAutoreload: (2)

 172 > __stext: (0)

 173 > _main: (2)
 174      + _CLK_PeripheralClockConfig: (5)
 175      + _GPIO_ResetBits --> 5
 176      + _TIM2_ARRPreloadConfig: (2)
 177      + _TIM2_ClearFlag: (4)
 178      + _TIM2_DeInit: (2)
 179      + _TIM2_ITConfig: (4)
 180      + _TIM2_TimeBaseInit: (6)
 181      + _TIM3_ARRPreloadConfig: (2)
 182      + _TIM3_ClearFlag: (4)
 183      + _TIM3_DeInit: (2)
 184      + _TIM3_ITConfig: (4)
 185      + _TIM3_TimeBaseInit: (6)
 186      + _TIM4_ARRPreloadConfig: (2)
 187      + _TIM4_ClearFlag: (2)
 188      + _TIM4_DeInit: (2)
 189      + _TIM4_ITConfig: (4)
 190      + _TIM4_TimeBaseInit: (2)
 191      + _changeAddress: (3)
 192      |    + _I2C_Cmd: (5)
 193      |    + _I2C_DeInit: (2)
 194      |    + _I2C_ITConfig: (7)
 195      |    + _I2C_Init: (26)
 196      |    |    + _CLK_GetClockFreq: (11)
          |    | 
          | 
 197      + _pulseTransmitter --> 2
 198      + _ultrasonicCLKSetup: (2)
 199      |    + _CLK_GetFlagStatus: (5)
 200      |    + _CLK_HSICmd: (2)
 201      |    + _CLK_SYSCLKDivConfig: (2)
 202      |    + _CLK_SYSCLKSourceConfig: (2)
          | 
 203      + _ultrasonicGPIOSetup: (2)
 204      |    + _EXTI_DeInit: (2)
 205      |    + _EXTI_SetPinSensitivity: (4)
 206      |    + _GPIO_Init --> 4
          | 
 207      + _ultrasonicI2CSetup: (2)
 208      |    + _CLK_PeripheralClockConfig --> 174
 209      |    + _I2C_Cmd --> 192
 210      |    + _I2C_DeInit --> 193
 211      |    + _I2C_ITConfig --> 194
 212      |    + _I2C_Init --> 195
          | 
       
 213 > f_EXTI3_IRQHandler: (12)
 214      + _EXTI_ClearITPendingBit: (6)
 215      + _GPIO_Init --> 4
 216      + _GPIO_ReadInputDataBit: (5)
 217      + _GPIO_SetBits --> 6
 218      + _TIM3_Cmd: (2)
 219      + _TIM3_SetCounter: (2)
 220      + _TIM4_Cmd: (2)
 221      + _TIM4_SetCounter: (2)
 222      + _delay: (4)
 223      + _pulseTransmitter --> 2
       
 224 > f_EXTI5_IRQHandler: (16)
 225      + _EXTI_ClearITPendingBit --> 214
 226      + _I2C_Cmd --> 192
 227      + _I2C_DeInit --> 193
 228      + _I2C_ITConfig --> 194
 229      + _I2C_Init --> 195
       
 230 > f_EXTI6_IRQHandler: (16)
 231      + _EXTI_ClearITPendingBit --> 214
 232      + _GPIO_ResetBits --> 5
 233      + _TIM2_Cmd --> 7
 234      + _TIM2_GetCounter: (6)
       
 235 > f_I2C1_SPI2_IRQHandler: (16)
 236      + _I2C_GetLastEvent: (10)
 237      + _I2C_ReadRegister: (9)
 238      + _I2C_ReceiveData: (2)
 239      + _I2C_SendData: (5)
       
 240 > f_NonHandledInterrupt: (6)

 241 > f_TIM2_UPD_OVF_TRG_BRK_USART2_TX_IRQHandler: (12)
 242      + _TIM2_ClearITPendingBit: (2)
 243      + _TIM2_Cmd --> 7
       
 244 > f_TIM3_UPD_OVF_TRG_BRK_USART3_TX_IRQHandler: (12)
 245      + _GPIO_Init --> 4
 246      + _GPIO_ResetBits --> 5
 247      + _TIM3_ClearITPendingBit: (2)
 248      + _TIM3_Cmd --> 218
       
 249 > f_TIM4_UPD_OVF_TRG_IRQHandler: (12)
 250      + _GPIO_Init --> 4
 251      + _GPIO_ResetBits --> 5
 252      + _TIM4_ClearITPendingBit: (2)
 253      + _TIM4_Cmd --> 220
       
 254   L3_TI1_Config --> 97

 255   L5_TI2_Config --> 98

 256   _CLK_GetClockFreq --> 196

 257   _CLK_GetFlagStatus --> 199

 258   _CLK_HSICmd --> 200

 259   _CLK_PeripheralClockConfig --> 174

 260   _CLK_SYSCLKDivConfig --> 201

 261   _CLK_SYSCLKSourceConfig --> 202

 262   _Delay --> 3

 263   _EXTI_ClearITPendingBit --> 214

 264   _EXTI_DeInit --> 204

 265   _EXTI_SetPinSensitivity --> 205

 266   _FLASH_Lock --> 20

 267   _FLASH_Unlock --> 21

 268   _FLASH_WaitForLastOperation --> 32

 269   _GPIO_Init --> 4

 270   _GPIO_ReadInputDataBit --> 216

 271   _GPIO_ResetBits --> 5

 272   _GPIO_SetBits --> 6

 273   _I2C_Cmd --> 192

 274   _I2C_DeInit --> 193

 275   _I2C_GetLastEvent --> 236

 276   _I2C_ITConfig --> 194

 277   _I2C_Init --> 195

 278   _I2C_ReadRegister --> 237

 279   _I2C_ReceiveData --> 238

 280   _I2C_SendData --> 239

 281   _TIM2_ARRPreloadConfig --> 176

 282   _TIM2_ClearFlag --> 177

 283   _TIM2_ClearITPendingBit --> 242

 284   _TIM2_Cmd --> 7

 285   _TIM2_DeInit --> 178

 286   _TIM2_ETRConfig --> 84

 287   _TIM2_GetCounter --> 234

 288   _TIM2_ITConfig --> 179

 289   _TIM2_SelectInputTrigger --> 122

 290   _TIM2_SetCounter --> 8

 291   _TIM2_SetIC1Prescaler --> 99

 292   _TIM2_SetIC2Prescaler --> 100

 293   _TIM2_TimeBaseInit --> 180

 294   _TIM3_ARRPreloadConfig --> 181

 295   _TIM3_ClearFlag --> 182

 296   _TIM3_ClearITPendingBit --> 247

 297   _TIM3_Cmd --> 218

 298   _TIM3_DeInit --> 183

 299   _TIM3_ETRConfig --> 126

 300   _TIM3_ITConfig --> 184

 301   _TIM3_SelectInputTrigger --> 163

 302   _TIM3_SetCounter --> 219

 303   _TIM3_SetIC1Prescaler --> 141

 304   _TIM3_SetIC2Prescaler --> 142

 305   _TIM3_TimeBaseInit --> 185

 306   _TIM4_ARRPreloadConfig --> 186

 307   _TIM4_ClearFlag --> 187

 308   _TIM4_ClearITPendingBit --> 252

 309   _TIM4_Cmd --> 220

 310   _TIM4_DeInit --> 188

 311   _TIM4_ITConfig --> 189

 312   _TIM4_SetCounter --> 221

 313   _TIM4_TimeBaseInit --> 190

 314   _changeAddress --> 191

 315   _delay --> 222

 316   _pulseTransmitter --> 2

 317   _ultrasonicCLKSetup --> 198

 318   _ultrasonicGPIOSetup --> 203

 319   _ultrasonicI2CSetup --> 207



                               -------
                               Symbols
                               -------

_BSP_Initializes                              000081b2   defined in Release\bsp.o section .text
_CLK_ClearFlag                                000087ef   defined in Release\stm8l15x_clk.o section .text
_CLK_ClearITPendingBit                        0000881c   defined in Release\stm8l15x_clk.o section .text
_CLK_DeInit                                   000085da   defined in Release\stm8l15x_clk.o section .text
_CLK_GetClockFreq                             00008630   defined in Release\stm8l15x_clk.o section .text
                                                         used in Release\stm8l15x_i2c.o
_CLK_GetFlagStatus                            00008780   defined in Release\stm8l15x_clk.o section .text
                                                         used in Release\main.o
_CLK_GetITStatus                              000087f4   defined in Release\stm8l15x_clk.o section .text
_CLK_GetSYSCLKSource                          0000862c   defined in Release\stm8l15x_clk.o section .text
_CLK_HSICmd                                   0000861b   defined in Release\stm8l15x_clk.o section .text
                                                         used in Release\main.o
_CLK_ITConfig                                 00008742   defined in Release\stm8l15x_clk.o section .text
_CLK_MainRegulatorCmd                         00008735   defined in Release\stm8l15x_clk.o section .text
_CLK_PeripheralClockConfig                    000086aa   defined in Release\stm8l15x_clk.o section .text
                                                         used in Release\main.o
_CLK_RTCClockConfig                           000086a1   defined in Release\stm8l15x_clk.o section .text
_CLK_SYSCLKDivConfig                          00008690   defined in Release\stm8l15x_clk.o section .text
                                                         used in Release\main.o
_CLK_SYSCLKSourceConfig                       00008628   defined in Release\stm8l15x_clk.o section .text
                                                         used in Release\main.o
_CLK_SYSCLKSourceSwitchCmd                    00008694   defined in Release\stm8l15x_clk.o section .text
_COMMUNICATION_END                            00000000   defined in Release\main.o section .bsct, initialized
                                                         used in Release\stm8l15x_it.o
_COMP_ClearFlag                               ********   *** removed from Release\stm8l15x_comp.o ***
_COMP_ClearITPendingBit                       ********   *** removed from Release\stm8l15x_comp.o ***
_COMP_DeInit                                  ********   *** removed from Release\stm8l15x_comp.o ***
_COMP_EdgeConfig                              ********   *** removed from Release\stm8l15x_comp.o ***
_COMP_GetFlagStatus                           ********   *** removed from Release\stm8l15x_comp.o ***
_COMP_GetITStatus                             ********   *** removed from Release\stm8l15x_comp.o ***
_COMP_GetOutputLevel                          ********   *** removed from Release\stm8l15x_comp.o ***
_COMP_ITConfig                                ********   *** removed from Release\stm8l15x_comp.o ***
_COMP_Init                                    ********   *** removed from Release\stm8l15x_comp.o ***
_COMP_SchmittTriggerCmd                       ********   *** removed from Release\stm8l15x_comp.o ***
_COMP_TriggerConfig                           ********   *** removed from Release\stm8l15x_comp.o ***
_COMP_VrefintOutputCmd                        ********   *** removed from Release\stm8l15x_comp.o ***
_COMP_VrefintToCOMP1Connect                   ********   *** removed from Release\stm8l15x_comp.o ***
_COMP_WindowCmd                               ********   *** removed from Release\stm8l15x_comp.o ***
_Delay                                        00008101   defined in Release\bsp.o section .text
_Distance                                     0000000a   defined in Release\stm8l15x_it.o section .bsct, initialized
_Distance_H                                   0000000c   defined in Release\stm8l15x_it.o section .bsct, initialized
_Distance_L                                   0000000d   defined in Release\stm8l15x_it.o section .bsct, initialized
_EEPROM_ReadByte                              0000819d   defined in Release\bsp.o section .text
_EEPROM_WriteByte                             0000817a   defined in Release\bsp.o section .text
_EXTI_ClearITPendingBit                       00008a9e   defined in Release\stm8l15x_exti.o section .text
                                                         used in Release\stm8l15x_it.o
_EXTI_DeInit                                  0000882c   defined in Release\stm8l15x_exti.o section .text
                                                         used in Release\main.o
_EXTI_GetITStatus                             00008a85   defined in Release\stm8l15x_exti.o section .text
_EXTI_GetPinSensitivity                       00008a06   defined in Release\stm8l15x_exti.o section .text
_EXTI_GetPortSensitivity                      00008a62   defined in Release\stm8l15x_exti.o section .text
_EXTI_SelectPort                              00008943   defined in Release\stm8l15x_exti.o section .text
_EXTI_SetHalfPortSelection                    00008974   defined in Release\stm8l15x_exti.o section .text
_EXTI_SetPinSensitivity                       0000884d   defined in Release\stm8l15x_exti.o section .text
                                                         used in Release\main.o
_EXTI_SetPortSensitivity                      000089aa   defined in Release\stm8l15x_exti.o section .text
_Event                                        00000005   defined in Release\stm8l15x_it.o section .bsct, initialized
_FLASH_DeInit                                 00008ad7   defined in Release\stm8l15x_flash.o section .text
_FLASH_EraseBlock                             00008bf5   defined in Release\stm8l15x_flash.o section .text
_FLASH_EraseByte                              00008b0d   defined in Release\stm8l15x_flash.o section .text
_FLASH_EraseOptionByte                        00008b3e   defined in Release\stm8l15x_flash.o section .text
_FLASH_GetBootSize                            00008b59   defined in Release\stm8l15x_flash.o section .text
_FLASH_GetCodeSize                            00008b6d   defined in Release\stm8l15x_flash.o section .text
_FLASH_GetFlagStatus                          00008b8e   defined in Release\stm8l15x_flash.o section .text
_FLASH_GetPowerStatus                         00008ba3   defined in Release\stm8l15x_flash.o section .text
_FLASH_GetProgrammingTime                     00008ac4   defined in Release\stm8l15x_flash.o section .text
_FLASH_GetReadOutProtectionStatus             00008b4d   defined in Release\stm8l15x_flash.o section .text
_FLASH_ITConfig                               00008b81   defined in Release\stm8l15x_flash.o section .text
_FLASH_Lock                                   00008b00   defined in Release\stm8l15x_flash.o section .text
                                                         used in Release\bsp.o
_FLASH_PowerRunModeConfig                     00008b96   defined in Release\stm8l15x_flash.o section .text
_FLASH_PowerWaitModeConfig                    00008aca   defined in Release\stm8l15x_flash.o section .text
_FLASH_ProgramBlock                           00008ba9   defined in Release\stm8l15x_flash.o section .text
_FLASH_ProgramByte                            00008b07   defined in Release\stm8l15x_flash.o section .text
_FLASH_ProgramOptionByte                      00008b2b   defined in Release\stm8l15x_flash.o section .text
_FLASH_ProgramWord                            00008b11   defined in Release\stm8l15x_flash.o section .text
_FLASH_ReadByte                               00008b27   defined in Release\stm8l15x_flash.o section .text
_FLASH_SetProgrammingTime                     00008ab9   defined in Release\stm8l15x_flash.o section .text
_FLASH_Unlock                                 00008ae7   defined in Release\stm8l15x_flash.o section .text
                                                         used in Release\bsp.o
_FLASH_WaitForLastOperation                   00008c2c   defined in Release\stm8l15x_flash.o section .text
_GPIO_DeInit                                  00008c6a   defined in Release\stm8l15x_gpio.o section .text
_GPIO_ExternalPullUpConfig                    00008cc3   defined in Release\stm8l15x_gpio.o section .text
_GPIO_Init                                    00008c72   defined in Release\stm8l15x_gpio.o section .text
                                                         used in Release\bsp.o
                                                                 Release\main.o
                                                                 Release\stm8l15x_it.o
_GPIO_ReadInputData                           00008cf8   defined in Release\stm8l15x_gpio.o section .text
_GPIO_ReadInputDataBit                        00008cfd   defined in Release\stm8l15x_gpio.o section .text
                                                         used in Release\stm8l15x_it.o
_GPIO_ReadOutputData                          00008cfb   defined in Release\stm8l15x_gpio.o section .text
_GPIO_ReadOutputDataBit                       00008d02   defined in Release\stm8l15x_gpio.o section .text
_GPIO_ResetBits                               00008ced   defined in Release\stm8l15x_gpio.o section .text
                                                         used in Release\bsp.o
                                                                 Release\main.o
                                                                 Release\stm8l15x_it.o
_GPIO_SetBits                                 00008ce8   defined in Release\stm8l15x_gpio.o section .text
                                                         used in Release\bsp.o
                                                                 Release\stm8l15x_it.o
_GPIO_ToggleBits                              00008cf3   defined in Release\stm8l15x_gpio.o section .text
_GPIO_Write                                   00008cd5   defined in Release\stm8l15x_gpio.o section .text
_GPIO_WriteBit                                00008cd9   defined in Release\stm8l15x_gpio.o section .text
_I2C_ARPCmd                                   00008eb2   defined in Release\stm8l15x_i2c.o section .text
_I2C_AckPositionConfig                        00008ef9   defined in Release\stm8l15x_i2c.o section .text
_I2C_AcknowledgeConfig                        00008ec0   defined in Release\stm8l15x_i2c.o section .text
_I2C_CalculatePEC                             00008f5a   defined in Release\stm8l15x_i2c.o section .text
_I2C_CheckEvent                               00008fc7   defined in Release\stm8l15x_i2c.o section .text
_I2C_ClearFlag                                00009070   defined in Release\stm8l15x_i2c.o section .text
_I2C_ClearITPendingBit                        000090c5   defined in Release\stm8l15x_i2c.o section .text
_I2C_Cmd                                      00008e55   defined in Release\stm8l15x_i2c.o section .text
                                                         used in Release\main.o
                                                                 Release\stm8l15x_it.o
_I2C_DMACmd                                   00008f78   defined in Release\stm8l15x_i2c.o section .text
_I2C_DMALastTransferCmd                       00008f89   defined in Release\stm8l15x_i2c.o section .text
_I2C_DeInit                                   00008d06   defined in Release\stm8l15x_i2c.o section .text
                                                         used in Release\main.o
                                                                 Release\stm8l15x_it.o
_I2C_DualAddressCmd                           00008ee8   defined in Release\stm8l15x_i2c.o section .text
_I2C_FastModeDutyCycleConfig                  00008f17   defined in Release\stm8l15x_i2c.o section .text
_I2C_GeneralCallCmd                           00008e63   defined in Release\stm8l15x_i2c.o section .text
_I2C_GenerateSTART                            00008e71   defined in Release\stm8l15x_i2c.o section .text
_I2C_GenerateSTOP                             00008e82   defined in Release\stm8l15x_i2c.o section .text
_I2C_GetFlagStatus                            0000903d   defined in Release\stm8l15x_i2c.o section .text
_I2C_GetITStatus                              00009082   defined in Release\stm8l15x_i2c.o section .text
_I2C_GetLastEvent                             0000900f   defined in Release\stm8l15x_i2c.o section .text
                                                         used in Release\stm8l15x_it.o
_I2C_GetPEC                                   00008f75   defined in Release\stm8l15x_i2c.o section .text
_I2C_ITConfig                                 00008f9a   defined in Release\stm8l15x_i2c.o section .text
                                                         used in Release\main.o
                                                                 Release\stm8l15x_it.o
_I2C_Init                                     00008d1c   defined in Release\stm8l15x_i2c.o section .text
                                                         used in Release\main.o
                                                                 Release\stm8l15x_it.o
_I2C_OwnAddress2Config                        00008ed1   defined in Release\stm8l15x_i2c.o section .text
_I2C_PECPositionConfig                        00008f68   defined in Release\stm8l15x_i2c.o section .text
_I2C_ReadRegister                             00008fac   defined in Release\stm8l15x_i2c.o section .text
                                                         used in Release\stm8l15x_it.o
_I2C_ReceiveData                              00008f46   defined in Release\stm8l15x_i2c.o section .text
                                                         used in Release\stm8l15x_it.o
_I2C_SMBusAlertConfig                         00008f06   defined in Release\stm8l15x_i2c.o section .text
_I2C_Send7bitAddress                          00008f2a   defined in Release\stm8l15x_i2c.o section .text
_I2C_SendData                                 00008f41   defined in Release\stm8l15x_i2c.o section .text
                                                         used in Release\stm8l15x_it.o
_I2C_SoftwareResetCmd                         00008e93   defined in Release\stm8l15x_i2c.o section .text
_I2C_StretchClockCmd                          00008ea4   defined in Release\stm8l15x_i2c.o section .text
_I2C_TransmitPEC                              00008f49   defined in Release\stm8l15x_i2c.o section .text
_IWDG_Enable                                  ********   *** removed from Release\stm8l15x_iwdg.o ***
_IWDG_ReloadCounter                           ********   *** removed from Release\stm8l15x_iwdg.o ***
_IWDG_SetPrescaler                            ********   *** removed from Release\stm8l15x_iwdg.o ***
_IWDG_SetReload                               ********   *** removed from Release\stm8l15x_iwdg.o ***
_IWDG_WriteAccessCmd                          ********   *** removed from Release\stm8l15x_iwdg.o ***
_Out_Range                                    00000007   defined in Release\stm8l15x_it.o section .bsct, initialized
_SYSDivFactor                                 00008088   defined in Release\stm8l15x_clk.o section .const
_TIM2_ARRPreloadConfig                        000091a3   defined in Release\stm8l15x_tim2.o section .text
                                                         used in Release\main.o
_TIM2_ClearFlag                               000093e7   defined in Release\stm8l15x_tim2.o section .text
                                                         used in Release\main.o
_TIM2_ClearITPendingBit                       00009413   defined in Release\stm8l15x_tim2.o section .text
                                                         used in Release\stm8l15x_it.o
_TIM2_Cmd                                     000091b0   defined in Release\stm8l15x_tim2.o section .text
                                                         used in Release\bsp.o
                                                                 Release\stm8l15x_it.o
_TIM2_CtrlPWMOutputs                          0000925d   defined in Release\stm8l15x_tim2.o section .text
_TIM2_DMACmd                                  00009418   defined in Release\stm8l15x_tim2.o section .text
_TIM2_DeInit                                  000090d7   defined in Release\stm8l15x_tim2.o section .text
                                                         used in Release\main.o
_TIM2_ETRClockMode1Config                     00009472   defined in Release\stm8l15x_tim2.o section .text
_TIM2_ETRClockMode2Config                     0000949e   defined in Release\stm8l15x_tim2.o section .text
_TIM2_ETRConfig                               000094e5   defined in Release\stm8l15x_tim2.o section .text
_TIM2_EncoderInterfaceConfig                  000094f3   defined in Release\stm8l15x_tim2.o section .text
_TIM2_ForcedOC1Config                         000092ac   defined in Release\stm8l15x_tim2.o section .text
_TIM2_ForcedOC2Config                         000092ba   defined in Release\stm8l15x_tim2.o section .text
_TIM2_GenerateEvent                           000093c8   defined in Release\stm8l15x_tim2.o section .text
_TIM2_GetCapture1                             0000935c   defined in Release\stm8l15x_tim2.o section .text
_TIM2_GetCapture2                             00009379   defined in Release\stm8l15x_tim2.o section .text
_TIM2_GetCounter                              00009182   defined in Release\stm8l15x_tim2.o section .text
                                                         used in Release\stm8l15x_it.o
_TIM2_GetFlagStatus                           000093cf   defined in Release\stm8l15x_tim2.o section .text
_TIM2_GetITStatus                             000093f5   defined in Release\stm8l15x_tim2.o section .text
_TIM2_GetPrescaler                            0000919f   defined in Release\stm8l15x_tim2.o section .text
_TIM2_ICInit                                  000092c8   defined in Release\stm8l15x_tim2.o section .text
_TIM2_ITConfig                                000093b2   defined in Release\stm8l15x_tim2.o section .text
                                                         used in Release\main.o
_TIM2_InternalClockConfig                     0000943b   defined in Release\stm8l15x_tim2.o section .text
_TIM2_OC1Init                                 000091bd   defined in Release\stm8l15x_tim2.o section .text
_TIM2_OC2Init                                 0000920d   defined in Release\stm8l15x_tim2.o section .text
_TIM2_PWMIConfig                              000092f5   defined in Release\stm8l15x_tim2.o section .text
_TIM2_PrescalerConfig                         0000915e   defined in Release\stm8l15x_tim2.o section .text
_TIM2_SelectCCDMA                             0000942e   defined in Release\stm8l15x_tim2.o section .text
_TIM2_SelectHallSensor                        00009557   defined in Release\stm8l15x_tim2.o section .text
_TIM2_SelectInputTrigger                      000094ae   defined in Release\stm8l15x_tim2.o section .text
_TIM2_SelectMasterSlaveMode                   000094d8   defined in Release\stm8l15x_tim2.o section .text
_TIM2_SelectOCxM                              0000926a   defined in Release\stm8l15x_tim2.o section .text
_TIM2_SelectOutputTrigger                     000094bc   defined in Release\stm8l15x_tim2.o section .text
_TIM2_SelectSlaveMode                         000094ca   defined in Release\stm8l15x_tim2.o section .text
_TIM2_SetAutoreload                           00009179   defined in Release\stm8l15x_tim2.o section .text
_TIM2_SetCompare1                             0000929a   defined in Release\stm8l15x_tim2.o section .text
_TIM2_SetCompare2                             000092a3   defined in Release\stm8l15x_tim2.o section .text
_TIM2_SetCounter                              00009170   defined in Release\stm8l15x_tim2.o section .text
                                                         used in Release\bsp.o
_TIM2_SetIC1Prescaler                         00009396   defined in Release\stm8l15x_tim2.o section .text
_TIM2_SetIC2Prescaler                         000093a4   defined in Release\stm8l15x_tim2.o section .text
_TIM2_TIxExternalClockConfig                  00009444   defined in Release\stm8l15x_tim2.o section .text
_TIM2_TimeBaseInit                            0000913c   defined in Release\stm8l15x_tim2.o section .text
                                                         used in Release\main.o
_TIM3_ARRPreloadConfig                        000096a0   defined in Release\stm8l15x_tim3.o section .text
                                                         used in Release\main.o
_TIM3_ClearFlag                               000098e4   defined in Release\stm8l15x_tim3.o section .text
                                                         used in Release\main.o
_TIM3_ClearITPendingBit                       00009910   defined in Release\stm8l15x_tim3.o section .text
                                                         used in Release\stm8l15x_it.o
_TIM3_Cmd                                     000096ad   defined in Release\stm8l15x_tim3.o section .text
                                                         used in Release\stm8l15x_it.o
_TIM3_CtrlPWMOutputs                          0000975a   defined in Release\stm8l15x_tim3.o section .text
_TIM3_DMACmd                                  00009915   defined in Release\stm8l15x_tim3.o section .text
_TIM3_DeInit                                  000095d4   defined in Release\stm8l15x_tim3.o section .text
                                                         used in Release\main.o
_TIM3_ETRClockMode1Config                     0000996f   defined in Release\stm8l15x_tim3.o section .text
_TIM3_ETRClockMode2Config                     0000999b   defined in Release\stm8l15x_tim3.o section .text
_TIM3_ETRConfig                               000099e2   defined in Release\stm8l15x_tim3.o section .text
_TIM3_ForcedOC1Config                         000097a9   defined in Release\stm8l15x_tim3.o section .text
_TIM3_ForcedOC2Config                         000097b7   defined in Release\stm8l15x_tim3.o section .text
_TIM3_GenerateEvent                           000098c5   defined in Release\stm8l15x_tim3.o section .text
_TIM3_GetCapture1                             00009859   defined in Release\stm8l15x_tim3.o section .text
_TIM3_GetCapture2                             00009876   defined in Release\stm8l15x_tim3.o section .text
_TIM3_GetCounter                              0000967f   defined in Release\stm8l15x_tim3.o section .text
_TIM3_GetFlagStatus                           000098cc   defined in Release\stm8l15x_tim3.o section .text
_TIM3_GetITStatus                             000098f2   defined in Release\stm8l15x_tim3.o section .text
_TIM3_GetPrescaler                            0000969c   defined in Release\stm8l15x_tim3.o section .text
_TIM3_ICInit                                  000097c5   defined in Release\stm8l15x_tim3.o section .text
_TIM3_ITConfig                                000098af   defined in Release\stm8l15x_tim3.o section .text
                                                         used in Release\main.o
_TIM3_InternalClockConfig                     00009938   defined in Release\stm8l15x_tim3.o section .text
_TIM3_OC1Init                                 000096ba   defined in Release\stm8l15x_tim3.o section .text
_TIM3_OC2Init                                 0000970a   defined in Release\stm8l15x_tim3.o section .text
_TIM3_PWMIConfig                              000097f2   defined in Release\stm8l15x_tim3.o section .text
_TIM3_PrescalerConfig                         0000965b   defined in Release\stm8l15x_tim3.o section .text
_TIM3_SelectCCDMA                             0000992b   defined in Release\stm8l15x_tim3.o section .text
_TIM3_SelectInputTrigger                      000099ab   defined in Release\stm8l15x_tim3.o section .text
_TIM3_SelectMasterSlaveMode                   000099d5   defined in Release\stm8l15x_tim3.o section .text
_TIM3_SelectOCxM                              00009767   defined in Release\stm8l15x_tim3.o section .text
_TIM3_SelectOutputTrigger                     000099b9   defined in Release\stm8l15x_tim3.o section .text
_TIM3_SelectSlaveMode                         000099c7   defined in Release\stm8l15x_tim3.o section .text
_TIM3_SetAutoreload                           00009676   defined in Release\stm8l15x_tim3.o section .text
_TIM3_SetCompare1                             00009797   defined in Release\stm8l15x_tim3.o section .text
_TIM3_SetCompare2                             000097a0   defined in Release\stm8l15x_tim3.o section .text
_TIM3_SetCounter                              0000966d   defined in Release\stm8l15x_tim3.o section .text
                                                         used in Release\stm8l15x_it.o
_TIM3_SetIC1Prescaler                         00009893   defined in Release\stm8l15x_tim3.o section .text
_TIM3_SetIC2Prescaler                         000098a1   defined in Release\stm8l15x_tim3.o section .text
_TIM3_TIxExternalClockConfig                  00009941   defined in Release\stm8l15x_tim3.o section .text
_TIM3_TimeBaseInit                            00009639   defined in Release\stm8l15x_tim3.o section .text
                                                         used in Release\main.o
_TIM4_ARRPreloadConfig                        00009ab0   defined in Release\stm8l15x_tim4.o section .text
                                                         used in Release\main.o
_TIM4_ClearFlag                               00009aef   defined in Release\stm8l15x_tim4.o section .text
                                                         used in Release\main.o
_TIM4_ClearITPendingBit                       00009b12   defined in Release\stm8l15x_tim4.o section .text
                                                         used in Release\stm8l15x_it.o
_TIM4_Cmd                                     00009abd   defined in Release\stm8l15x_tim4.o section .text
                                                         used in Release\stm8l15x_it.o
_TIM4_DeInit                                  00009a60   defined in Release\stm8l15x_tim4.o section .text
                                                         used in Release\main.o
_TIM4_GenerateEvent                           00009ae0   defined in Release\stm8l15x_tim4.o section .text
_TIM4_GetCounter                              00009aa8   defined in Release\stm8l15x_tim4.o section .text
_TIM4_GetFlagStatus                           00009ae7   defined in Release\stm8l15x_tim4.o section .text
_TIM4_GetITStatus                             00009af4   defined in Release\stm8l15x_tim4.o section .text
_TIM4_GetPrescaler                            00009aac   defined in Release\stm8l15x_tim4.o section .text
_TIM4_ITConfig                                00009aca   defined in Release\stm8l15x_tim4.o section .text
                                                         used in Release\main.o
_TIM4_InternalClockConfig                     00009b17   defined in Release\stm8l15x_tim4.o section .text
_TIM4_PrescalerConfig                         00009a8e   defined in Release\stm8l15x_tim4.o section .text
_TIM4_SetAutoreload                           00009aa4   defined in Release\stm8l15x_tim4.o section .text
_TIM4_SetCounter                              00009aa0   defined in Release\stm8l15x_tim4.o section .text
                                                         used in Release\stm8l15x_it.o
_TIM4_TimeBaseInit                            00009a81   defined in Release\stm8l15x_tim4.o section .text
                                                         used in Release\main.o
_Timer                                        00000008   defined in Release\stm8l15x_it.o section .bsct, initialized
__endmem                                      000001ff   defined in command file
                                                         *** not used ***
__endzp                                       0000001b   defined in command file section .ubsct
                                                         used in C:\Program Files (x86)\COSMIC\FSE_Compilers\CXSTM8\Lib\crtsi0.sm8
__idesc__                                     00008099   defined in linker section .init
                                                         used in C:\Program Files (x86)\COSMIC\FSE_Compilers\CXSTM8\Lib\crtsi0.sm8
__memory                                      00000100   defined in command file section .bss
                                                         used in C:\Program Files (x86)\COSMIC\FSE_Compilers\CXSTM8\Lib\crtsi0.sm8
__stack                                       000003ff   defined in command file
                                                         used in C:\Program Files (x86)\COSMIC\FSE_Compilers\CXSTM8\Lib\crtsi0.sm8
__startmem                                    00000100   defined in command file section .bss
                                                         *** not used ***
__stext                                       000080b1   defined in C:\Program Files (x86)\COSMIC\FSE_Compilers\CXSTM8\Lib\crtsi0.sm8 section .text
                                                         used in Release\stm8_interrupt_vector.o
__vectab                                      00008000   defined in Release\stm8_interrupt_vector.o section .const
                                                         *** not used ***
_changeAddress                                0000830e   defined in Release\main.o section .text
_delay                                        0000834a   defined in Release\stm8l15x_it.o section .text
_exit                                         000080ff   defined in C:\Program Files (x86)\COSMIC\FSE_Compilers\CXSTM8\Lib\crtsi0.sm8 section .text
_main                                         000081b5   defined in Release\main.o section .text
                                                         used in C:\Program Files (x86)\COSMIC\FSE_Compilers\CXSTM8\Lib\crtsi0.sm8
_peripheralBuffer                             00000001   defined in Release\main.o section .bsct, initialized
                                                         used in Release\stm8l15x_it.o
_pulseTransmitter                             0000810c   defined in Release\bsp.o section .text
                                                         used in Release\main.o
                                                                 Release\stm8l15x_it.o
_rxIndex                                      0000000e   defined in Release\stm8l15x_it.o section .bsct, initialized
_txIndex                                      0000000f   defined in Release\stm8l15x_it.o section .bsct, initialized
_ultrasonicCLKSetup                           000082f7   defined in Release\main.o section .text
_ultrasonicGPIOSetup                          00008257   defined in Release\main.o section .text
_ultrasonicI2CSetup                           000082b9   defined in Release\main.o section .text
_userAddress                                  00000010   defined in Release\main.o section .ubsct
c_cmulx                                       00009b20   defined in (C:\Program Files (x86)\COSMIC\FSE_Compilers\CXSTM8\Lib\libm0.sm8)cmulx.o section .text
                                                         used in Release\stm8l15x_flash.o
c_divsl                                       00009d6b   defined in (C:\Program Files (x86)\COSMIC\FSE_Compilers\CXSTM8\Lib\libm0.sm8)ldiv.o section .text
                                                         *** not used ***
c_divul                                       00009d82   defined in (C:\Program Files (x86)\COSMIC\FSE_Compilers\CXSTM8\Lib\libm0.sm8)ldiv.o section .text
                                                         used in (C:\Program Files (x86)\COSMIC\FSE_Compilers\CXSTM8\Lib\libm0.sm8)ludiv.o
c_fmul                                        00009b34   defined in (C:\Program Files (x86)\COSMIC\FSE_Compilers\CXSTM8\Lib\libm0.sm8)fmul.o section .text
                                                         used in Release\stm8l15x_it.o
c_ftoi                                        00009c09   defined in (C:\Program Files (x86)\COSMIC\FSE_Compilers\CXSTM8\Lib\libm0.sm8)ftol.o section .text
                                                         used in Release\stm8l15x_it.o
c_ftol                                        00009c0f   defined in (C:\Program Files (x86)\COSMIC\FSE_Compilers\CXSTM8\Lib\libm0.sm8)ftol.o section .text
c_ladd                                        00009c6b   defined in (C:\Program Files (x86)\COSMIC\FSE_Compilers\CXSTM8\Lib\libm0.sm8)ladd.o section .text
                                                         used in Release\bsp.o
                                                                 Release\stm8l15x_flash.o
c_lcmp                                        00009c83   defined in (C:\Program Files (x86)\COSMIC\FSE_Compilers\CXSTM8\Lib\libm0.sm8)lcmp.o section .text
                                                         used in Release\stm8l15x_i2c.o
c_lgadd                                       00009ca3   defined in (C:\Program Files (x86)\COSMIC\FSE_Compilers\CXSTM8\Lib\libm0.sm8)lgadd.o section .text
                                                         used in Release\stm8l15x_flash.o
c_lgneg                                       00009e56   defined in (C:\Program Files (x86)\COSMIC\FSE_Compilers\CXSTM8\Lib\libm0.sm8)lgneg.o section .text
                                                         used in (C:\Program Files (x86)\COSMIC\FSE_Compilers\CXSTM8\Lib\libm0.sm8)ldiv.o
c_lmul                                        00009cba   defined in (C:\Program Files (x86)\COSMIC\FSE_Compilers\CXSTM8\Lib\libm0.sm8)lmul.o section .text
                                                         used in Release\stm8l15x_i2c.o
c_lmulc                                       00009cc2   defined in (C:\Program Files (x86)\COSMIC\FSE_Compilers\CXSTM8\Lib\libm0.sm8)lmul.o section .text
                                                         *** not used ***
c_lneg                                        00009e69   defined in (C:\Program Files (x86)\COSMIC\FSE_Compilers\CXSTM8\Lib\libm0.sm8)lneg.o section .text
                                                         used in (C:\Program Files (x86)\COSMIC\FSE_Compilers\CXSTM8\Lib\libm0.sm8)ldiv.o
c_lreg                                        00000011   defined in (C:\Program Files (x86)\COSMIC\FSE_Compilers\CXSTM8\Lib\libm0.sm8)lreg.o section .ubsct
                                                         used in Release\bsp.o
                                                                 Release\stm8l15x_it.o
                                                                 Release\stm8l15x_clk.o
                                                                 Release\stm8l15x_flash.o
                                                                 Release\stm8l15x_i2c.o
                                                                 (C:\Program Files (x86)\COSMIC\FSE_Compilers\CXSTM8\Lib\libm0.sm8)cmulx.o
                                                                 (C:\Program Files (x86)\COSMIC\FSE_Compilers\CXSTM8\Lib\libm0.sm8)fmul.o
                                                                 (C:\Program Files (x86)\COSMIC\FSE_Compilers\CXSTM8\Lib\libm0.sm8)ftol.o
                                                                 (C:\Program Files (x86)\COSMIC\FSE_Compilers\CXSTM8\Lib\libm0.sm8)ladd.o
                                                                 (C:\Program Files (x86)\COSMIC\FSE_Compilers\CXSTM8\Lib\libm0.sm8)lcmp.o
                                                                 (C:\Program Files (x86)\COSMIC\FSE_Compilers\CXSTM8\Lib\libm0.sm8)lgadd.o
                                                                 (C:\Program Files (x86)\COSMIC\FSE_Compilers\CXSTM8\Lib\libm0.sm8)lmul.o
                                                                 (C:\Program Files (x86)\COSMIC\FSE_Compilers\CXSTM8\Lib\libm0.sm8)ltor.o
                                                                 (C:\Program Files (x86)\COSMIC\FSE_Compilers\CXSTM8\Lib\libm0.sm8)ldiv.o
                                                                 (C:\Program Files (x86)\COSMIC\FSE_Compilers\CXSTM8\Lib\libm0.sm8)lneg.o
                                                                 (C:\Program Files (x86)\COSMIC\FSE_Compilers\CXSTM8\Lib\libm0.sm8)rtol.o
                                                                 (C:\Program Files (x86)\COSMIC\FSE_Compilers\CXSTM8\Lib\libm0.sm8)smul.o
                                                                 (C:\Program Files (x86)\COSMIC\FSE_Compilers\CXSTM8\Lib\libm0.sm8)uitof.o
                                                                 (C:\Program Files (x86)\COSMIC\FSE_Compilers\CXSTM8\Lib\libm0.sm8)utol.o
                                                                 (C:\Program Files (x86)\COSMIC\FSE_Compilers\CXSTM8\Lib\libm0.sm8)utolx.o
c_ltor                                        00009d45   defined in (C:\Program Files (x86)\COSMIC\FSE_Compilers\CXSTM8\Lib\libm0.sm8)ltor.o section .text
                                                         used in Release\stm8l15x_clk.o
                                                                 Release\stm8l15x_i2c.o
c_ludv                                        00009d57   defined in (C:\Program Files (x86)\COSMIC\FSE_Compilers\CXSTM8\Lib\libm0.sm8)ludiv.o section .text
                                                         used in Release\stm8l15x_clk.o
                                                                 Release\stm8l15x_i2c.o
c_lzmp                                        00009e7e   defined in (C:\Program Files (x86)\COSMIC\FSE_Compilers\CXSTM8\Lib\libm0.sm8)lzmp.o section .text
                                                         used in Release\stm8l15x_i2c.o
c_okmul                                       00009b42   defined in (C:\Program Files (x86)\COSMIC\FSE_Compilers\CXSTM8\Lib\libm0.sm8)fmul.o section .text
                                                         *** not used ***
c_rtol                                        00009e91   defined in (C:\Program Files (x86)\COSMIC\FSE_Compilers\CXSTM8\Lib\libm0.sm8)rtol.o section .text
                                                         used in Release\stm8l15x_clk.o
                                                                 Release\stm8l15x_i2c.o
c_sdivx                                       00009ea9   defined in (C:\Program Files (x86)\COSMIC\FSE_Compilers\CXSTM8\Lib\libm0.sm8)sdivx.o section .text
                                                         used in Release\stm8l15x_i2c.o
c_smodx                                       00009ea3   defined in (C:\Program Files (x86)\COSMIC\FSE_Compilers\CXSTM8\Lib\libm0.sm8)sdivx.o section .text
                                                         *** not used ***
c_smul                                        00009ece   defined in (C:\Program Files (x86)\COSMIC\FSE_Compilers\CXSTM8\Lib\libm0.sm8)smul.o section .text
                                                         used in Release\stm8l15x_i2c.o
c_uitof                                       00009f0d   defined in (C:\Program Files (x86)\COSMIC\FSE_Compilers\CXSTM8\Lib\libm0.sm8)uitof.o section .text
                                                         used in Release\stm8l15x_it.o
c_uitol                                       00009f31   defined in (C:\Program Files (x86)\COSMIC\FSE_Compilers\CXSTM8\Lib\libm0.sm8)utol.o section .text
                                                         used in Release\stm8l15x_i2c.o
c_uitolx                                      00009f3c   defined in (C:\Program Files (x86)\COSMIC\FSE_Compilers\CXSTM8\Lib\libm0.sm8)utolx.o section .text
                                                         used in Release\bsp.o
c_x                                           00000015   defined in (C:\Program Files (x86)\COSMIC\FSE_Compilers\CXSTM8\Lib\libm0.sm8)xreg.o section .ubsct
                                                         used in C:\Program Files (x86)\COSMIC\FSE_Compilers\CXSTM8\Lib\crtsi0.sm8
                                                                 Release\stm8l15x_it.o
                                                                 (C:\Program Files (x86)\COSMIC\FSE_Compilers\CXSTM8\Lib\libm0.sm8)fmul.o
                                                                 (C:\Program Files (x86)\COSMIC\FSE_Compilers\CXSTM8\Lib\libm0.sm8)lmul.o
                                                                 (C:\Program Files (x86)\COSMIC\FSE_Compilers\CXSTM8\Lib\libm0.sm8)ldiv.o
                                                                 (C:\Program Files (x86)\COSMIC\FSE_Compilers\CXSTM8\Lib\libm0.sm8)sdivx.o
c_y                                           00000018   defined in (C:\Program Files (x86)\COSMIC\FSE_Compilers\CXSTM8\Lib\libm0.sm8)yreg.o section .ubsct
                                                         used in C:\Program Files (x86)\COSMIC\FSE_Compilers\CXSTM8\Lib\crtsi0.sm8
                                                                 Release\stm8l15x_it.o
f_EXTI3_IRQHandler                            00008355   defined in Release\stm8l15x_it.o section .text
                                                         used in Release\stm8_interrupt_vector.o
f_EXTI5_IRQHandler                            000083b5   defined in Release\stm8l15x_it.o section .text
                                                         used in Release\stm8_interrupt_vector.o
f_EXTI6_IRQHandler                            0000841d   defined in Release\stm8l15x_it.o section .text
                                                         used in Release\stm8_interrupt_vector.o
f_I2C1_SPI2_IRQHandler                        00008532   defined in Release\stm8l15x_it.o section .text
                                                         used in Release\stm8_interrupt_vector.o
f_NonHandledInterrupt                         00008349   defined in Release\stm8l15x_it.o section .text
                                                         used in Release\stm8_interrupt_vector.o
f_TIM2_UPD_OVF_TRG_BRK_USART2_TX_IRQHandler   00008485   defined in Release\stm8l15x_it.o section .text
                                                         used in Release\stm8_interrupt_vector.o
f_TIM3_UPD_OVF_TRG_BRK_USART3_TX_IRQHandler   000084ad   defined in Release\stm8l15x_it.o section .text
                                                         used in Release\stm8_interrupt_vector.o
f_TIM4_UPD_OVF_TRG_IRQHandler                 000084f6   defined in Release\stm8l15x_it.o section .text
                                                         used in Release\stm8_interrupt_vector.o
