
Map of Release\firmware_v01.sm8 from link file Release\firmware_v01.lkf - Mon May 27 13:11:16 2024


                               --------
                               Segments
                               --------

start 00008080 end 000080a1 length    33 segment .const
start 000080c3 end 00009f5d length  7834 segment .text
start 00001000 end 00001000 length     0 segment .eeprom
start 00000000 end 0000001a length    26 segment .bsct, initialized
start 000080a9 end 000080c3 length    26 segment .bsct, from
start 0000001a end 00000024 length    10 segment .ubsct
start 00000024 end 00000024 length     0 segment .bit
start 00000024 end 00000024 length     0 segment .share
start 00000100 end 00000100 length     0 segment .data
start 00000100 end 00000100 length     0 segment .bss
start 00000000 end 00000bc2 length  3010 segment .info.
start 00008000 end 00008080 length   128 segment .const
start 000080a1 end 000080a9 length     8 segment .init


                               -------
                               Modules
                               -------

C:\Program Files (x86)\COSMIC\FSE_Compilers\CXSTM8\Lib\crtsi0.sm8:
start 000080c3 end 00008113 length    80 section .text
start 00000100 end 00000100 length     0 section .bss
start 0000001a end 0000001a length     0 section .ubsct
start 00000000 end 00000033 length    51 section .info.

Release\main.o:
start 00008113 end 00008441 length   814 section .text
start 00000000 end 00000016 length    22 section .bsct
start 00000033 end 000000bb length   136 section .info.
start 00008080 end 00008090 length    16 section .const

Release\stm8l15x_it.o:
start 00008441 end 00008616 length   469 section .text
start 00000016 end 0000001a length     4 section .bsct
start 000000bb end 0000014a length   143 section .info.

Release\stm8l15x_clk.o:
start 00008616 end 00008868 length   594 section .text
start 0000014a end 000001da length   144 section .info.
start 00008090 end 00008095 length     5 section .const

Release\stm8l15x_comp.o:
start ******** end ******** length     0 section .text *** removed ***
start 000001da end 0000026b length   145 section .info.

Release\stm8l15x_exti.o:
start 00008868 end 00008af5 length   653 section .text
start 0000026b end 000002fc length   145 section .info.

Release\stm8l15x_flash.o:
start 00008af5 end 00008ca6 length   433 section .text
start 000002fc end 0000038e length   146 section .info.

Release\stm8l15x_gpio.o:
start 00008ca6 end 00008d42 length   156 section .text
start 0000038e end 0000041f length   145 section .info.

Release\stm8l15x_i2c.o:
start 00008d42 end 00009113 length   977 section .text
start 0000041f end 000004af length   144 section .info.
start 00008095 end 000080a1 length    12 section .const

Release\stm8l15x_iwdg.o:
start ******** end ******** length     0 section .text *** removed ***
start 000004af end 00000540 length   145 section .info.

Release\stm8l15x_tim2.o:
start 00009113 end 000095db length  1224 section .text
start 00000540 end 000005d1 length   145 section .info.

Release\stm8l15x_tim3.o:
start 000095db end 000099fd length  1058 section .text
start 000005d1 end 00000662 length   145 section .info.

Release\stm8l15x_tim4.o:
start 000099fd end 00009abd length   192 section .text
start 00000662 end 000006f3 length   145 section .info.

(C:\Program Files (x86)\COSMIC\FSE_Compilers\CXSTM8\Lib\libm0.sm8)cmulx.o:
start 00009abd end 00009ad1 length    20 section .text
start 000006f3 end 00000722 length    47 section .info.

(C:\Program Files (x86)\COSMIC\FSE_Compilers\CXSTM8\Lib\libm0.sm8)fdiv.o:
start 00009ad1 end 00009b55 length   132 section .text
start 00000722 end 00000750 length    46 section .info.

(C:\Program Files (x86)\COSMIC\FSE_Compilers\CXSTM8\Lib\libm0.sm8)fmul.o:
start 00009b55 end 00009c2a length   213 section .text
start 00000750 end 0000077e length    46 section .info.

(C:\Program Files (x86)\COSMIC\FSE_Compilers\CXSTM8\Lib\libm0.sm8)ftol.o:
start 00009c2a end 00009c8c length    98 section .text
start 0000077e end 000007ac length    46 section .info.

(C:\Program Files (x86)\COSMIC\FSE_Compilers\CXSTM8\Lib\libm0.sm8)ladd.o:
start 00009c8c end 00009ca4 length    24 section .text
start 000007ac end 000007da length    46 section .info.

(C:\Program Files (x86)\COSMIC\FSE_Compilers\CXSTM8\Lib\libm0.sm8)lcmp.o:
start 00009ca4 end 00009cc4 length    32 section .text
start 000007da end 00000808 length    46 section .info.

(C:\Program Files (x86)\COSMIC\FSE_Compilers\CXSTM8\Lib\libm0.sm8)lgadd.o:
start 00009cc4 end 00009cdb length    23 section .text
start 00000808 end 00000837 length    47 section .info.

(C:\Program Files (x86)\COSMIC\FSE_Compilers\CXSTM8\Lib\libm0.sm8)lmul.o:
start 00009cdb end 00009d66 length   139 section .text
start 00000837 end 00000865 length    46 section .info.

(C:\Program Files (x86)\COSMIC\FSE_Compilers\CXSTM8\Lib\libm0.sm8)lreg.o:
start 0000001a end 0000001e length     4 section .ubsct
start 00000865 end 00000893 length    46 section .info.

(C:\Program Files (x86)\COSMIC\FSE_Compilers\CXSTM8\Lib\libm0.sm8)ltor.o:
start 00009d66 end 00009d78 length    18 section .text
start 00000893 end 000008c1 length    46 section .info.

(C:\Program Files (x86)\COSMIC\FSE_Compilers\CXSTM8\Lib\libm0.sm8)ludiv.o:
start 00009d78 end 00009d8c length    20 section .text
start 000008c1 end 000008f0 length    47 section .info.

(C:\Program Files (x86)\COSMIC\FSE_Compilers\CXSTM8\Lib\libm0.sm8)ldiv.o:
start 00009d8c end 00009e77 length   235 section .text
start 000008f0 end 0000091e length    46 section .info.

(C:\Program Files (x86)\COSMIC\FSE_Compilers\CXSTM8\Lib\libm0.sm8)lgneg.o:
start 00009e77 end 00009e8a length    19 section .text
start 0000091e end 0000094d length    47 section .info.

(C:\Program Files (x86)\COSMIC\FSE_Compilers\CXSTM8\Lib\libm0.sm8)lneg.o:
start 00009e8a end 00009e9f length    21 section .text
start 0000094d end 0000097b length    46 section .info.

(C:\Program Files (x86)\COSMIC\FSE_Compilers\CXSTM8\Lib\libm0.sm8)lzmp.o:
start 00009e9f end 00009eb2 length    19 section .text
start 0000097b end 000009a9 length    46 section .info.

(C:\Program Files (x86)\COSMIC\FSE_Compilers\CXSTM8\Lib\libm0.sm8)rtol.o:
start 00009eb2 end 00009ec4 length    18 section .text
start 000009a9 end 000009d7 length    46 section .info.

(C:\Program Files (x86)\COSMIC\FSE_Compilers\CXSTM8\Lib\libm0.sm8)sdivx.o:
start 00009ec4 end 00009eef length    43 section .text
start 000009d7 end 00000a06 length    47 section .info.

(C:\Program Files (x86)\COSMIC\FSE_Compilers\CXSTM8\Lib\libm0.sm8)smul.o:
start 00009eef end 00009f2e length    63 section .text
start 00000a06 end 00000a34 length    46 section .info.

(C:\Program Files (x86)\COSMIC\FSE_Compilers\CXSTM8\Lib\libm0.sm8)uitof.o:
start 00009f2e end 00009f52 length    36 section .text
start 00000a34 end 00000a63 length    47 section .info.

(C:\Program Files (x86)\COSMIC\FSE_Compilers\CXSTM8\Lib\libm0.sm8)utol.o:
start 00009f52 end 00009f5d length    11 section .text
start 00000a63 end 00000a91 length    46 section .info.

(C:\Program Files (x86)\COSMIC\FSE_Compilers\CXSTM8\Lib\libm0.sm8)xreg.o:
start 0000001e end 00000021 length     3 section .ubsct
start 00000a91 end 00000abf length    46 section .info.

(C:\Program Files (x86)\COSMIC\FSE_Compilers\CXSTM8\Lib\libm0.sm8)yreg.o:
start 00000021 end 00000024 length     3 section .ubsct
start 00000abf end 00000aed length    46 section .info.

Release\stm8_interrupt_vector.o:
start 00000aed end 00000b86 length   153 section .info.
start 00008000 end 00008080 length   128 section .const


                             -----------
                             Stack usage
                             -----------

Release\main.o:
_delay                                            4   (4)
_getAddr                                          9   (3)
_initializeCLK                                    7   (2)
_initializeGPIO                                   8   (2)
_initializeI2C                                   53   (2)
_initializeTimers                                 8   (2)
_main                                        >   55   (2)
_pulseTransmitter                                 8   (3)
_setAddr                                         10   (3)
_setOpAmp                                         8   (2)

Release\stm8l15x_clk.o:
_CLK_ClearFlag                               >    2   (2)
_CLK_ClearITPendingBit                       >    2   (2)
_CLK_DeInit                                  >    2   (2)
_CLK_GetClockFreq                                25   (11)
_CLK_GetFlagStatus                                5   (5)
_CLK_GetITStatus                             >    4   (4)
_CLK_GetSYSCLKSource                         >    2   (2)
_CLK_HSICmd                                       2   (2)
_CLK_ITConfig                                >    4   (4)
_CLK_MainRegulatorCmd                        >    2   (2)
_CLK_PeripheralClockConfig                        5   (5)
_CLK_RTCClockConfig                          >    4   (4)
_CLK_SYSCLKDivConfig                              2   (2)
_CLK_SYSCLKSourceConfig                           2   (2)
_CLK_SYSCLKSourceSwitchCmd                   >    2   (2)

Release\stm8l15x_exti.o:
_EXTI_ClearITPendingBit                           6   (6)
_EXTI_DeInit                                      2   (2)
_EXTI_GetITStatus                            >    5   (5)
_EXTI_GetPinSensitivity                      >    3   (3)
_EXTI_GetPortSensitivity                     >    4   (4)
_EXTI_SelectPort                             >    3   (3)
_EXTI_SetHalfPortSelection                   >    4   (4)
_EXTI_SetPinSensitivity                           4   (4)
_EXTI_SetPortSensitivity                     >    4   (4)

Release\stm8l15x_flash.o:
_FLASH_DeInit                                     2   (2)
_FLASH_EraseBlock                            >   13   (11)
_FLASH_EraseByte                             >    6   (6)
_FLASH_EraseOptionByte                       >    7   (2)
_FLASH_GetBootSize                           >    4   (4)
_FLASH_GetCodeSize                           >    4   (4)
_FLASH_GetFlagStatus                              3   (3)
_FLASH_GetPowerStatus                        >    2   (2)
_FLASH_GetProgrammingTime                    >    2   (2)
_FLASH_GetReadOutProtectionStatus            >    3   (3)
_FLASH_ITConfig                              >    2   (2)
_FLASH_Lock                                       2   (2)
_FLASH_PowerRunModeConfig                    >    2   (2)
_FLASH_PowerWaitModeConfig                   >    2   (2)
_FLASH_ProgramBlock                          >   16   (14)
_FLASH_ProgramByte                                7   (7)
_FLASH_ProgramOptionByte                     >   10   (5)
_FLASH_ProgramWord                           >   10   (10)
_FLASH_ReadByte                                   6   (6)
_FLASH_SetProgrammingTime                         2   (2)
_FLASH_Unlock                                     3   (3)
_FLASH_WaitForLastOperation                       5   (5)

Release\stm8l15x_gpio.o:
_GPIO_DeInit                                 >    2   (2)
_GPIO_ExternalPullUpConfig                   >    6   (6)
_GPIO_Init                                        6   (6)
_GPIO_ReadInputData                          >    2   (2)
_GPIO_ReadInputDataBit                            5   (5)
_GPIO_ReadOutputData                         >    2   (2)
_GPIO_ReadOutputDataBit                      >    5   (5)
_GPIO_ResetBits                                   5   (5)
_GPIO_SetBits                                     5   (5)
_GPIO_ToggleBits                             >    5   (5)
_GPIO_Write                                  >    5   (5)
_GPIO_WriteBit                               >    6   (6)

Release\stm8l15x_i2c.o:
_I2C_ARPCmd                                  >    5   (5)
_I2C_AckPositionConfig                       >    5   (5)
_I2C_AcknowledgeConfig                       >    5   (5)
_I2C_CalculatePEC                            >    5   (5)
_I2C_CheckEvent                              >   12   (12)
_I2C_ClearFlag                               >    8   (8)
_I2C_ClearITPendingBit                       >    8   (8)
_I2C_Cmd                                          5   (5)
_I2C_DMACmd                                  >    5   (5)
_I2C_DMALastTransferCmd                      >    5   (5)
_I2C_DeInit                                       2   (2)
_I2C_DualAddressCmd                          >    5   (5)
_I2C_FastModeDutyCycleConfig                 >    5   (5)
_I2C_GeneralCallCmd                          >    5   (5)
_I2C_GenerateSTART                           >    5   (5)
_I2C_GenerateSTOP                            >    5   (5)
_I2C_GetFlagStatus                           >    8   (8)
_I2C_GetITStatus                             >   10   (10)
_I2C_GetLastEvent                                10   (10)
_I2C_GetPEC                                  >    2   (2)
_I2C_ITConfig                                     7   (7)
_I2C_Init                                        51   (26)
_I2C_OwnAddress2Config                       >    6   (6)
_I2C_PECPositionConfig                       >    5   (5)
_I2C_ReadRegister                                 9   (9)
_I2C_ReceiveData                                  2   (2)
_I2C_SMBusAlertConfig                        >    5   (5)
_I2C_Send7bitAddress                         >    6   (6)
_I2C_SendData                                     5   (5)
_I2C_SoftwareResetCmd                        >    5   (5)
_I2C_StretchClockCmd                         >    5   (5)
_I2C_TransmitPEC                             >    5   (5)

Release\stm8l15x_it.o:
f_EXTI3_IRQHandler                           >   18   (12)
f_EXTI5_IRQHandler                           >   22   (16)
f_EXTI6_IRQHandler                           >   20   (12)
f_FLASH_IRQHandler                           >    6   (6)
f_I2C1_SPI2_IRQHandler                       >   26   (16)
f_NonHandledInterrupt                        >    6   (6)
f_TIM2_UPD_OVF_TRG_BRK_USART2_TX_IRQHandler  >   20   (12)
f_TIM3_UPD_OVF_TRG_BRK_USART3_TX_IRQHandler  >   20   (12)
f_TIM4_UPD_OVF_TRG_IRQHandler                >   22   (16)
f_TRAP_IRQHandler                            >    6   (6)

Release\stm8l15x_tim2.o:
_TIM2_BKRConfig                              >    8   (8)
_TIM2_ClearFlag                                   4   (4)
_TIM2_ClearITPendingBit                           2   (2)
_TIM2_Cmd                                         2   (2)
_TIM2_DMACmd                                 >    4   (4)
_TIM2_DeInit                                      2   (2)
_TIM2_ETRClockMode1Config                    >   10   (5)
_TIM2_ETRClockMode2Config                    >   10   (5)
_TIM2_ETRConfig                                   5   (5)
_TIM2_EncoderInterfaceConfig                 >    8   (8)
_TIM2_ForcedOC1Config                        >    4   (4)
_TIM2_ForcedOC2Config                        >    4   (4)
_TIM2_GenerateEvent                          >    2   (2)
_TIM2_GetCapture1                            >    6   (6)
_TIM2_GetCapture2                            >    6   (6)
_TIM2_GetCounter                                  6   (6)
_TIM2_GetFlagStatus                          >    6   (6)
_TIM2_GetITStatus                            >    5   (5)
_TIM2_GetPrescaler                           >    2   (2)
_TIM2_ICInit                                 >   14   (7)
_TIM2_ITConfig                                    4   (4)
_TIM2_InternalClockConfig                    >    2   (2)
_TIM2_OC1Init                                >    9   (9)
_TIM2_OC2Init                                >    9   (9)
_TIM2_PWMIConfig                             >   16   (9)
_TIM2_PrescalerConfig                        >    2   (2)
_TIM2_SelectCCDMA                            >    2   (2)
_TIM2_SelectHallSensor                       >    2   (2)
_TIM2_SelectInputTrigger                          4   (4)
_TIM2_SelectMasterSlaveMode                  >    2   (2)
_TIM2_SelectOutputTrigger                    >    4   (4)
_TIM2_SelectSlaveMode                        >    4   (4)
_TIM2_SetAutoreload                          >    2   (2)
_TIM2_SetCompare1                            >    2   (2)
_TIM2_SetCompare2                            >    2   (2)
_TIM2_SetCounter                                  2   (2)
_TIM2_SetIC1Prescaler                             4   (4)
_TIM2_SetIC2Prescaler                             4   (4)
_TIM2_TIxExternalClockConfig                 >   12   (5)
_TIM2_TimeBaseInit                                6   (6)

Release\stm8l15x_tim3.o:
L3_TI1_Config                                     7   (7)
L5_TI2_Config                                     7   (7)
_TIM3_ARRPreloadConfig                       >    2   (2)
_TIM3_ClearFlag                                   4   (4)
_TIM3_ClearITPendingBit                           2   (2)
_TIM3_Cmd                                         2   (2)
_TIM3_CtrlPWMOutputs                         >    2   (2)
_TIM3_DMACmd                                 >    4   (4)
_TIM3_DeInit                                      2   (2)
_TIM3_ETRConfig                              >    5   (5)
_TIM3_ForcedOC1Config                        >    4   (4)
_TIM3_ForcedOC2Config                        >    4   (4)
_TIM3_GenerateEvent                          >    2   (2)
_TIM3_GetCapture1                            >    6   (6)
_TIM3_GetCapture2                            >    6   (6)
_TIM3_GetCounter                             >    6   (6)
_TIM3_GetFlagStatus                          >    6   (6)
_TIM3_GetITStatus                            >    5   (5)
_TIM3_GetPrescaler                           >    2   (2)
_TIM3_ICInit                                 >   14   (7)
_TIM3_ITConfig                                    4   (4)
_TIM3_InternalClockConfig                    >    2   (2)
_TIM3_OC1Init                                >    9   (9)
_TIM3_OC2Init                                >    9   (9)
_TIM3_PWMIConfig                             >   16   (9)
_TIM3_PrescalerConfig                        >    2   (2)
_TIM3_SelectCCDMA                            >    2   (2)
_TIM3_SelectInputTrigger                     >    4   (4)
_TIM3_SelectMasterSlaveMode                  >    2   (2)
_TIM3_SelectOCxM                             >    4   (4)
_TIM3_SelectOutputTrigger                    >    4   (4)
_TIM3_SelectSlaveMode                        >    4   (4)
_TIM3_SetAutoreload                          >    2   (2)
_TIM3_SetCompare1                            >    2   (2)
_TIM3_SetCompare2                            >    2   (2)
_TIM3_SetCounter                                  2   (2)
_TIM3_SetIC1Prescaler                             4   (4)
_TIM3_SetIC2Prescaler                             4   (4)
_TIM3_TimeBaseInit                                6   (6)

Release\stm8l15x_tim4.o:
_TIM4_ARRPreloadConfig                       >    2   (2)
_TIM4_ClearFlag                                   2   (2)
_TIM4_ClearITPendingBit                           2   (2)
_TIM4_Cmd                                         2   (2)
_TIM4_DeInit                                      2   (2)
_TIM4_GenerateEvent                          >    2   (2)
_TIM4_GetCounter                             >    3   (3)
_TIM4_GetFlagStatus                          >    3   (3)
_TIM4_GetITStatus                            >    5   (5)
_TIM4_GetPrescaler                           >    2   (2)
_TIM4_ITConfig                                    4   (4)
_TIM4_InternalClockConfig                    >    2   (2)
_TIM4_PrescalerConfig                        >    2   (2)
_TIM4_SetAutoreload                          >    2   (2)
_TIM4_SetCounter                                  2   (2)
_TIM4_TimeBaseInit                                2   (2)

Stack size: 81


                              ---------
                              Call tree
                              ---------
   1 > _CLK_ClearFlag: (2)

   2 > _CLK_ClearITPendingBit: (2)

   3 > _CLK_DeInit: (2)

   4 > _CLK_GetITStatus: (4)

   5 > _CLK_GetSYSCLKSource: (2)

   6 > _CLK_ITConfig: (4)

   7 > _CLK_MainRegulatorCmd: (2)

   8 > _CLK_RTCClockConfig: (4)

   9 > _CLK_SYSCLKSourceSwitchCmd: (2)

  10 > _EXTI_GetITStatus: (5)

  11 > _EXTI_GetPinSensitivity: (3)

  12 > _EXTI_GetPortSensitivity: (4)

  13 > _EXTI_SelectPort: (3)

  14 > _EXTI_SetHalfPortSelection: (4)

  15 > _EXTI_SetPortSensitivity: (4)

  16 > _FLASH_EraseBlock: (11)

  17 > _FLASH_EraseByte: (6)

  18 > _FLASH_EraseOptionByte: (2)
  19      + _FLASH_WaitForLastOperation: (5)
       
  20 > _FLASH_GetBootSize: (4)

  21 > _FLASH_GetCodeSize: (4)

  22 > _FLASH_GetPowerStatus: (2)

  23 > _FLASH_GetProgrammingTime: (2)

  24 > _FLASH_GetReadOutProtectionStatus: (3)

  25 > _FLASH_ITConfig: (2)

  26 > _FLASH_PowerRunModeConfig: (2)

  27 > _FLASH_PowerWaitModeConfig: (2)

  28 > _FLASH_ProgramBlock: (14)

  29 > _FLASH_ProgramOptionByte: (5)
  30      + _FLASH_WaitForLastOperation --> 19
       
  31 > _FLASH_ProgramWord: (10)

  32 > _GPIO_DeInit: (2)

  33 > _GPIO_ExternalPullUpConfig: (6)

  34 > _GPIO_ReadInputData: (2)

  35 > _GPIO_ReadOutputData: (2)

  36 > _GPIO_ReadOutputDataBit: (5)

  37 > _GPIO_ToggleBits: (5)

  38 > _GPIO_Write: (5)

  39 > _GPIO_WriteBit: (6)

  40 > _I2C_ARPCmd: (5)

  41 > _I2C_AckPositionConfig: (5)

  42 > _I2C_AcknowledgeConfig: (5)

  43 > _I2C_CalculatePEC: (5)

  44 > _I2C_CheckEvent: (12)

  45 > _I2C_ClearFlag: (8)

  46 > _I2C_ClearITPendingBit: (8)

  47 > _I2C_DMACmd: (5)

  48 > _I2C_DMALastTransferCmd: (5)

  49 > _I2C_DualAddressCmd: (5)

  50 > _I2C_FastModeDutyCycleConfig: (5)

  51 > _I2C_GeneralCallCmd: (5)

  52 > _I2C_GenerateSTART: (5)

  53 > _I2C_GenerateSTOP: (5)

  54 > _I2C_GetFlagStatus: (8)

  55 > _I2C_GetITStatus: (10)

  56 > _I2C_GetPEC: (2)

  57 > _I2C_OwnAddress2Config: (6)

  58 > _I2C_PECPositionConfig: (5)

  59 > _I2C_SMBusAlertConfig: (5)

  60 > _I2C_Send7bitAddress: (6)

  61 > _I2C_SoftwareResetCmd: (5)

  62 > _I2C_StretchClockCmd: (5)

  63 > _I2C_TransmitPEC: (5)

  64 > _TIM2_BKRConfig: (8)

  65 > _TIM2_DMACmd: (4)

  66 > _TIM2_ETRClockMode1Config: (5)
  67      + _TIM2_ETRConfig: (5)
       
  68 > _TIM2_ETRClockMode2Config: (5)
  69      + _TIM2_ETRConfig --> 67
       
  70 > _TIM2_EncoderInterfaceConfig: (8)

  71 > _TIM2_ForcedOC1Config: (4)

  72 > _TIM2_ForcedOC2Config: (4)

  73 > _TIM2_GenerateEvent: (2)

  74 > _TIM2_GetCapture1: (6)

  75 > _TIM2_GetCapture2: (6)

  76 > _TIM2_GetFlagStatus: (6)

  77 > _TIM2_GetITStatus: (5)

  78 > _TIM2_GetPrescaler: (2)

  79 > _TIM2_ICInit: (7)
  80      + L3_TI1_Config: (7)
  81      + L5_TI2_Config: (7)
  82      + _TIM2_SetIC1Prescaler: (4)
  83      + _TIM2_SetIC2Prescaler: (4)
       
  84 > _TIM2_InternalClockConfig: (2)

  85 > _TIM2_OC1Init: (9)

  86 > _TIM2_OC2Init: (9)

  87 > _TIM2_PWMIConfig: (9)
  88      + L3_TI1_Config --> 80
  89      + L5_TI2_Config --> 81
  90      + _TIM2_SetIC1Prescaler --> 82
  91      + _TIM2_SetIC2Prescaler --> 83
       
  92 > _TIM2_PrescalerConfig: (2)

  93 > _TIM2_SelectCCDMA: (2)

  94 > _TIM2_SelectHallSensor: (2)

  95 > _TIM2_SelectMasterSlaveMode: (2)

  96 > _TIM2_SelectOutputTrigger: (4)

  97 > _TIM2_SelectSlaveMode: (4)

  98 > _TIM2_SetAutoreload: (2)

  99 > _TIM2_SetCompare1: (2)

 100 > _TIM2_SetCompare2: (2)

 101 > _TIM2_TIxExternalClockConfig: (5)
 102      + L3_TI1_Config --> 80
 103      + L5_TI2_Config --> 81
 104      + _TIM2_SelectInputTrigger: (4)
       
 105 > _TIM3_ARRPreloadConfig: (2)

 106 > _TIM3_CtrlPWMOutputs: (2)

 107 > _TIM3_DMACmd: (4)

 108 > _TIM3_ETRConfig: (5)

 109 > _TIM3_ForcedOC1Config: (4)

 110 > _TIM3_ForcedOC2Config: (4)

 111 > _TIM3_GenerateEvent: (2)

 112 > _TIM3_GetCapture1: (6)

 113 > _TIM3_GetCapture2: (6)

 114 > _TIM3_GetCounter: (6)

 115 > _TIM3_GetFlagStatus: (6)

 116 > _TIM3_GetITStatus: (5)

 117 > _TIM3_GetPrescaler: (2)

 118 > _TIM3_ICInit: (7)
 119      + L3_TI1_Config --> 80
 120      + L5_TI2_Config --> 81
 121      + _TIM3_SetIC1Prescaler: (4)
 122      + _TIM3_SetIC2Prescaler: (4)
       
 123 > _TIM3_InternalClockConfig: (2)

 124 > _TIM3_OC1Init: (9)

 125 > _TIM3_OC2Init: (9)

 126 > _TIM3_PWMIConfig: (9)
 127      + L3_TI1_Config --> 80
 128      + L5_TI2_Config --> 81
 129      + _TIM3_SetIC1Prescaler --> 121
 130      + _TIM3_SetIC2Prescaler --> 122
       
 131 > _TIM3_PrescalerConfig: (2)

 132 > _TIM3_SelectCCDMA: (2)

 133 > _TIM3_SelectInputTrigger: (4)

 134 > _TIM3_SelectMasterSlaveMode: (2)

 135 > _TIM3_SelectOCxM: (4)

 136 > _TIM3_SelectOutputTrigger: (4)

 137 > _TIM3_SelectSlaveMode: (4)

 138 > _TIM3_SetAutoreload: (2)

 139 > _TIM3_SetCompare1: (2)

 140 > _TIM3_SetCompare2: (2)

 141 > _TIM4_ARRPreloadConfig: (2)

 142 > _TIM4_GenerateEvent: (2)

 143 > _TIM4_GetCounter: (3)

 144 > _TIM4_GetFlagStatus: (3)

 145 > _TIM4_GetITStatus: (5)

 146 > _TIM4_GetPrescaler: (2)

 147 > _TIM4_InternalClockConfig: (2)

 148 > _TIM4_PrescalerConfig: (2)

 149 > _TIM4_SetAutoreload: (2)

 150 > __stext: (0)

 151 > _main: (2)
 152      + _GPIO_ReadInputDataBit: (5)
 153      + _GPIO_ResetBits: (5)
 154      + _TIM2_Cmd: (2)
 155      + _TIM2_GetCounter: (6)
 156      + _TIM3_Cmd: (2)
 157      + _TIM3_SetCounter: (2)
 158      + _getAddr: (3)
 159      |    + _FLASH_DeInit: (2)
 160      |    + _FLASH_GetFlagStatus: (3)
 161      |    + _FLASH_Lock: (2)
 162      |    + _FLASH_ReadByte: (6)
 163      |    + _FLASH_SetProgrammingTime: (2)
 164      |    + _FLASH_Unlock: (3)
          | 
 165      + _initializeCLK: (2)
 166      |    + _CLK_GetFlagStatus: (5)
 167      |    + _CLK_HSICmd: (2)
 168      |    + _CLK_SYSCLKDivConfig: (2)
 169      |    + _CLK_SYSCLKSourceConfig: (2)
          | 
 170      + _initializeGPIO: (2)
 171      |    + _EXTI_DeInit: (2)
 172      |    + _EXTI_SetPinSensitivity: (4)
 173      |    + _GPIO_Init: (6)
          | 
 174      + _initializeI2C: (2)
 175      |    + _CLK_PeripheralClockConfig: (5)
 176      |    + _I2C_Cmd: (5)
 177      |    + _I2C_DeInit: (2)
 178      |    + _I2C_ITConfig: (7)
 179      |    + _I2C_Init: (26)
 180      |    |    + _CLK_GetClockFreq: (11)
          |    | 
 181      |    + _getAddr --> 158
          | 
 182      + _initializeTimers: (2)
 183      |    + _CLK_PeripheralClockConfig --> 175
 184      |    + _TIM2_ClearFlag: (4)
 185      |    + _TIM2_DeInit: (2)
 186      |    + _TIM2_ITConfig: (4)
 187      |    + _TIM2_TimeBaseInit: (6)
 188      |    + _TIM3_ClearFlag: (4)
 189      |    + _TIM3_DeInit: (2)
 190      |    + _TIM3_ITConfig: (4)
 191      |    + _TIM3_TimeBaseInit: (6)
 192      |    + _TIM4_ClearFlag: (2)
 193      |    + _TIM4_DeInit: (2)
 194      |    + _TIM4_ITConfig: (4)
 195      |    + _TIM4_TimeBaseInit: (2)
          | 
 196      + _pulseTransmitter: (3)
 197      |    + _GPIO_ResetBits --> 153
 198      |    + _GPIO_SetBits: (5)
 199      |    + _TIM2_Cmd --> 154
 200      |    + _TIM2_SetCounter: (2)
 201      |    + _TIM4_Cmd: (2)
 202      |    + _TIM4_SetCounter: (2)
 203      |    + _delay: (4)
          | 
 204      + _setAddr: (3)
 205      |    + _FLASH_DeInit --> 159
 206      |    + _FLASH_GetFlagStatus --> 160
 207      |    + _FLASH_Lock --> 161
 208      |    + _FLASH_ProgramByte: (7)
 209      |    + _FLASH_SetProgrammingTime --> 163
 210      |    + _FLASH_Unlock --> 164
          | 
 211      + _setOpAmp: (2)
 212      |    + _GPIO_Init --> 173
 213      |    + _GPIO_ResetBits --> 153
 214      |    + _GPIO_SetBits --> 198
          | 
       
 215 > f_EXTI3_IRQHandler: (12)
 216      + _EXTI_ClearITPendingBit: (6)
       
 217 > f_EXTI5_IRQHandler: (16)
 218      + _EXTI_ClearITPendingBit --> 216
       
 219 > f_EXTI6_IRQHandler: (12)
 220      + _EXTI_ClearITPendingBit --> 216
 221      + _setOpAmp --> 211
       
 222 > f_FLASH_IRQHandler: (6)

 223 > f_I2C1_SPI2_IRQHandler: (16)
 224      + _I2C_GetLastEvent: (10)
 225      + _I2C_ReadRegister: (9)
 226      + _I2C_ReceiveData: (2)
 227      + _I2C_SendData: (5)
       
 228 > f_NonHandledInterrupt: (6)

 229 > f_TIM2_UPD_OVF_TRG_BRK_USART2_TX_IRQHandler: (12)
 230      + _TIM2_ClearITPendingBit: (2)
 231      + _TIM2_Cmd --> 154
 232      + _setOpAmp --> 211
       
 233 > f_TIM3_UPD_OVF_TRG_BRK_USART3_TX_IRQHandler: (12)
 234      + _GPIO_SetBits --> 198
 235      + _TIM3_ClearITPendingBit: (2)
 236      + _TIM3_Cmd --> 156
 237      + _setOpAmp --> 211
       
 238 > f_TIM4_UPD_OVF_TRG_IRQHandler: (16)
 239      + _GPIO_Init --> 173
 240      + _TIM4_ClearITPendingBit: (2)
 241      + _TIM4_Cmd --> 201
       
 242 > f_TRAP_IRQHandler: (6)

 243   L3_TI1_Config --> 80

 244   L5_TI2_Config --> 81

 245   _CLK_GetClockFreq --> 180

 246   _CLK_GetFlagStatus --> 166

 247   _CLK_HSICmd --> 167

 248   _CLK_PeripheralClockConfig --> 175

 249   _CLK_SYSCLKDivConfig --> 168

 250   _CLK_SYSCLKSourceConfig --> 169

 251   _EXTI_ClearITPendingBit --> 216

 252   _EXTI_DeInit --> 171

 253   _EXTI_SetPinSensitivity --> 172

 254   _FLASH_DeInit --> 159

 255   _FLASH_GetFlagStatus --> 160

 256   _FLASH_Lock --> 161

 257   _FLASH_ProgramByte --> 208

 258   _FLASH_ReadByte --> 162

 259   _FLASH_SetProgrammingTime --> 163

 260   _FLASH_Unlock --> 164

 261   _FLASH_WaitForLastOperation --> 19

 262   _GPIO_Init --> 173

 263   _GPIO_ReadInputDataBit --> 152

 264   _GPIO_ResetBits --> 153

 265   _GPIO_SetBits --> 198

 266   _I2C_Cmd --> 176

 267   _I2C_DeInit --> 177

 268   _I2C_GetLastEvent --> 224

 269   _I2C_ITConfig --> 178

 270   _I2C_Init --> 179

 271   _I2C_ReadRegister --> 225

 272   _I2C_ReceiveData --> 226

 273   _I2C_SendData --> 227

 274   _TIM2_ClearFlag --> 184

 275   _TIM2_ClearITPendingBit --> 230

 276   _TIM2_Cmd --> 154

 277   _TIM2_DeInit --> 185

 278   _TIM2_ETRConfig --> 67

 279   _TIM2_GetCounter --> 155

 280   _TIM2_ITConfig --> 186

 281   _TIM2_SelectInputTrigger --> 104

 282   _TIM2_SetCounter --> 200

 283   _TIM2_SetIC1Prescaler --> 82

 284   _TIM2_SetIC2Prescaler --> 83

 285   _TIM2_TimeBaseInit --> 187

 286   _TIM3_ClearFlag --> 188

 287   _TIM3_ClearITPendingBit --> 235

 288   _TIM3_Cmd --> 156

 289   _TIM3_DeInit --> 189

 290   _TIM3_ITConfig --> 190

 291   _TIM3_SetCounter --> 157

 292   _TIM3_SetIC1Prescaler --> 121

 293   _TIM3_SetIC2Prescaler --> 122

 294   _TIM3_TimeBaseInit --> 191

 295   _TIM4_ClearFlag --> 192

 296   _TIM4_ClearITPendingBit --> 240

 297   _TIM4_Cmd --> 201

 298   _TIM4_DeInit --> 193

 299   _TIM4_ITConfig --> 194

 300   _TIM4_SetCounter --> 202

 301   _TIM4_TimeBaseInit --> 195

 302   _delay --> 203

 303   _getAddr --> 158

 304   _initializeCLK --> 165

 305   _initializeGPIO --> 170

 306   _initializeI2C --> 174

 307   _initializeTimers --> 182

 308   _pulseTransmitter --> 196

 309   _setAddr --> 204

 310   _setOpAmp --> 211



                               -------
                               Symbols
                               -------

_CLK_ClearFlag                                0000882b   defined in Release\stm8l15x_clk.o section .text
_CLK_ClearITPendingBit                        00008858   defined in Release\stm8l15x_clk.o section .text
_CLK_DeInit                                   00008616   defined in Release\stm8l15x_clk.o section .text
_CLK_GetClockFreq                             0000866c   defined in Release\stm8l15x_clk.o section .text
                                                         used in Release\stm8l15x_i2c.o
_CLK_GetFlagStatus                            000087bc   defined in Release\stm8l15x_clk.o section .text
                                                         used in Release\main.o
_CLK_GetITStatus                              00008830   defined in Release\stm8l15x_clk.o section .text
_CLK_GetSYSCLKSource                          00008668   defined in Release\stm8l15x_clk.o section .text
_CLK_HSICmd                                   00008657   defined in Release\stm8l15x_clk.o section .text
                                                         used in Release\main.o
_CLK_ITConfig                                 0000877e   defined in Release\stm8l15x_clk.o section .text
_CLK_MainRegulatorCmd                         00008771   defined in Release\stm8l15x_clk.o section .text
_CLK_PeripheralClockConfig                    000086e6   defined in Release\stm8l15x_clk.o section .text
                                                         used in Release\main.o
_CLK_RTCClockConfig                           000086dd   defined in Release\stm8l15x_clk.o section .text
_CLK_SYSCLKDivConfig                          000086cc   defined in Release\stm8l15x_clk.o section .text
                                                         used in Release\main.o
_CLK_SYSCLKSourceConfig                       00008664   defined in Release\stm8l15x_clk.o section .text
                                                         used in Release\main.o
_CLK_SYSCLKSourceSwitchCmd                    000086d0   defined in Release\stm8l15x_clk.o section .text
_COMP_ClearFlag                               ********   *** removed from Release\stm8l15x_comp.o ***
_COMP_ClearITPendingBit                       ********   *** removed from Release\stm8l15x_comp.o ***
_COMP_DeInit                                  ********   *** removed from Release\stm8l15x_comp.o ***
_COMP_EdgeConfig                              ********   *** removed from Release\stm8l15x_comp.o ***
_COMP_GetFlagStatus                           ********   *** removed from Release\stm8l15x_comp.o ***
_COMP_GetITStatus                             ********   *** removed from Release\stm8l15x_comp.o ***
_COMP_GetOutputLevel                          ********   *** removed from Release\stm8l15x_comp.o ***
_COMP_ITConfig                                ********   *** removed from Release\stm8l15x_comp.o ***
_COMP_Init                                    ********   *** removed from Release\stm8l15x_comp.o ***
_COMP_SchmittTriggerCmd                       ********   *** removed from Release\stm8l15x_comp.o ***
_COMP_TriggerConfig                           ********   *** removed from Release\stm8l15x_comp.o ***
_COMP_VrefintOutputCmd                        ********   *** removed from Release\stm8l15x_comp.o ***
_COMP_VrefintToCOMP1Connect                   ********   *** removed from Release\stm8l15x_comp.o ***
_COMP_WindowCmd                               ********   *** removed from Release\stm8l15x_comp.o ***
_EXTI_ClearITPendingBit                       00008ada   defined in Release\stm8l15x_exti.o section .text
                                                         used in Release\stm8l15x_it.o
_EXTI_DeInit                                  00008868   defined in Release\stm8l15x_exti.o section .text
                                                         used in Release\main.o
_EXTI_GetITStatus                             00008ac1   defined in Release\stm8l15x_exti.o section .text
_EXTI_GetPinSensitivity                       00008a42   defined in Release\stm8l15x_exti.o section .text
_EXTI_GetPortSensitivity                      00008a9e   defined in Release\stm8l15x_exti.o section .text
_EXTI_SelectPort                              0000897f   defined in Release\stm8l15x_exti.o section .text
_EXTI_SetHalfPortSelection                    000089b0   defined in Release\stm8l15x_exti.o section .text
_EXTI_SetPinSensitivity                       00008889   defined in Release\stm8l15x_exti.o section .text
                                                         used in Release\main.o
_EXTI_SetPortSensitivity                      000089e6   defined in Release\stm8l15x_exti.o section .text
_FLASH_DeInit                                 00008b13   defined in Release\stm8l15x_flash.o section .text
                                                         used in Release\main.o
_FLASH_EraseBlock                             00008c31   defined in Release\stm8l15x_flash.o section .text
_FLASH_EraseByte                              00008b49   defined in Release\stm8l15x_flash.o section .text
_FLASH_EraseOptionByte                        00008b7a   defined in Release\stm8l15x_flash.o section .text
_FLASH_GetBootSize                            00008b95   defined in Release\stm8l15x_flash.o section .text
_FLASH_GetCodeSize                            00008ba9   defined in Release\stm8l15x_flash.o section .text
_FLASH_GetFlagStatus                          00008bca   defined in Release\stm8l15x_flash.o section .text
                                                         used in Release\main.o
_FLASH_GetPowerStatus                         00008bdf   defined in Release\stm8l15x_flash.o section .text
_FLASH_GetProgrammingTime                     00008b00   defined in Release\stm8l15x_flash.o section .text
_FLASH_GetReadOutProtectionStatus             00008b89   defined in Release\stm8l15x_flash.o section .text
_FLASH_ITConfig                               00008bbd   defined in Release\stm8l15x_flash.o section .text
_FLASH_Lock                                   00008b3c   defined in Release\stm8l15x_flash.o section .text
                                                         used in Release\main.o
_FLASH_PowerRunModeConfig                     00008bd2   defined in Release\stm8l15x_flash.o section .text
_FLASH_PowerWaitModeConfig                    00008b06   defined in Release\stm8l15x_flash.o section .text
_FLASH_ProgramBlock                           00008be5   defined in Release\stm8l15x_flash.o section .text
_FLASH_ProgramByte                            00008b43   defined in Release\stm8l15x_flash.o section .text
                                                         used in Release\main.o
_FLASH_ProgramOptionByte                      00008b67   defined in Release\stm8l15x_flash.o section .text
_FLASH_ProgramWord                            00008b4d   defined in Release\stm8l15x_flash.o section .text
_FLASH_ReadByte                               00008b63   defined in Release\stm8l15x_flash.o section .text
                                                         used in Release\main.o
_FLASH_SetProgrammingTime                     00008af5   defined in Release\stm8l15x_flash.o section .text
                                                         used in Release\main.o
_FLASH_Unlock                                 00008b23   defined in Release\stm8l15x_flash.o section .text
                                                         used in Release\main.o
_FLASH_WaitForLastOperation                   00008c68   defined in Release\stm8l15x_flash.o section .text
_GPIO_DeInit                                  00008ca6   defined in Release\stm8l15x_gpio.o section .text
_GPIO_ExternalPullUpConfig                    00008cff   defined in Release\stm8l15x_gpio.o section .text
_GPIO_Init                                    00008cae   defined in Release\stm8l15x_gpio.o section .text
                                                         used in Release\main.o
                                                                 Release\stm8l15x_it.o
_GPIO_ReadInputData                           00008d34   defined in Release\stm8l15x_gpio.o section .text
_GPIO_ReadInputDataBit                        00008d39   defined in Release\stm8l15x_gpio.o section .text
                                                         used in Release\main.o
_GPIO_ReadOutputData                          00008d37   defined in Release\stm8l15x_gpio.o section .text
_GPIO_ReadOutputDataBit                       00008d3e   defined in Release\stm8l15x_gpio.o section .text
_GPIO_ResetBits                               00008d29   defined in Release\stm8l15x_gpio.o section .text
                                                         used in Release\main.o
_GPIO_SetBits                                 00008d24   defined in Release\stm8l15x_gpio.o section .text
                                                         used in Release\main.o
                                                                 Release\stm8l15x_it.o
_GPIO_ToggleBits                              00008d2f   defined in Release\stm8l15x_gpio.o section .text
_GPIO_Write                                   00008d11   defined in Release\stm8l15x_gpio.o section .text
_GPIO_WriteBit                                00008d15   defined in Release\stm8l15x_gpio.o section .text
_I2C_ARPCmd                                   00008eee   defined in Release\stm8l15x_i2c.o section .text
_I2C_AckPositionConfig                        00008f35   defined in Release\stm8l15x_i2c.o section .text
_I2C_AcknowledgeConfig                        00008efc   defined in Release\stm8l15x_i2c.o section .text
_I2C_CalculatePEC                             00008f96   defined in Release\stm8l15x_i2c.o section .text
_I2C_CheckEvent                               00009003   defined in Release\stm8l15x_i2c.o section .text
_I2C_ClearFlag                                000090ac   defined in Release\stm8l15x_i2c.o section .text
_I2C_ClearITPendingBit                        00009101   defined in Release\stm8l15x_i2c.o section .text
_I2C_Cmd                                      00008e91   defined in Release\stm8l15x_i2c.o section .text
                                                         used in Release\main.o
_I2C_DMACmd                                   00008fb4   defined in Release\stm8l15x_i2c.o section .text
_I2C_DMALastTransferCmd                       00008fc5   defined in Release\stm8l15x_i2c.o section .text
_I2C_DeInit                                   00008d42   defined in Release\stm8l15x_i2c.o section .text
                                                         used in Release\main.o
_I2C_DualAddressCmd                           00008f24   defined in Release\stm8l15x_i2c.o section .text
_I2C_FastModeDutyCycleConfig                  00008f53   defined in Release\stm8l15x_i2c.o section .text
_I2C_GeneralCallCmd                           00008e9f   defined in Release\stm8l15x_i2c.o section .text
_I2C_GenerateSTART                            00008ead   defined in Release\stm8l15x_i2c.o section .text
_I2C_GenerateSTOP                             00008ebe   defined in Release\stm8l15x_i2c.o section .text
_I2C_GetFlagStatus                            00009079   defined in Release\stm8l15x_i2c.o section .text
_I2C_GetITStatus                              000090be   defined in Release\stm8l15x_i2c.o section .text
_I2C_GetLastEvent                             0000904b   defined in Release\stm8l15x_i2c.o section .text
                                                         used in Release\stm8l15x_it.o
_I2C_GetPEC                                   00008fb1   defined in Release\stm8l15x_i2c.o section .text
_I2C_ITConfig                                 00008fd6   defined in Release\stm8l15x_i2c.o section .text
                                                         used in Release\main.o
_I2C_Init                                     00008d58   defined in Release\stm8l15x_i2c.o section .text
                                                         used in Release\main.o
_I2C_OwnAddress2Config                        00008f0d   defined in Release\stm8l15x_i2c.o section .text
_I2C_PECPositionConfig                        00008fa4   defined in Release\stm8l15x_i2c.o section .text
_I2C_ReadRegister                             00008fe8   defined in Release\stm8l15x_i2c.o section .text
                                                         used in Release\stm8l15x_it.o
_I2C_ReceiveData                              00008f82   defined in Release\stm8l15x_i2c.o section .text
                                                         used in Release\stm8l15x_it.o
_I2C_SMBusAlertConfig                         00008f42   defined in Release\stm8l15x_i2c.o section .text
_I2C_Send7bitAddress                          00008f66   defined in Release\stm8l15x_i2c.o section .text
_I2C_SendData                                 00008f7d   defined in Release\stm8l15x_i2c.o section .text
                                                         used in Release\stm8l15x_it.o
_I2C_SoftwareResetCmd                         00008ecf   defined in Release\stm8l15x_i2c.o section .text
_I2C_StretchClockCmd                          00008ee0   defined in Release\stm8l15x_i2c.o section .text
_I2C_TransmitPEC                              00008f85   defined in Release\stm8l15x_i2c.o section .text
_IWDG_Enable                                  ********   *** removed from Release\stm8l15x_iwdg.o ***
_IWDG_ReloadCounter                           ********   *** removed from Release\stm8l15x_iwdg.o ***
_IWDG_SetPrescaler                            ********   *** removed from Release\stm8l15x_iwdg.o ***
_IWDG_SetReload                               ********   *** removed from Release\stm8l15x_iwdg.o ***
_IWDG_WriteAccessCmd                          ********   *** removed from Release\stm8l15x_iwdg.o ***
_SYSDivFactor                                 00008090   defined in Release\stm8l15x_clk.o section .const
_TIM2_BKRConfig                               0000928c   defined in Release\stm8l15x_tim2.o section .text
_TIM2_ClearFlag                               000093ee   defined in Release\stm8l15x_tim2.o section .text
                                                         used in Release\main.o
_TIM2_ClearITPendingBit                       0000941a   defined in Release\stm8l15x_tim2.o section .text
                                                         used in Release\stm8l15x_it.o
_TIM2_Cmd                                     000091df   defined in Release\stm8l15x_tim2.o section .text
                                                         used in Release\main.o
                                                                 Release\stm8l15x_it.o
_TIM2_DMACmd                                  0000941f   defined in Release\stm8l15x_tim2.o section .text
_TIM2_DeInit                                  00009113   defined in Release\stm8l15x_tim2.o section .text
                                                         used in Release\main.o
_TIM2_ETRClockMode1Config                     00009479   defined in Release\stm8l15x_tim2.o section .text
_TIM2_ETRClockMode2Config                     000094a5   defined in Release\stm8l15x_tim2.o section .text
_TIM2_ETRConfig                               000094ec   defined in Release\stm8l15x_tim2.o section .text
_TIM2_EncoderInterfaceConfig                  000094fa   defined in Release\stm8l15x_tim2.o section .text
_TIM2_ForcedOC1Config                         000092b3   defined in Release\stm8l15x_tim2.o section .text
_TIM2_ForcedOC2Config                         000092c1   defined in Release\stm8l15x_tim2.o section .text
_TIM2_GenerateEvent                           000093cf   defined in Release\stm8l15x_tim2.o section .text
_TIM2_GetCapture1                             00009363   defined in Release\stm8l15x_tim2.o section .text
_TIM2_GetCapture2                             00009380   defined in Release\stm8l15x_tim2.o section .text
_TIM2_GetCounter                              000091be   defined in Release\stm8l15x_tim2.o section .text
                                                         used in Release\main.o
_TIM2_GetFlagStatus                           000093d6   defined in Release\stm8l15x_tim2.o section .text
_TIM2_GetITStatus                             000093fc   defined in Release\stm8l15x_tim2.o section .text
_TIM2_GetPrescaler                            000091db   defined in Release\stm8l15x_tim2.o section .text
_TIM2_ICInit                                  000092cf   defined in Release\stm8l15x_tim2.o section .text
_TIM2_ITConfig                                000093b9   defined in Release\stm8l15x_tim2.o section .text
                                                         used in Release\main.o
_TIM2_InternalClockConfig                     00009442   defined in Release\stm8l15x_tim2.o section .text
_TIM2_OC1Init                                 000091ec   defined in Release\stm8l15x_tim2.o section .text
_TIM2_OC2Init                                 0000923c   defined in Release\stm8l15x_tim2.o section .text
_TIM2_PWMIConfig                              000092fc   defined in Release\stm8l15x_tim2.o section .text
_TIM2_PrescalerConfig                         0000919a   defined in Release\stm8l15x_tim2.o section .text
_TIM2_SelectCCDMA                             00009435   defined in Release\stm8l15x_tim2.o section .text
_TIM2_SelectHallSensor                        0000955e   defined in Release\stm8l15x_tim2.o section .text
_TIM2_SelectInputTrigger                      000094b5   defined in Release\stm8l15x_tim2.o section .text
_TIM2_SelectMasterSlaveMode                   000094df   defined in Release\stm8l15x_tim2.o section .text
_TIM2_SelectOutputTrigger                     000094c3   defined in Release\stm8l15x_tim2.o section .text
_TIM2_SelectSlaveMode                         000094d1   defined in Release\stm8l15x_tim2.o section .text
_TIM2_SetAutoreload                           000091b5   defined in Release\stm8l15x_tim2.o section .text
_TIM2_SetCompare1                             000092a1   defined in Release\stm8l15x_tim2.o section .text
_TIM2_SetCompare2                             000092aa   defined in Release\stm8l15x_tim2.o section .text
_TIM2_SetCounter                              000091ac   defined in Release\stm8l15x_tim2.o section .text
                                                         used in Release\main.o
_TIM2_SetIC1Prescaler                         0000939d   defined in Release\stm8l15x_tim2.o section .text
_TIM2_SetIC2Prescaler                         000093ab   defined in Release\stm8l15x_tim2.o section .text
_TIM2_TIxExternalClockConfig                  0000944b   defined in Release\stm8l15x_tim2.o section .text
_TIM2_TimeBaseInit                            00009178   defined in Release\stm8l15x_tim2.o section .text
                                                         used in Release\main.o
_TIM3_ARRPreloadConfig                        000096a7   defined in Release\stm8l15x_tim3.o section .text
_TIM3_ClearFlag                               000098eb   defined in Release\stm8l15x_tim3.o section .text
                                                         used in Release\main.o
_TIM3_ClearITPendingBit                       00009917   defined in Release\stm8l15x_tim3.o section .text
                                                         used in Release\stm8l15x_it.o
_TIM3_Cmd                                     000096b4   defined in Release\stm8l15x_tim3.o section .text
                                                         used in Release\main.o
                                                                 Release\stm8l15x_it.o
_TIM3_CtrlPWMOutputs                          00009761   defined in Release\stm8l15x_tim3.o section .text
_TIM3_DMACmd                                  0000991c   defined in Release\stm8l15x_tim3.o section .text
_TIM3_DeInit                                  000095db   defined in Release\stm8l15x_tim3.o section .text
                                                         used in Release\main.o
_TIM3_ETRConfig                               0000997f   defined in Release\stm8l15x_tim3.o section .text
_TIM3_ForcedOC1Config                         000097b0   defined in Release\stm8l15x_tim3.o section .text
_TIM3_ForcedOC2Config                         000097be   defined in Release\stm8l15x_tim3.o section .text
_TIM3_GenerateEvent                           000098cc   defined in Release\stm8l15x_tim3.o section .text
_TIM3_GetCapture1                             00009860   defined in Release\stm8l15x_tim3.o section .text
_TIM3_GetCapture2                             0000987d   defined in Release\stm8l15x_tim3.o section .text
_TIM3_GetCounter                              00009686   defined in Release\stm8l15x_tim3.o section .text
_TIM3_GetFlagStatus                           000098d3   defined in Release\stm8l15x_tim3.o section .text
_TIM3_GetITStatus                             000098f9   defined in Release\stm8l15x_tim3.o section .text
_TIM3_GetPrescaler                            000096a3   defined in Release\stm8l15x_tim3.o section .text
_TIM3_ICInit                                  000097cc   defined in Release\stm8l15x_tim3.o section .text
_TIM3_ITConfig                                000098b6   defined in Release\stm8l15x_tim3.o section .text
                                                         used in Release\main.o
_TIM3_InternalClockConfig                     0000993f   defined in Release\stm8l15x_tim3.o section .text
_TIM3_OC1Init                                 000096c1   defined in Release\stm8l15x_tim3.o section .text
_TIM3_OC2Init                                 00009711   defined in Release\stm8l15x_tim3.o section .text
_TIM3_PWMIConfig                              000097f9   defined in Release\stm8l15x_tim3.o section .text
_TIM3_PrescalerConfig                         00009662   defined in Release\stm8l15x_tim3.o section .text
_TIM3_SelectCCDMA                             00009932   defined in Release\stm8l15x_tim3.o section .text
_TIM3_SelectInputTrigger                      00009948   defined in Release\stm8l15x_tim3.o section .text
_TIM3_SelectMasterSlaveMode                   00009972   defined in Release\stm8l15x_tim3.o section .text
_TIM3_SelectOCxM                              0000976e   defined in Release\stm8l15x_tim3.o section .text
_TIM3_SelectOutputTrigger                     00009956   defined in Release\stm8l15x_tim3.o section .text
_TIM3_SelectSlaveMode                         00009964   defined in Release\stm8l15x_tim3.o section .text
_TIM3_SetAutoreload                           0000967d   defined in Release\stm8l15x_tim3.o section .text
_TIM3_SetCompare1                             0000979e   defined in Release\stm8l15x_tim3.o section .text
_TIM3_SetCompare2                             000097a7   defined in Release\stm8l15x_tim3.o section .text
_TIM3_SetCounter                              00009674   defined in Release\stm8l15x_tim3.o section .text
                                                         used in Release\main.o
_TIM3_SetIC1Prescaler                         0000989a   defined in Release\stm8l15x_tim3.o section .text
_TIM3_SetIC2Prescaler                         000098a8   defined in Release\stm8l15x_tim3.o section .text
_TIM3_TimeBaseInit                            00009640   defined in Release\stm8l15x_tim3.o section .text
                                                         used in Release\main.o
_TIM4_ARRPreloadConfig                        00009a4d   defined in Release\stm8l15x_tim4.o section .text
_TIM4_ClearFlag                               00009a8c   defined in Release\stm8l15x_tim4.o section .text
                                                         used in Release\main.o
_TIM4_ClearITPendingBit                       00009aaf   defined in Release\stm8l15x_tim4.o section .text
                                                         used in Release\stm8l15x_it.o
_TIM4_Cmd                                     00009a5a   defined in Release\stm8l15x_tim4.o section .text
                                                         used in Release\main.o
                                                                 Release\stm8l15x_it.o
_TIM4_DeInit                                  000099fd   defined in Release\stm8l15x_tim4.o section .text
                                                         used in Release\main.o
_TIM4_GenerateEvent                           00009a7d   defined in Release\stm8l15x_tim4.o section .text
_TIM4_GetCounter                              00009a45   defined in Release\stm8l15x_tim4.o section .text
_TIM4_GetFlagStatus                           00009a84   defined in Release\stm8l15x_tim4.o section .text
_TIM4_GetITStatus                             00009a91   defined in Release\stm8l15x_tim4.o section .text
_TIM4_GetPrescaler                            00009a49   defined in Release\stm8l15x_tim4.o section .text
_TIM4_ITConfig                                00009a67   defined in Release\stm8l15x_tim4.o section .text
                                                         used in Release\main.o
_TIM4_InternalClockConfig                     00009ab4   defined in Release\stm8l15x_tim4.o section .text
_TIM4_PrescalerConfig                         00009a2b   defined in Release\stm8l15x_tim4.o section .text
_TIM4_SetAutoreload                           00009a41   defined in Release\stm8l15x_tim4.o section .text
_TIM4_SetCounter                              00009a3d   defined in Release\stm8l15x_tim4.o section .text
                                                         used in Release\main.o
_TIM4_TimeBaseInit                            00009a1e   defined in Release\stm8l15x_tim4.o section .text
                                                         used in Release\main.o
__endmem                                      000001ff   defined in command file
                                                         *** not used ***
__endzp                                       00000024   defined in command file section .ubsct
                                                         used in C:\Program Files (x86)\COSMIC\FSE_Compilers\CXSTM8\Lib\crtsi0.sm8
__idesc__                                     000080a1   defined in linker section .init
                                                         used in C:\Program Files (x86)\COSMIC\FSE_Compilers\CXSTM8\Lib\crtsi0.sm8
__memory                                      00000100   defined in command file section .bss
                                                         used in C:\Program Files (x86)\COSMIC\FSE_Compilers\CXSTM8\Lib\crtsi0.sm8
__stack                                       000003ff   defined in command file
                                                         used in C:\Program Files (x86)\COSMIC\FSE_Compilers\CXSTM8\Lib\crtsi0.sm8
__startmem                                    00000100   defined in command file section .bss
                                                         *** not used ***
__stext                                       000080c3   defined in C:\Program Files (x86)\COSMIC\FSE_Compilers\CXSTM8\Lib\crtsi0.sm8 section .text
                                                         used in Release\stm8_interrupt_vector.o
__vectab                                      00008000   defined in Release\stm8_interrupt_vector.o section .const
                                                         *** not used ***
_addressInterrupt                             00000002   defined in Release\main.o section .bsct, initialized
                                                         used in Release\stm8l15x_it.o
_cycles                                       00000010   defined in Release\main.o section .bsct, initialized
_delay                                        00008204   defined in Release\main.o section .text
_distance                                     0000000c   defined in Release\main.o section .bsct, initialized
_distanceH                                    00000005   defined in Release\main.o section .bsct, initialized
                                                         used in Release\stm8l15x_it.o
_distanceL                                    00000006   defined in Release\main.o section .bsct, initialized
                                                         used in Release\stm8l15x_it.o
_event                                        00000016   defined in Release\stm8l15x_it.o section .bsct, initialized
_exit                                         00008111   defined in C:\Program Files (x86)\COSMIC\FSE_Compilers\CXSTM8\Lib\crtsi0.sm8 section .text
_getAddr                                      00008403   defined in Release\main.o section .text
_i2cInterrupt                                 00000004   defined in Release\main.o section .bsct, initialized
                                                         used in Release\stm8l15x_it.o
_initializeCLK                                000082b3   defined in Release\main.o section .text
_initializeGPIO                               0000820f   defined in Release\main.o section .text
_initializeI2C                                00008271   defined in Release\main.o section .text
_initializeTimers                             000082ca   defined in Release\main.o section .text
_main                                         00008113   defined in Release\main.o section .text
                                                         used in C:\Program Files (x86)\COSMIC\FSE_Compilers\CXSTM8\Lib\crtsi0.sm8
_opAmpInterrupt                               00000001   defined in Release\main.o section .bsct, initialized
                                                         used in Release\stm8l15x_it.o
_outRange                                     00000000   defined in Release\main.o section .bsct, initialized
                                                         used in Release\stm8l15x_it.o
_peripheralBuffer                             00000012   defined in Release\main.o section .bsct, initialized
                                                         used in Release\stm8l15x_it.o
_pulseTransmitter                             00008324   defined in Release\main.o section .text
_rxIndex                                      00000018   defined in Release\stm8l15x_it.o section .bsct, initialized
_setAddr                                      000083bf   defined in Release\main.o section .text
_setOpAmp                                     00008398   defined in Release\main.o section .text
                                                         used in Release\stm8l15x_it.o
_totalTime                                    00000008   defined in Release\main.o section .bsct, initialized
_triggerInterrupt                             00000003   defined in Release\main.o section .bsct, initialized
                                                         used in Release\stm8l15x_it.o
_txIndex                                      00000019   defined in Release\stm8l15x_it.o section .bsct, initialized
_userAddress                                  00000007   defined in Release\main.o section .bsct, initialized
c_cmulx                                       00009abd   defined in (C:\Program Files (x86)\COSMIC\FSE_Compilers\CXSTM8\Lib\libm0.sm8)cmulx.o section .text
                                                         used in Release\stm8l15x_flash.o
c_divsl                                       00009d8c   defined in (C:\Program Files (x86)\COSMIC\FSE_Compilers\CXSTM8\Lib\libm0.sm8)ldiv.o section .text
                                                         *** not used ***
c_divul                                       00009da3   defined in (C:\Program Files (x86)\COSMIC\FSE_Compilers\CXSTM8\Lib\libm0.sm8)ldiv.o section .text
                                                         used in (C:\Program Files (x86)\COSMIC\FSE_Compilers\CXSTM8\Lib\libm0.sm8)ludiv.o
c_fdiv                                        00009ad1   defined in (C:\Program Files (x86)\COSMIC\FSE_Compilers\CXSTM8\Lib\libm0.sm8)fdiv.o section .text
                                                         used in Release\main.o
c_fmul                                        00009b55   defined in (C:\Program Files (x86)\COSMIC\FSE_Compilers\CXSTM8\Lib\libm0.sm8)fmul.o section .text
                                                         used in Release\main.o
c_ftoi                                        00009c2a   defined in (C:\Program Files (x86)\COSMIC\FSE_Compilers\CXSTM8\Lib\libm0.sm8)ftol.o section .text
                                                         used in Release\main.o
c_ftol                                        00009c30   defined in (C:\Program Files (x86)\COSMIC\FSE_Compilers\CXSTM8\Lib\libm0.sm8)ftol.o section .text
                                                         used in Release\main.o
c_ladd                                        00009c8c   defined in (C:\Program Files (x86)\COSMIC\FSE_Compilers\CXSTM8\Lib\libm0.sm8)ladd.o section .text
                                                         used in Release\stm8l15x_flash.o
c_lcmp                                        00009ca4   defined in (C:\Program Files (x86)\COSMIC\FSE_Compilers\CXSTM8\Lib\libm0.sm8)lcmp.o section .text
                                                         used in Release\stm8l15x_i2c.o
c_lgadd                                       00009cc4   defined in (C:\Program Files (x86)\COSMIC\FSE_Compilers\CXSTM8\Lib\libm0.sm8)lgadd.o section .text
                                                         used in Release\stm8l15x_flash.o
c_lgneg                                       00009e77   defined in (C:\Program Files (x86)\COSMIC\FSE_Compilers\CXSTM8\Lib\libm0.sm8)lgneg.o section .text
                                                         used in (C:\Program Files (x86)\COSMIC\FSE_Compilers\CXSTM8\Lib\libm0.sm8)ldiv.o
c_lmul                                        00009cdb   defined in (C:\Program Files (x86)\COSMIC\FSE_Compilers\CXSTM8\Lib\libm0.sm8)lmul.o section .text
                                                         used in Release\stm8l15x_i2c.o
c_lmulc                                       00009ce3   defined in (C:\Program Files (x86)\COSMIC\FSE_Compilers\CXSTM8\Lib\libm0.sm8)lmul.o section .text
                                                         *** not used ***
c_lneg                                        00009e8a   defined in (C:\Program Files (x86)\COSMIC\FSE_Compilers\CXSTM8\Lib\libm0.sm8)lneg.o section .text
                                                         used in (C:\Program Files (x86)\COSMIC\FSE_Compilers\CXSTM8\Lib\libm0.sm8)ldiv.o
c_lreg                                        0000001a   defined in (C:\Program Files (x86)\COSMIC\FSE_Compilers\CXSTM8\Lib\libm0.sm8)lreg.o section .ubsct
                                                         used in Release\main.o
                                                                 Release\stm8l15x_it.o
                                                                 Release\stm8l15x_clk.o
                                                                 Release\stm8l15x_flash.o
                                                                 Release\stm8l15x_i2c.o
                                                                 (C:\Program Files (x86)\COSMIC\FSE_Compilers\CXSTM8\Lib\libm0.sm8)cmulx.o
                                                                 (C:\Program Files (x86)\COSMIC\FSE_Compilers\CXSTM8\Lib\libm0.sm8)fdiv.o
                                                                 (C:\Program Files (x86)\COSMIC\FSE_Compilers\CXSTM8\Lib\libm0.sm8)fmul.o
                                                                 (C:\Program Files (x86)\COSMIC\FSE_Compilers\CXSTM8\Lib\libm0.sm8)ftol.o
                                                                 (C:\Program Files (x86)\COSMIC\FSE_Compilers\CXSTM8\Lib\libm0.sm8)ladd.o
                                                                 (C:\Program Files (x86)\COSMIC\FSE_Compilers\CXSTM8\Lib\libm0.sm8)lcmp.o
                                                                 (C:\Program Files (x86)\COSMIC\FSE_Compilers\CXSTM8\Lib\libm0.sm8)lgadd.o
                                                                 (C:\Program Files (x86)\COSMIC\FSE_Compilers\CXSTM8\Lib\libm0.sm8)lmul.o
                                                                 (C:\Program Files (x86)\COSMIC\FSE_Compilers\CXSTM8\Lib\libm0.sm8)ltor.o
                                                                 (C:\Program Files (x86)\COSMIC\FSE_Compilers\CXSTM8\Lib\libm0.sm8)ldiv.o
                                                                 (C:\Program Files (x86)\COSMIC\FSE_Compilers\CXSTM8\Lib\libm0.sm8)lneg.o
                                                                 (C:\Program Files (x86)\COSMIC\FSE_Compilers\CXSTM8\Lib\libm0.sm8)rtol.o
                                                                 (C:\Program Files (x86)\COSMIC\FSE_Compilers\CXSTM8\Lib\libm0.sm8)smul.o
                                                                 (C:\Program Files (x86)\COSMIC\FSE_Compilers\CXSTM8\Lib\libm0.sm8)uitof.o
                                                                 (C:\Program Files (x86)\COSMIC\FSE_Compilers\CXSTM8\Lib\libm0.sm8)utol.o
c_ltor                                        00009d66   defined in (C:\Program Files (x86)\COSMIC\FSE_Compilers\CXSTM8\Lib\libm0.sm8)ltor.o section .text
                                                         used in Release\main.o
                                                                 Release\stm8l15x_clk.o
                                                                 Release\stm8l15x_i2c.o
c_ludv                                        00009d78   defined in (C:\Program Files (x86)\COSMIC\FSE_Compilers\CXSTM8\Lib\libm0.sm8)ludiv.o section .text
                                                         used in Release\stm8l15x_clk.o
                                                                 Release\stm8l15x_i2c.o
c_lzmp                                        00009e9f   defined in (C:\Program Files (x86)\COSMIC\FSE_Compilers\CXSTM8\Lib\libm0.sm8)lzmp.o section .text
                                                         used in Release\stm8l15x_i2c.o
c_okdiv                                       00009ae1   defined in (C:\Program Files (x86)\COSMIC\FSE_Compilers\CXSTM8\Lib\libm0.sm8)fdiv.o section .text
                                                         *** not used ***
c_okmul                                       00009b63   defined in (C:\Program Files (x86)\COSMIC\FSE_Compilers\CXSTM8\Lib\libm0.sm8)fmul.o section .text
                                                         *** not used ***
c_rtol                                        00009eb2   defined in (C:\Program Files (x86)\COSMIC\FSE_Compilers\CXSTM8\Lib\libm0.sm8)rtol.o section .text
                                                         used in Release\main.o
                                                                 Release\stm8l15x_clk.o
                                                                 Release\stm8l15x_i2c.o
c_sdivx                                       00009eca   defined in (C:\Program Files (x86)\COSMIC\FSE_Compilers\CXSTM8\Lib\libm0.sm8)sdivx.o section .text
                                                         used in Release\stm8l15x_i2c.o
c_smodx                                       00009ec4   defined in (C:\Program Files (x86)\COSMIC\FSE_Compilers\CXSTM8\Lib\libm0.sm8)sdivx.o section .text
                                                         *** not used ***
c_smul                                        00009eef   defined in (C:\Program Files (x86)\COSMIC\FSE_Compilers\CXSTM8\Lib\libm0.sm8)smul.o section .text
                                                         used in Release\stm8l15x_i2c.o
c_uitof                                       00009f2e   defined in (C:\Program Files (x86)\COSMIC\FSE_Compilers\CXSTM8\Lib\libm0.sm8)uitof.o section .text
                                                         used in Release\main.o
c_uitol                                       00009f52   defined in (C:\Program Files (x86)\COSMIC\FSE_Compilers\CXSTM8\Lib\libm0.sm8)utol.o section .text
                                                         used in Release\stm8l15x_i2c.o
c_x                                           0000001e   defined in (C:\Program Files (x86)\COSMIC\FSE_Compilers\CXSTM8\Lib\libm0.sm8)xreg.o section .ubsct
                                                         used in C:\Program Files (x86)\COSMIC\FSE_Compilers\CXSTM8\Lib\crtsi0.sm8
                                                                 Release\stm8l15x_it.o
                                                                 (C:\Program Files (x86)\COSMIC\FSE_Compilers\CXSTM8\Lib\libm0.sm8)fdiv.o
                                                                 (C:\Program Files (x86)\COSMIC\FSE_Compilers\CXSTM8\Lib\libm0.sm8)fmul.o
                                                                 (C:\Program Files (x86)\COSMIC\FSE_Compilers\CXSTM8\Lib\libm0.sm8)lmul.o
                                                                 (C:\Program Files (x86)\COSMIC\FSE_Compilers\CXSTM8\Lib\libm0.sm8)ldiv.o
                                                                 (C:\Program Files (x86)\COSMIC\FSE_Compilers\CXSTM8\Lib\libm0.sm8)sdivx.o
c_y                                           00000021   defined in (C:\Program Files (x86)\COSMIC\FSE_Compilers\CXSTM8\Lib\libm0.sm8)yreg.o section .ubsct
                                                         used in C:\Program Files (x86)\COSMIC\FSE_Compilers\CXSTM8\Lib\crtsi0.sm8
                                                                 Release\stm8l15x_it.o
f_EXTI3_IRQHandler                            00008444   defined in Release\stm8l15x_it.o section .text
                                                         used in Release\stm8_interrupt_vector.o
f_EXTI5_IRQHandler                            0000846d   defined in Release\stm8l15x_it.o section .text
                                                         used in Release\stm8_interrupt_vector.o
f_EXTI6_IRQHandler                            000084a2   defined in Release\stm8l15x_it.o section .text
                                                         used in Release\stm8_interrupt_vector.o
f_FLASH_IRQHandler                            00008443   defined in Release\stm8l15x_it.o section .text
                                                         used in Release\stm8_interrupt_vector.o
f_I2C1_SPI2_IRQHandler                        00008579   defined in Release\stm8l15x_it.o section .text
                                                         used in Release\stm8_interrupt_vector.o
f_NonHandledInterrupt                         00008441   defined in Release\stm8l15x_it.o section .text
                                                         used in Release\stm8_interrupt_vector.o
f_TIM2_UPD_OVF_TRG_BRK_USART2_TX_IRQHandler   000084cf   defined in Release\stm8l15x_it.o section .text
                                                         used in Release\stm8_interrupt_vector.o
f_TIM3_UPD_OVF_TRG_BRK_USART3_TX_IRQHandler   000084ff   defined in Release\stm8l15x_it.o section .text
                                                         used in Release\stm8_interrupt_vector.o
f_TIM4_UPD_OVF_TRG_IRQHandler                 0000853a   defined in Release\stm8l15x_it.o section .text
                                                         used in Release\stm8_interrupt_vector.o
f_TRAP_IRQHandler                             00008442   defined in Release\stm8l15x_it.o section .text
                                                         used in Release\stm8_interrupt_vector.o
